ARM Linker, RVCT4.0 [Build 728] [Standard]

==============================================================================

Section Cross References

    stm32f10x_it.o(.text) refers to os_cpu_a.o(.text) for OS_CPU_SR_Save
    stm32f10x_it.o(.text) refers to ucos_ii.o(.text) for OSIntExit
    stm32f10x_it.o(.text) refers to stm32f10x_usart.o(.text) for USART_GetITStatus
    stm32f10x_it.o(.text) refers to uart_drv.o(.text) for uart1_rx_isr
    stm32f10x_it.o(.text) refers to ucos_ii.o(.data) for OSIntNesting
    stm32f10x_vector.o(STACK) refers (Special) to heapauxi.o(.text) for __use_two_region_memory
    stm32f10x_vector.o(HEAP) refers (Special) to heapauxi.o(.text) for __use_two_region_memory
    stm32f10x_vector.o(RESET) refers (Special) to heapauxi.o(.text) for __use_two_region_memory
    stm32f10x_vector.o(RESET) refers to stm32f10x_vector.o(STACK) for __initial_sp
    stm32f10x_vector.o(RESET) refers to stm32f10x_vector.o(.text) for Reset_Handler
    stm32f10x_vector.o(RESET) refers to stm32f10x_it.o(.text) for NMIException
    stm32f10x_vector.o(RESET) refers to os_cpu_a.o(.text) for OSPendSV
    stm32f10x_vector.o(RESET) refers to os_cpu_c.o(.text) for OS_CPU_SysTickHandler
    stm32f10x_vector.o(.text) refers (Special) to heapauxi.o(.text) for __use_two_region_memory
    stm32f10x_vector.o(.text) refers to __main.o(!!!main) for __main
    stm32f10x_vector.o(.text) refers to stm32f10x_vector.o(HEAP) for Heap_Mem
    stm32f10x_vector.o(.text) refers to stm32f10x_vector.o(STACK) for Stack_Mem
    os_cpu_a.o(.text) refers to os_cpu_c.o(.text) for OSTaskSwHook
    os_cpu_a.o(.text) refers to ucos_ii.o(.text) for OSIntExit
    os_cpu_a.o(.text) refers to ucos_ii.o(.data) for OSIntNesting
    os_cpu_c.o(.text) refers to _printf_percent.o(.ARM.Collect$$_printf_percent$$00000000) for _printf_percent
    os_cpu_c.o(.text) refers to _printf_d.o(.ARM.Collect$$_printf_percent$$00000009) for _printf_d
    os_cpu_c.o(.text) refers to _printf_s.o(.ARM.Collect$$_printf_percent$$00000014) for _printf_s
    os_cpu_c.o(.text) refers to _printf_dec.o(.text) for _printf_int_dec
    os_cpu_c.o(.text) refers to _printf_str.o(.text) for _printf_str
    os_cpu_c.o(.text) refers to gd_app_hook.o(.text) for App_TaskCreateHook
    os_cpu_c.o(.text) refers to ucos_ii.o(.text) for OSTaskNameGet
    os_cpu_c.o(.text) refers to noretval__2printf.o(.text) for __2printf
    os_cpu_c.o(.text) refers to os_cpu_a.o(.text) for OS_CPU_SR_Save
    os_cpu_c.o(.text) refers to os_cpu_c.o(.data) for .data
    os_cpu_c.o(.text) refers to ucos_ii.o(.data) for OSPrioCur
    ucos_ii.o(.text) refers to os_cpu_a.o(.text) for OS_CPU_SR_Save
    ucos_ii.o(.text) refers to ucos_ii.o(.data) for .data
    ucos_ii.o(.text) refers to ucos_ii.o(.bss) for .bss
    ucos_ii.o(.text) refers to ucos_ii.o(.constdata) for .constdata
    ucos_ii.o(.text) refers to os_cpu_c.o(.text) for OSTCBInitHook
    ucos_ii.o(.text) refers to os_dbg.o(.text) for OSDebugInit
    stm32f10x_gpio.o(.text) refers to stm32f10x_rcc.o(.text) for RCC_APB2PeriphResetCmd
    stm32f10x_nvic.o(.text) refers to cortexm3_macro.o(.text) for __SETPRIMASK
    stm32f10x_rcc.o(.text) refers to stm32f10x_rcc.o(.constdata) for .constdata
    stm32f10x_usart.o(.text) refers to stm32f10x_rcc.o(.text) for RCC_APB2PeriphResetCmd
    stm32f10x_pwr.o(.text) refers to stm32f10x_rcc.o(.text) for RCC_APB1PeriphResetCmd
    stm32f10x_pwr.o(.text) refers to cortexm3_macro.o(.text) for __WFI
    stm32f10x_tim.o(.text) refers to stm32f10x_rcc.o(.text) for RCC_APB1PeriphResetCmd
    stm32f10x_dac.o(.text) refers to stm32f10x_rcc.o(.text) for RCC_APB1PeriphResetCmd
    stm32f10x_adc.o(.text) refers to stm32f10x_rcc.o(.text) for RCC_APB2PeriphResetCmd
    stm32f10x_bkp.o(.text) refers to stm32f10x_rcc.o(.text) for RCC_BackupResetCmd
    stm32f10x_spi.o(.text) refers to stm32f10x_rcc.o(.text) for RCC_APB2PeriphResetCmd
    adc.o(.text) refers to _printf_percent.o(.ARM.Collect$$_printf_percent$$00000000) for _printf_percent
    adc.o(.text) refers to _printf_d.o(.ARM.Collect$$_printf_percent$$00000009) for _printf_d
    adc.o(.text) refers to _printf_dec.o(.text) for _printf_int_dec
    adc.o(.text) refers to gpio.o(.text) for gpio_init
    adc.o(.text) refers to stm32f10x_adc.o(.text) for ADC_GetConversionValue
    adc.o(.text) refers to noretval__2printf.o(.text) for __2printf
    adc.o(.text) refers to stm32f10x_rcc.o(.text) for RCC_APB2PeriphClockCmd
    aux_lib.o(.text) refers to _printf_percent.o(.ARM.Collect$$_printf_percent$$00000000) for _printf_percent
    aux_lib.o(.text) refers to _printf_d.o(.ARM.Collect$$_printf_percent$$00000009) for _printf_d
    aux_lib.o(.text) refers to _printf_s.o(.ARM.Collect$$_printf_percent$$00000014) for _printf_s
    aux_lib.o(.text) refers to _printf_dec.o(.text) for _printf_int_dec
    aux_lib.o(.text) refers to _printf_str.o(.text) for _printf_str
[...]
    SysTickHandler                           0x080002c5   Thumb Code     2  stm32f10x_it.o(.text)
    WWDG_IRQHandler                          0x080002c7   Thumb Code     2  stm32f10x_it.o(.text)
    PVD_IRQHandler                           0x080002c9   Thumb Code     2  stm32f10x_it.o(.text)
    TAMPER_IRQHandler                        0x080002cb   Thumb Code     2  stm32f10x_it.o(.text)
    RTC_IRQHandler                           0x080002cd   Thumb Code     2  stm32f10x_it.o(.text)
    FLASH_IRQHandler                         0x080002cf   Thumb Code     2  stm32f10x_it.o(.text)
    RCC_IRQHandler                           0x080002d1   Thumb Code     2  stm32f10x_it.o(.text)
    EXTI0_IRQHandler                         0x080002d3   Thumb Code     2  stm32f10x_it.o(.text)
    EXTI1_IRQHandler                         0x080002d5   Thumb Code     2  stm32f10x_it.o(.text)
    EXTI2_IRQHandler                         0x080002d7   Thumb Code     2  stm32f10x_it.o(.text)
    EXTI3_IRQHandler                         0x080002d9   Thumb Code    26  stm32f10x_it.o(.text)
    EXTI4_IRQHandler                         0x080002f3   Thumb Code     2  stm32f10x_it.o(.text)
    DMA1_Channel1_IRQHandler                 0x080002f5   Thumb Code     2  stm32f10x_it.o(.text)
    DMA1_Channel2_IRQHandler                 0x080002f7   Thumb Code     2  stm32f10x_it.o(.text)
    DMA1_Channel3_IRQHandler                 0x080002f9   Thumb Code     2  stm32f10x_it.o(.text)
    DMA1_Channel4_IRQHandler                 0x080002fb   Thumb Code     2  stm32f10x_it.o(.text)
    DMA1_Channel5_IRQHandler                 0x080002fd   Thumb Code     2  stm32f10x_it.o(.text)
    DMA1_Channel6_IRQHandler                 0x080002ff   Thumb Code     2  stm32f10x_it.o(.text)
    DMA1_Channel7_IRQHandler                 0x08000301   Thumb Code     2  stm32f10x_it.o(.text)
    ADC1_2_IRQHandler                        0x08000303   Thumb Code     2  stm32f10x_it.o(.text)
    USB_HP_CAN_TX_IRQHandler                 0x08000305   Thumb Code     2  stm32f10x_it.o(.text)
    USB_LP_CAN_RX0_IRQHandler                0x08000307   Thumb Code     2  stm32f10x_it.o(.text)
    CAN_RX1_IRQHandler                       0x08000309   Thumb Code     2  stm32f10x_it.o(.text)
    CAN_SCE_IRQHandler                       0x0800030b   Thumb Code     2  stm32f10x_it.o(.text)
    EXTI9_5_IRQHandler                       0x0800030d   Thumb Code    26  stm32f10x_it.o(.text)
    TIM1_BRK_IRQHandler                      0x08000327   Thumb Code     2  stm32f10x_it.o(.text)
    TIM1_UP_IRQHandler                       0x08000329   Thumb Code     2  stm32f10x_it.o(.text)
    TIM1_TRG_COM_IRQHandler                  0x0800032b   Thumb Code     2  stm32f10x_it.o(.text)
    TIM1_CC_IRQHandler                       0x0800032d   Thumb Code     2  stm32f10x_it.o(.text)
    TIM2_IRQHandler                          0x0800032f   Thumb Code    26  stm32f10x_it.o(.text)
    TIM3_IRQHandler                          0x08000349   Thumb Code     2  stm32f10x_it.o(.text)
    TIM4_IRQHandler                          0x0800034b   Thumb Code     2  stm32f10x_it.o(.text)
    I2C1_EV_IRQHandler                       0x0800034d   Thumb Code     2  stm32f10x_it.o(.text)
    I2C1_ER_IRQHandler                       0x0800034f   Thumb Code     2  stm32f10x_it.o(.text)
    I2C2_EV_IRQHandler                       0x08000351   Thumb Code     2  stm32f10x_it.o(.text)
    I2C2_ER_IRQHandler                       0x08000353   Thumb Code     2  stm32f10x_it.o(.text)
    SPI1_IRQHandler                          0x08000355   Thumb Code     2  stm32f10x_it.o(.text)
    SPI2_IRQHandler                          0x08000357   Thumb Code     2  stm32f10x_it.o(.text)
    USART1_IRQHandler                        0x08000359   Thumb Code    60  stm32f10x_it.o(.text)
    USART2_IRQHandler                        0x08000395   Thumb Code    60  stm32f10x_it.o(.text)
    USART3_IRQHandler                        0x080003d1   Thumb Code    48  stm32f10x_it.o(.text)
    EXTI15_10_IRQHandler                     0x08000401   Thumb Code    26  stm32f10x_it.o(.text)
    RTCAlarm_IRQHandler                      0x0800041b   Thumb Code     2  stm32f10x_it.o(.text)
    USBWakeUp_IRQHandler                     0x0800041d   Thumb Code     2  stm32f10x_it.o(.text)
    TIM8_BRK_IRQHandler                      0x0800041f   Thumb Code     2  stm32f10x_it.o(.text)
    TIM8_UP_IRQHandler                       0x08000421   Thumb Code     2  stm32f10x_it.o(.text)
    TIM8_TRG_COM_IRQHandler                  0x08000423   Thumb Code     2  stm32f10x_it.o(.text)
    TIM8_CC_IRQHandler                       0x08000425   Thumb Code     2  stm32f10x_it.o(.text)
    ADC3_IRQHandler                          0x08000427   Thumb Code     2  stm32f10x_it.o(.text)
    FSMC_IRQHandler                          0x08000429   Thumb Code     2  stm32f10x_it.o(.text)
    SDIO_IRQHandler                          0x0800042b   Thumb Code    26  stm32f10x_it.o(.text)
    TIM5_IRQHandler                          0x08000445   Thumb Code     2  stm32f10x_it.o(.text)
    SPI3_IRQHandler                          0x08000447   Thumb Code     2  stm32f10x_it.o(.text)
    UART4_IRQHandler                         0x08000449   Thumb Code     2  stm32f10x_it.o(.text)
    UART5_IRQHandler                         0x0800044b   Thumb Code     2  stm32f10x_it.o(.text)
    TIM6_IRQHandler                          0x0800044d   Thumb Code     2  stm32f10x_it.o(.text)
    TIM7_IRQHandler                          0x0800044f   Thumb Code     2  stm32f10x_it.o(.text)
    DMA2_Channel1_IRQHandler                 0x08000451   Thumb Code     2  stm32f10x_it.o(.text)
    DMA2_Channel2_IRQHandler                 0x08000453   Thumb Code     2  stm32f10x_it.o(.text)
    DMA2_Channel3_IRQHandler                 0x08000455   Thumb Code     2  stm32f10x_it.o(.text)
    DMA2_Channel4_5_IRQHandler               0x08000457   Thumb Code     2  stm32f10x_it.o(.text)
    Reset_Handler                            0x08000469   Thumb Code    88  stm32f10x_vector.o(.text)
    __user_initial_stackheap                 0x080004c1   Thumb Code     0  stm32f10x_vector.o(.text)
    OS_CPU_SR_Save                           0x08000521   Thumb Code     0  os_cpu_a.o(.text)
    OS_CPU_SR_Restore                        0x08000529   Thumb Code     0  os_cpu_a.o(.text)
    OSStartHighRdy                           0x0800052f   Thumb Code     0  os_cpu_a.o(.text)
    OSCtxSw                                  0x0800054f   Thumb Code     0  os_cpu_a.o(.text)
    OSIntCtxSw                               0x08000559   Thumb Code     0  os_cpu_a.o(.text)
    OSPendSV                                 0x08000563   Thumb Code     0  os_cpu_a.o(.text)
    OSInitHookBegin                          0x080005c9   Thumb Code     8  os_cpu_c.o(.text)
    OSInitHookEnd                            0x080005d1   Thumb Code     2  os_cpu_c.o(.text)
    OSTaskCreateHook                         0x080005d3   Thumb Code     4  os_cpu_c.o(.text)
    OSTaskDelHook                            0x080005d7   Thumb Code     4  os_cpu_c.o(.text)
    OSTaskIdleHook                           0x080005db   Thumb Code     4  os_cpu_c.o(.text)
    OSTaskStatHook                           0x080005df   Thumb Code     4  os_cpu_c.o(.text)
    OSTaskEndSelf                            0x080005e3   Thumb Code    66  os_cpu_c.o(.text)
    OSTaskStkInit                            0x08000625   Thumb Code   114  os_cpu_c.o(.text)
    OSTaskSwHook                             0x08000697   Thumb Code     4  os_cpu_c.o(.text)
    OSTCBInitHook                            0x0800069b   Thumb Code     4  os_cpu_c.o(.text)
    OSTimeTickHook                           0x0800069f   Thumb Code    34  os_cpu_c.o(.text)
    OS_CPU_SysTickHandler                    0x080006c1   Thumb Code    30  os_cpu_c.o(.text)
    OS_CPU_ClkFreq                           0x080006df   Thumb Code    78  os_cpu_c.o(.text)
    OS_CPU_SysTickInit                       0x0800072d   Thumb Code    40  os_cpu_c.o(.text)
    OSDebugInit                              0x080007a1   Thumb Code     2  os_dbg.o(.text)
    OS_StrCopy                               0x080007a5   Thumb Code    28  ucos_ii.o(.text)
    OSEventNameGet                           0x080007c1   Thumb Code    96  ucos_ii.o(.text)
    OS_StrLen                                0x08000821   Thumb Code    20  ucos_ii.o(.text)
    OSEventNameSet                           0x08000835   Thumb Code   104  ucos_ii.o(.text)
    OS_EventTaskRemoveMulti                  0x0800089d   Thumb Code    42  ucos_ii.o(.text)
    OS_Sched                                 0x080008c7   Thumb Code    64  ucos_ii.o(.text)
    OS_EventTaskWaitMulti                    0x08000907   Thumb Code    92  ucos_ii.o(.text)
    OSEventPendMulti                         0x08000963   Thumb Code   434  ucos_ii.o(.text)
    OSTaskNameSet                            0x08000b15   Thumb Code   126  ucos_ii.o(.text)
    OS_EventTaskRemove                       0x08000b93   Thumb Code    36  ucos_ii.o(.text)
    OS_EventTaskRdy                          0x08000bb7   Thumb Code   126  ucos_ii.o(.text)
    OSSemPost                                0x08000c35   Thumb Code    88  ucos_ii.o(.text)
    OS_EventTaskWait                         0x08000d05   Thumb Code    80  ucos_ii.o(.text)
    OSSemPend                                0x08000d55   Thumb Code   184  ucos_ii.o(.text)
    OS_TCBInit                               0x08000e73   Thumb Code   234  ucos_ii.o(.text)
    OS_TaskStkClr                            0x08000f5d   Thumb Code    22  ucos_ii.o(.text)
    OSTaskCreateExt                          0x08000f73   Thumb Code   160  ucos_ii.o(.text)
    OS_EventWaitListInit                     0x08001013   Thumb Code    22  ucos_ii.o(.text)
    OSSemCreate                              0x08001029   Thumb Code    58  ucos_ii.o(.text)
    OS_MemClr                                0x08001063   Thumb Code    18  ucos_ii.o(.text)
    OSTmr_Init                               0x08001075   Thumb Code   176  ucos_ii.o(.text)
    OSTimeDly                                0x08001125   Thumb Code    72  ucos_ii.o(.text)
    OSTaskStkChk                             0x0800116d   Thumb Code   116  ucos_ii.o(.text)
    OS_TaskStatStkChk                        0x080011e1   Thumb Code    50  ucos_ii.o(.text)
    OSTaskSuspend                            0x08001213   Thumb Code   144  ucos_ii.o(.text)
    OS_TaskStat                              0x080012a3   Thumb Code    84  ucos_ii.o(.text)
    OS_TaskIdle                              0x080012f7   Thumb Code    24  ucos_ii.o(.text)
    OS_QInit                                 0x0800130f   Thumb Code    46  ucos_ii.o(.text)
    OS_MemInit                               0x0800133d   Thumb Code    60  ucos_ii.o(.text)
    OSInit                                   0x08001379   Thumb Code   376  ucos_ii.o(.text)
    OSIntEnter                               0x080014f1   Thumb Code    20  ucos_ii.o(.text)
    OSIntExit                                0x08001505   Thumb Code    82  ucos_ii.o(.text)
    OSSchedLock                              0x08001557   Thumb Code    38  ucos_ii.o(.text)
    OSSchedUnlock                            0x0800157d   Thumb Code    54  ucos_ii.o(.text)
    OSStart                                  0x080015b3   Thumb Code    38  ucos_ii.o(.text)
    OSStatInit                               0x080015d9   Thumb Code    48  ucos_ii.o(.text)
    OSTimeTick                               0x08001609   Thumb Code   168  ucos_ii.o(.text)
    OSVersion                                0x080016b1   Thumb Code     6  ucos_ii.o(.text)
    OS_Dummy                                 0x080016b7   Thumb Code     2  ucos_ii.o(.text)
    OS_MemCopy                               0x080016b9   Thumb Code    20  ucos_ii.o(.text)
    OSMemCreate                              0x080016cd   Thumb Code   116  ucos_ii.o(.text)
    OSMemGet                                 0x08001741   Thumb Code    58  ucos_ii.o(.text)
    OSMemNameGet                             0x0800177b   Thumb Code    72  ucos_ii.o(.text)
    OSMemNameSet                             0x080017c3   Thumb Code    82  ucos_ii.o(.text)
    OSMemPut                                 0x08001815   Thumb Code    58  ucos_ii.o(.text)
    OSMemQuery                               0x0800184f   Thumb Code   112  ucos_ii.o(.text)
    OSQAccept                                0x080018bf   Thumb Code    84  ucos_ii.o(.text)
    OSQCreate                                0x08001913   Thumb Code   112  ucos_ii.o(.text)
    OSQDel                                   0x08001983   Thumb Code   236  ucos_ii.o(.text)
    OSQFlush                                 0x08001a6f   Thumb Code    44  ucos_ii.o(.text)
    OSQPend                                  0x08001a9b   Thumb Code   218  ucos_ii.o(.text)
    OSQPendAbort                             0x08001b75   Thumb Code   116  ucos_ii.o(.text)
    OSQPost                                  0x08001be9   Thumb Code   112  ucos_ii.o(.text)
    OSQPostFront                             0x08001c59   Thumb Code   110  ucos_ii.o(.text)
    OSQPostOpt                               0x08001cc7   Thumb Code   174  ucos_ii.o(.text)
    OSQQuery                                 0x08001d75   Thumb Code    90  ucos_ii.o(.text)
    OSSemAccept                              0x08001dcf   Thumb Code    36  ucos_ii.o(.text)
    OSSemDel                                 0x08001df3   Thumb Code   210  ucos_ii.o(.text)
    OSSemPendAbort                           0x08001ec5   Thumb Code   116  ucos_ii.o(.text)
    OSSemQuery                               0x08001f39   Thumb Code    74  ucos_ii.o(.text)
    OSSemSet                                 0x08001f83   Thumb Code    60  ucos_ii.o(.text)
    OSTaskChangePrio                         0x08001fbf   Thumb Code   328  ucos_ii.o(.text)
    OSTaskCreate                             0x08002107   Thumb Code   130  ucos_ii.o(.text)
    OSTaskDel                                0x08002189   Thumb Code   262  ucos_ii.o(.text)
    OSTaskDelReq                             0x0800228f   Thumb Code    90  ucos_ii.o(.text)
    OSTaskNameGet                            0x080022e9   Thumb Code   112  ucos_ii.o(.text)
    OSTaskResume                             0x08002359   Thumb Code   140  ucos_ii.o(.text)
    OSTaskQuery                              0x080023e5   Thumb Code    92  ucos_ii.o(.text)
    OSTimeDlyHMSM                            0x08002441   Thumb Code   128  ucos_ii.o(.text)
    OSTimeDlyResume                          0x080024c1   Thumb Code   140  ucos_ii.o(.text)
    OSTimeGet                                0x0800254d   Thumb Code    18  ucos_ii.o(.text)
    OSTimeSet                                0x0800255f   Thumb Code    20  ucos_ii.o(.text)
    OSTmrCreate                              0x08002573   Thumb Code   198  ucos_ii.o(.text)
    OSTmrDel                                 0x0800266d   Thumb Code   102  ucos_ii.o(.text)
    OSTmrNameGet                             0x080026d3   Thumb Code   110  ucos_ii.o(.text)
    OSTmrRemainGet                           0x08002741   Thumb Code   130  ucos_ii.o(.text)
    OSTmrStateGet                            0x080027c3   Thumb Code    88  ucos_ii.o(.text)
    OSTmrStart                               0x0800281b   Thumb Code   104  ucos_ii.o(.text)
    OSTmrStop                                0x08002883   Thumb Code   150  ucos_ii.o(.text)
    OSTmrSignal                              0x08002919   Thumb Code     8  ucos_ii.o(.text)
    FLASH_SetLatency                         0x08002959   Thumb Code    18  stm32f10x_flash.o(.text)
    FLASH_HalfCycleAccessCmd                 0x0800296b   Thumb Code    18  stm32f10x_flash.o(.text)
    FLASH_PrefetchBufferCmd                  0x0800297d   Thumb Code    18  stm32f10x_flash.o(.text)
    FLASH_Unlock                             0x0800298f   Thumb Code    12  stm32f10x_flash.o(.text)
    FLASH_Lock                               0x0800299b   Thumb Code    12  stm32f10x_flash.o(.text)
    FLASH_GetStatus                          0x080029a7   Thumb Code    34  stm32f10x_flash.o(.text)
    FLASH_WaitForLastOperation               0x080029c9   Thumb Code    40  stm32f10x_flash.o(.text)
    FLASH_ErasePage                          0x080029f1   Thumb Code    60  stm32f10x_flash.o(.text)
    FLASH_EraseAllPages                      0x08002a2d   Thumb Code    56  stm32f10x_flash.o(.text)
    FLASH_EraseOptionBytes                   0x08002a65   Thumb Code   100  stm32f10x_flash.o(.text)
    FLASH_ProgramWord                        0x08002ac9   Thumb Code    64  stm32f10x_flash.o(.text)
    FLASH_ProgramHalfWord                    0x08002b09   Thumb Code    50  stm32f10x_flash.o(.text)
    FLASH_ProgramOptionByteData              0x08002b3b   Thumb Code    58  stm32f10x_flash.o(.text)
    FLASH_EnableWriteProtection              0x08002b75   Thumb Code   150  stm32f10x_flash.o(.text)
    FLASH_ReadOutProtection                  0x08002c0b   Thumb Code   120  stm32f10x_flash.o(.text)
    FLASH_UserOptionByteConfig               0x08002c83   Thumb Code    72  stm32f10x_flash.o(.text)
    FLASH_GetUserOptionByte                  0x08002ccb   Thumb Code     8  stm32f10x_flash.o(.text)
    FLASH_GetWriteProtectionOptionByte       0x08002cd3   Thumb Code     6  stm32f10x_flash.o(.text)
    FLASH_GetReadOutProtectionStatus         0x08002cd9   Thumb Code    14  stm32f10x_flash.o(.text)
    FLASH_GetPrefetchBufferStatus            0x08002ce7   Thumb Code    14  stm32f10x_flash.o(.text)
    FLASH_ITConfig                           0x08002cf5   Thumb Code    18  stm32f10x_flash.o(.text)
    FLASH_GetFlagStatus                      0x08002d07   Thumb Code    28  stm32f10x_flash.o(.text)
    FLASH_ClearFlag                          0x08002d23   Thumb Code     6  stm32f10x_flash.o(.text)
    GPIO_DeInit                              0x08002d41   Thumb Code   152  stm32f10x_gpio.o(.text)
    GPIO_AFIODeInit                          0x08002dd9   Thumb Code    22  stm32f10x_gpio.o(.text)
    GPIO_Init                                0x08002def   Thumb Code   156  stm32f10x_gpio.o(.text)
    GPIO_StructInit                          0x08002e8b   Thumb Code    16  stm32f10x_gpio.o(.text)
    GPIO_ReadInputDataBit                    0x08002e9b   Thumb Code    14  stm32f10x_gpio.o(.text)
    GPIO_ReadInputData                       0x08002ea9   Thumb Code     6  stm32f10x_gpio.o(.text)
    GPIO_ReadOutputDataBit                   0x08002eaf   Thumb Code    14  stm32f10x_gpio.o(.text)
    GPIO_ReadOutputData                      0x08002ebd   Thumb Code     6  stm32f10x_gpio.o(.text)
    GPIO_SetBits                             0x08002ec3   Thumb Code     4  stm32f10x_gpio.o(.text)
    GPIO_ResetBits                           0x08002ec7   Thumb Code     4  stm32f10x_gpio.o(.text)
    GPIO_WriteBit                            0x08002ecb   Thumb Code    10  stm32f10x_gpio.o(.text)
    GPIO_Write                               0x08002ed5   Thumb Code     4  stm32f10x_gpio.o(.text)
    GPIO_PinLockConfig                       0x08002ed9   Thumb Code    16  stm32f10x_gpio.o(.text)
    GPIO_EventOutputConfig                   0x08002ee9   Thumb Code    22  stm32f10x_gpio.o(.text)
    GPIO_EventOutputCmd                      0x08002eff   Thumb Code     6  stm32f10x_gpio.o(.text)
    GPIO_PinRemapConfig                      0x08002f05   Thumb Code    66  stm32f10x_gpio.o(.text)
    GPIO_EXTILineConfig                      0x08002f47   Thumb Code    34  stm32f10x_gpio.o(.text)
    NVIC_DeInit                              0x08002f79   Thumb Code    44  stm32f10x_nvic.o(.text)
    NVIC_SCBDeInit                           0x08002fa5   Thumb Code    58  stm32f10x_nvic.o(.text)
    NVIC_PriorityGroupConfig                 0x08002fdf   Thumb Code    10  stm32f10x_nvic.o(.text)
    NVIC_Init                                0x08002fe9   Thumb Code   116  stm32f10x_nvic.o(.text)
    NVIC_StructInit                          0x0800305d   Thumb Code    12  stm32f10x_nvic.o(.text)
    NVIC_SETPRIMASK                          0x08003069   Thumb Code     4  stm32f10x_nvic.o(.text)
    NVIC_RESETPRIMASK                        0x0800306d   Thumb Code     4  stm32f10x_nvic.o(.text)
    NVIC_SETFAULTMASK                        0x08003071   Thumb Code     4  stm32f10x_nvic.o(.text)
    NVIC_RESETFAULTMASK                      0x08003075   Thumb Code     4  stm32f10x_nvic.o(.text)
    NVIC_BASEPRICONFIG                       0x08003079   Thumb Code     6  stm32f10x_nvic.o(.text)
    NVIC_GetBASEPRI                          0x0800307f   Thumb Code     4  stm32f10x_nvic.o(.text)
    NVIC_GetCurrentPendingIRQChannel         0x08003083   Thumb Code    10  stm32f10x_nvic.o(.text)
    NVIC_GetIRQChannelPendingBitStatus       0x0800308d   Thumb Code    34  stm32f10x_nvic.o(.text)
    NVIC_SetIRQChannelPendingBit             0x080030af   Thumb Code     6  stm32f10x_nvic.o(.text)
    NVIC_ClearIRQChannelPendingBit           0x080030b5   Thumb Code    24  stm32f10x_nvic.o(.text)
    NVIC_GetCurrentActiveHandler             0x080030cd   Thumb Code    10  stm32f10x_nvic.o(.text)
    NVIC_GetIRQChannelActiveBitStatus        0x080030d7   Thumb Code    34  stm32f10x_nvic.o(.text)
    NVIC_GetCPUID                            0x080030f9   Thumb Code     6  stm32f10x_nvic.o(.text)
    NVIC_SetVectorTable                      0x080030ff   Thumb Code    12  stm32f10x_nvic.o(.text)
    NVIC_GenerateSystemReset                 0x0800310b   Thumb Code    10  stm32f10x_nvic.o(.text)
    NVIC_GenerateCoreReset                   0x08003115   Thumb Code    10  stm32f10x_nvic.o(.text)
    NVIC_SystemLPConfig                      0x0800311f   Thumb Code    24  stm32f10x_nvic.o(.text)
    NVIC_SystemHandlerConfig                 0x08003137   Thumb Code    32  stm32f10x_nvic.o(.text)
    NVIC_SystemHandlerPriorityConfig         0x08003157   Thumb Code    80  stm32f10x_nvic.o(.text)
    NVIC_GetSystemHandlerPendingBitStatus    0x080031a7   Thumb Code    28  stm32f10x_nvic.o(.text)
    NVIC_SetSystemHandlerPendingBit          0x080031c3   Thumb Code    24  stm32f10x_nvic.o(.text)
    NVIC_ClearSystemHandlerPendingBit        0x080031db   Thumb Code    28  stm32f10x_nvic.o(.text)
    NVIC_GetSystemHandlerActiveBitStatus     0x080031f7   Thumb Code    28  stm32f10x_nvic.o(.text)
    NVIC_GetFaultHandlerSources              0x08003213   Thumb Code    52  stm32f10x_nvic.o(.text)
    NVIC_GetFaultAddress                     0x08003247   Thumb Code    22  stm32f10x_nvic.o(.text)
    RCC_DeInit                               0x0800327d   Thumb Code    48  stm32f10x_rcc.o(.text)
    RCC_HSEConfig                            0x080032ad   Thumb Code    48  stm32f10x_rcc.o(.text)
    RCC_GetFlagStatus                        0x080032dd   Thumb Code    42  stm32f10x_rcc.o(.text)
    RCC_WaitForHSEStartUp                    0x08003307   Thumb Code    36  stm32f10x_rcc.o(.text)
    RCC_AdjustHSICalibrationValue            0x0800332b   Thumb Code    16  stm32f10x_rcc.o(.text)
    RCC_HSICmd                               0x0800333b   Thumb Code     6  stm32f10x_rcc.o(.text)
    RCC_PLLConfig                            0x08003341   Thumb Code    16  stm32f10x_rcc.o(.text)
    RCC_PLLCmd                               0x08003351   Thumb Code     6  stm32f10x_rcc.o(.text)
    RCC_SYSCLKConfig                         0x08003357   Thumb Code    14  stm32f10x_rcc.o(.text)
    RCC_GetSYSCLKSource                      0x08003365   Thumb Code    10  stm32f10x_rcc.o(.text)
    RCC_HCLKConfig                           0x0800336f   Thumb Code    14  stm32f10x_rcc.o(.text)
    RCC_PCLK1Config                          0x0800337d   Thumb Code    14  stm32f10x_rcc.o(.text)
    RCC_PCLK2Config                          0x0800338b   Thumb Code    16  stm32f10x_rcc.o(.text)
    RCC_ITConfig                             0x0800339b   Thumb Code    18  stm32f10x_rcc.o(.text)
    RCC_USBCLKConfig                         0x080033ad   Thumb Code     6  stm32f10x_rcc.o(.text)
    RCC_ADCCLKConfig                         0x080033b3   Thumb Code    14  stm32f10x_rcc.o(.text)
    RCC_LSEConfig                            0x080033c1   Thumb Code    26  stm32f10x_rcc.o(.text)
    RCC_LSICmd                               0x080033db   Thumb Code     6  stm32f10x_rcc.o(.text)
    RCC_RTCCLKConfig                         0x080033e1   Thumb Code    10  stm32f10x_rcc.o(.text)
    RCC_RTCCLKCmd                            0x080033eb   Thumb Code     6  stm32f10x_rcc.o(.text)
    RCC_GetClocksFreq                        0x080033f1   Thumb Code   132  stm32f10x_rcc.o(.text)
    RCC_AHBPeriphClockCmd                    0x08003475   Thumb Code    18  stm32f10x_rcc.o(.text)
    RCC_APB2PeriphClockCmd                   0x08003487   Thumb Code    18  stm32f10x_rcc.o(.text)
    RCC_APB1PeriphClockCmd                   0x08003499   Thumb Code    18  stm32f10x_rcc.o(.text)
    RCC_APB2PeriphResetCmd                   0x080034ab   Thumb Code    18  stm32f10x_rcc.o(.text)
    RCC_APB1PeriphResetCmd                   0x080034bd   Thumb Code    18  stm32f10x_rcc.o(.text)
    RCC_BackupResetCmd                       0x080034cf   Thumb Code     6  stm32f10x_rcc.o(.text)
    RCC_ClockSecuritySystemCmd               0x080034d5   Thumb Code     6  stm32f10x_rcc.o(.text)
    RCC_MCOConfig                            0x080034db   Thumb Code     6  stm32f10x_rcc.o(.text)
    RCC_ClearFlag                            0x080034e1   Thumb Code    12  stm32f10x_rcc.o(.text)
    RCC_GetITStatus                          0x080034ed   Thumb Code    16  stm32f10x_rcc.o(.text)
    RCC_ClearITPendingBit                    0x080034fd   Thumb Code     6  stm32f10x_rcc.o(.text)
    USART_DeInit                             0x08003535   Thumb Code    98  stm32f10x_usart.o(.text)
    USART_Init                               0x08003597   Thumb Code   134  stm32f10x_usart.o(.text)
    USART_StructInit                         0x0800361d   Thumb Code    22  stm32f10x_usart.o(.text)
    USART_ClockInit                          0x08003633   Thumb Code    30  stm32f10x_usart.o(.text)
    USART_ClockStructInit                    0x08003651   Thumb Code    12  stm32f10x_usart.o(.text)
    USART_Cmd                                0x0800365d   Thumb Code    20  stm32f10x_usart.o(.text)
    USART_ITConfig                           0x08003671   Thumb Code    48  stm32f10x_usart.o(.text)
    USART_DMACmd                             0x080036a1   Thumb Code    16  stm32f10x_usart.o(.text)
    USART_SetAddress                         0x080036b1   Thumb Code    16  stm32f10x_usart.o(.text)
    USART_WakeUpConfig                       0x080036c1   Thumb Code    16  stm32f10x_usart.o(.text)
    USART_ReceiverWakeUpCmd                  0x080036d1   Thumb Code    20  stm32f10x_usart.o(.text)
    USART_LINBreakDetectLengthConfig         0x080036e5   Thumb Code    16  stm32f10x_usart.o(.text)
    USART_LINCmd                             0x080036f5   Thumb Code    20  stm32f10x_usart.o(.text)
    USART_SendData                           0x08003709   Thumb Code     8  stm32f10x_usart.o(.text)
    USART_ReceiveData                        0x08003711   Thumb Code     8  stm32f10x_usart.o(.text)
    USART_SendBreak                          0x08003719   Thumb Code    10  stm32f10x_usart.o(.text)
    USART_SetGuardTime                       0x08003723   Thumb Code    16  stm32f10x_usart.o(.text)
    USART_SetPrescaler                       0x08003733   Thumb Code    16  stm32f10x_usart.o(.text)
    USART_SmartCardCmd                       0x08003743   Thumb Code    20  stm32f10x_usart.o(.text)
    USART_SmartCardNACKCmd                   0x08003757   Thumb Code    20  stm32f10x_usart.o(.text)
    USART_HalfDuplexCmd                      0x0800376b   Thumb Code    20  stm32f10x_usart.o(.text)
    USART_IrDAConfig                         0x0800377f   Thumb Code    16  stm32f10x_usart.o(.text)
    USART_IrDACmd                            0x0800378f   Thumb Code    20  stm32f10x_usart.o(.text)
    USART_GetFlagStatus                      0x080037a3   Thumb Code    14  stm32f10x_usart.o(.text)
    USART_ClearFlag                          0x080037b1   Thumb Code     6  stm32f10x_usart.o(.text)
    USART_GetITStatus                        0x080037b7   Thumb Code    62  stm32f10x_usart.o(.text)
    USART_ClearITPendingBit                  0x080037f5   Thumb Code    12  stm32f10x_usart.o(.text)
    PWR_DeInit                               0x0800380d   Thumb Code    24  stm32f10x_pwr.o(.text)
    PWR_BackupAccessCmd                      0x08003825   Thumb Code     6  stm32f10x_pwr.o(.text)
    PWR_PVDCmd                               0x0800382b   Thumb Code     6  stm32f10x_pwr.o(.text)
    PWR_PVDLevelConfig                       0x08003831   Thumb Code    14  stm32f10x_pwr.o(.text)
    PWR_WakeUpPinCmd                         0x0800383f   Thumb Code     6  stm32f10x_pwr.o(.text)
    PWR_EnterSTOPMode                        0x08003845   Thumb Code    34  stm32f10x_pwr.o(.text)
    PWR_EnterSTANDBYMode                     0x08003867   Thumb Code    32  stm32f10x_pwr.o(.text)
    PWR_GetFlagStatus                        0x08003887   Thumb Code    16  stm32f10x_pwr.o(.text)
    PWR_ClearFlag                            0x08003897   Thumb Code    12  stm32f10x_pwr.o(.text)
    TIM_DeInit                               0x080038b5   Thumb Code   170  stm32f10x_tim.o(.text)
    TIM_TimeBaseInit                         0x0800395f   Thumb Code    50  stm32f10x_tim.o(.text)
    TIM_OC1Init                              0x08003991   Thumb Code    88  stm32f10x_tim.o(.text)
    TIM_OC2Init                              0x080039e9   Thumb Code   116  stm32f10x_tim.o(.text)
    TIM_OC3Init                              0x08003a5d   Thumb Code   112  stm32f10x_tim.o(.text)
    TIM_OC4Init                              0x08003acd   Thumb Code    86  stm32f10x_tim.o(.text)
    TIM_SetIC4Prescaler                      0x08003b23   Thumb Code    18  stm32f10x_tim.o(.text)
    TIM_SetIC3Prescaler                      0x08003b35   Thumb Code    16  stm32f10x_tim.o(.text)
    TIM_SetIC2Prescaler                      0x08003b45   Thumb Code    18  stm32f10x_tim.o(.text)
    TIM_SetIC1Prescaler                      0x08003b83   Thumb Code    16  stm32f10x_tim.o(.text)
    TIM_ICInit                               0x08003b93   Thumb Code   152  stm32f10x_tim.o(.text)
    TIM_PWMIConfig                           0x08003c2b   Thumb Code   104  stm32f10x_tim.o(.text)
    TIM_BDTRConfig                           0x08003c93   Thumb Code    50  stm32f10x_tim.o(.text)
    TIM_TimeBaseStructInit                   0x08003cc5   Thumb Code    18  stm32f10x_tim.o(.text)
    TIM_OCStructInit                         0x08003cd7   Thumb Code    20  stm32f10x_tim.o(.text)
    TIM_ICStructInit                         0x08003ceb   Thumb Code    16  stm32f10x_tim.o(.text)
    TIM_BDTRStructInit                       0x08003cfb   Thumb Code    18  stm32f10x_tim.o(.text)
    TIM_Cmd                                  0x08003d0d   Thumb Code    22  stm32f10x_tim.o(.text)
    TIM_CtrlPWMOutputs                       0x08003d23   Thumb Code    22  stm32f10x_tim.o(.text)
    TIM_ITConfig                             0x08003d39   Thumb Code    16  stm32f10x_tim.o(.text)
    TIM_GenerateEvent                        0x08003d49   Thumb Code     4  stm32f10x_tim.o(.text)
    TIM_DMAConfig                            0x08003d4d   Thumb Code     8  stm32f10x_tim.o(.text)
    TIM_DMACmd                               0x08003d55   Thumb Code    16  stm32f10x_tim.o(.text)
    TIM_InternalClockConfig                  0x08003d65   Thumb Code    10  stm32f10x_tim.o(.text)
    TIM_SelectInputTrigger                   0x08003d6f   Thumb Code    12  stm32f10x_tim.o(.text)
    TIM_ITRxExternalClockConfig              0x08003d7b   Thumb Code    20  stm32f10x_tim.o(.text)
    TIM_TIxExternalClockConfig               0x08003d8f   Thumb Code    46  stm32f10x_tim.o(.text)
    TIM_ETRConfig                            0x08003dbd   Thumb Code    18  stm32f10x_tim.o(.text)
    TIM_ETRClockMode1Config                  0x08003dcf   Thumb Code    18  stm32f10x_tim.o(.text)
    TIM_ETRClockMode2Config                  0x08003de1   Thumb Code    18  stm32f10x_tim.o(.text)
    TIM_PrescalerConfig                      0x08003df3   Thumb Code     6  stm32f10x_tim.o(.text)
    TIM_CounterModeConfig                    0x08003df9   Thumb Code    14  stm32f10x_tim.o(.text)
    TIM_EncoderInterfaceConfig               0x08003e07   Thumb Code    44  stm32f10x_tim.o(.text)
    TIM_ForcedOC1Config                      0x08003e33   Thumb Code    12  stm32f10x_tim.o(.text)
    TIM_ForcedOC2Config                      0x08003e3f   Thumb Code    14  stm32f10x_tim.o(.text)
    TIM_ForcedOC3Config                      0x08003e4d   Thumb Code    12  stm32f10x_tim.o(.text)
    TIM_ForcedOC4Config                      0x08003e59   Thumb Code    14  stm32f10x_tim.o(.text)
    TIM_ARRPreloadConfig                     0x08003e67   Thumb Code    22  stm32f10x_tim.o(.text)
    TIM_SelectCOM                            0x08003e7d   Thumb Code    20  stm32f10x_tim.o(.text)
    TIM_SelectCCDMA                          0x08003e91   Thumb Code    20  stm32f10x_tim.o(.text)
    TIM_CCPreloadControl                     0x08003ea5   Thumb Code    20  stm32f10x_tim.o(.text)
    TIM_OC1PreloadConfig                     0x08003eb9   Thumb Code    12  stm32f10x_tim.o(.text)
    TIM_OC2PreloadConfig                     0x08003ec5   Thumb Code    14  stm32f10x_tim.o(.text)
    TIM_OC3PreloadConfig                     0x08003ed3   Thumb Code    12  stm32f10x_tim.o(.text)
    TIM_OC4PreloadConfig                     0x08003edf   Thumb Code    14  stm32f10x_tim.o(.text)
    TIM_OC1FastConfig                        0x08003eed   Thumb Code    12  stm32f10x_tim.o(.text)
    TIM_OC2FastConfig                        0x08003ef9   Thumb Code    14  stm32f10x_tim.o(.text)
    TIM_OC3FastConfig                        0x08003f07   Thumb Code    12  stm32f10x_tim.o(.text)
    TIM_OC4FastConfig                        0x08003f13   Thumb Code    14  stm32f10x_tim.o(.text)
    TIM_ClearOC1Ref                          0x08003f21   Thumb Code    12  stm32f10x_tim.o(.text)
    TIM_ClearOC2Ref                          0x08003f2d   Thumb Code    14  stm32f10x_tim.o(.text)
    TIM_ClearOC3Ref                          0x08003f3b   Thumb Code    12  stm32f10x_tim.o(.text)
    TIM_ClearOC4Ref                          0x08003f47   Thumb Code    14  stm32f10x_tim.o(.text)
    TIM_OC1PolarityConfig                    0x08003f55   Thumb Code    12  stm32f10x_tim.o(.text)
    TIM_OC1NPolarityConfig                   0x08003f61   Thumb Code    12  stm32f10x_tim.o(.text)
    TIM_OC2PolarityConfig                    0x08003f6d   Thumb Code    14  stm32f10x_tim.o(.text)
    TIM_OC2NPolarityConfig                   0x08003f7b   Thumb Code    14  stm32f10x_tim.o(.text)
    TIM_OC3PolarityConfig                    0x08003f89   Thumb Code    14  stm32f10x_tim.o(.text)
    TIM_OC3NPolarityConfig                   0x08003f97   Thumb Code    14  stm32f10x_tim.o(.text)
    TIM_OC4PolarityConfig                    0x08003fa5   Thumb Code    14  stm32f10x_tim.o(.text)
    TIM_CCxCmd                               0x08003fb3   Thumb Code    22  stm32f10x_tim.o(.text)
    TIM_CCxNCmd                              0x08003fc9   Thumb Code    22  stm32f10x_tim.o(.text)
    TIM_SelectOCxM                           0x08003fdf   Thumb Code    66  stm32f10x_tim.o(.text)
    TIM_UpdateDisableConfig                  0x08004021   Thumb Code    22  stm32f10x_tim.o(.text)
    TIM_UpdateRequestConfig                  0x08004037   Thumb Code    22  stm32f10x_tim.o(.text)
    TIM_SelectHallSensor                     0x0800404d   Thumb Code    20  stm32f10x_tim.o(.text)
    TIM_SelectOnePulseMode                   0x08004061   Thumb Code    18  stm32f10x_tim.o(.text)
    TIM_SelectOutputTrigger                  0x08004073   Thumb Code    16  stm32f10x_tim.o(.text)
    TIM_SelectSlaveMode                      0x08004083   Thumb Code    16  stm32f10x_tim.o(.text)
    TIM_SelectMasterSlaveMode                0x08004093   Thumb Code    16  stm32f10x_tim.o(.text)
    TIM_SetCounter                           0x080040a3   Thumb Code     4  stm32f10x_tim.o(.text)
    TIM_SetAutoreload                        0x080040a7   Thumb Code     4  stm32f10x_tim.o(.text)
    TIM_SetCompare1                          0x080040ab   Thumb Code     4  stm32f10x_tim.o(.text)
    TIM_SetCompare2                          0x080040af   Thumb Code     4  stm32f10x_tim.o(.text)
    TIM_SetCompare3                          0x080040b3   Thumb Code     4  stm32f10x_tim.o(.text)
    TIM_SetCompare4                          0x080040b7   Thumb Code     6  stm32f10x_tim.o(.text)
    TIM_SetClockDivision                     0x080040bd   Thumb Code    14  stm32f10x_tim.o(.text)
    TIM_GetCapture1                          0x080040cb   Thumb Code     4  stm32f10x_tim.o(.text)
    TIM_GetCapture2                          0x080040cf   Thumb Code     4  stm32f10x_tim.o(.text)
    TIM_GetCapture3                          0x080040d3   Thumb Code     4  stm32f10x_tim.o(.text)
    TIM_GetCapture4                          0x080040d7   Thumb Code     6  stm32f10x_tim.o(.text)
    TIM_GetCounter                           0x080040dd   Thumb Code     4  stm32f10x_tim.o(.text)
    TIM_GetPrescaler                         0x080040e1   Thumb Code     4  stm32f10x_tim.o(.text)
    TIM_GetFlagStatus                        0x080040e5   Thumb Code    14  stm32f10x_tim.o(.text)
    TIM_ClearFlag                            0x080040f3   Thumb Code     6  stm32f10x_tim.o(.text)
    TIM_GetITStatus                          0x080040f9   Thumb Code    24  stm32f10x_tim.o(.text)
    TIM_ClearITPendingBit                    0x08004111   Thumb Code     6  stm32f10x_tim.o(.text)
    ADC_DeInit                               0x08004141   Thumb Code    56  stm32f10x_adc.o(.text)
    ADC_Init                                 0x08004179   Thumb Code    62  stm32f10x_adc.o(.text)
    ADC_StructInit                           0x080041b7   Thumb Code    18  stm32f10x_adc.o(.text)
    ADC_Cmd                                  0x080041c9   Thumb Code    20  stm32f10x_adc.o(.text)
    ADC_DMACmd                               0x080041dd   Thumb Code    20  stm32f10x_adc.o(.text)
    ADC_ITConfig                             0x080041f1   Thumb Code    18  stm32f10x_adc.o(.text)
    ADC_ResetCalibration                     0x08004203   Thumb Code    10  stm32f10x_adc.o(.text)
    ADC_GetResetCalibrationStatus            0x0800420d   Thumb Code    14  stm32f10x_adc.o(.text)
    ADC_StartCalibration                     0x0800421b   Thumb Code    10  stm32f10x_adc.o(.text)
    ADC_GetCalibrationStatus                 0x08004225   Thumb Code    14  stm32f10x_adc.o(.text)
    ADC_SoftwareStartConvCmd                 0x08004233   Thumb Code    20  stm32f10x_adc.o(.text)
    ADC_GetSoftwareStartConvStatus           0x08004247   Thumb Code    14  stm32f10x_adc.o(.text)
    ADC_DiscModeChannelCountConfig           0x08004255   Thumb Code    16  stm32f10x_adc.o(.text)
    ADC_DiscModeCmd                          0x08004265   Thumb Code    20  stm32f10x_adc.o(.text)
    ADC_RegularChannelConfig                 0x08004279   Thumb Code   116  stm32f10x_adc.o(.text)
    ADC_ExternalTrigConvCmd                  0x080042ed   Thumb Code    20  stm32f10x_adc.o(.text)
    ADC_GetConversionValue                   0x08004301   Thumb Code     6  stm32f10x_adc.o(.text)
    ADC_GetDualModeConversionValue           0x08004307   Thumb Code     6  stm32f10x_adc.o(.text)
    ADC_AutoInjectedConvCmd                  0x0800430d   Thumb Code    20  stm32f10x_adc.o(.text)
    ADC_InjectedDiscModeCmd                  0x08004321   Thumb Code    20  stm32f10x_adc.o(.text)
    ADC_ExternalTrigInjectedConvConfig       0x08004335   Thumb Code    12  stm32f10x_adc.o(.text)
    ADC_ExternalTrigInjectedConvCmd          0x08004341   Thumb Code    20  stm32f10x_adc.o(.text)
    ADC_SoftwareStartInjectedConvCmd         0x08004355   Thumb Code    20  stm32f10x_adc.o(.text)
    ADC_GetSoftwareStartInjectedConvCmdStatus 0x08004369   Thumb Code    14  stm32f10x_adc.o(.text)
    ADC_InjectedChannelConfig                0x08004377   Thumb Code    74  stm32f10x_adc.o(.text)
    ADC_InjectedSequencerLengthConfig        0x080043c1   Thumb Code    16  stm32f10x_adc.o(.text)
    ADC_SetInjectedOffset                    0x080043d1   Thumb Code     4  stm32f10x_adc.o(.text)
    ADC_GetInjectedConversionValue           0x080043d5   Thumb Code     8  stm32f10x_adc.o(.text)
    ADC_AnalogWatchdogCmd                    0x080043dd   Thumb Code    12  stm32f10x_adc.o(.text)
    ADC_AnalogWatchdogThresholdsConfig       0x080043e9   Thumb Code     6  stm32f10x_adc.o(.text)
    ADC_AnalogWatchdogSingleChannelConfig    0x080043ef   Thumb Code    12  stm32f10x_adc.o(.text)
    ADC_TempSensorVrefintCmd                 0x080043fb   Thumb Code    26  stm32f10x_adc.o(.text)
    ADC_GetFlagStatus                        0x08004415   Thumb Code    14  stm32f10x_adc.o(.text)
    ADC_ClearFlag                            0x08004423   Thumb Code     6  stm32f10x_adc.o(.text)
    ADC_GetITStatus                          0x08004429   Thumb Code    28  stm32f10x_adc.o(.text)
    ADC_ClearITPendingBit                    0x08004445   Thumb Code     8  stm32f10x_adc.o(.text)
    BKP_DeInit                               0x08004465   Thumb Code    18  stm32f10x_bkp.o(.text)
    BKP_TamperPinLevelConfig                 0x08004477   Thumb Code     6  stm32f10x_bkp.o(.text)
    BKP_TamperPinCmd                         0x0800447d   Thumb Code     6  stm32f10x_bkp.o(.text)
    BKP_ITConfig                             0x08004483   Thumb Code     6  stm32f10x_bkp.o(.text)
    BKP_RTCOutputConfig                      0x08004489   Thumb Code    16  stm32f10x_bkp.o(.text)
    BKP_SetRTCCalibrationValue               0x08004499   Thumb Code    16  stm32f10x_bkp.o(.text)
    BKP_WriteBackupRegister                  0x080044a9   Thumb Code    10  stm32f10x_bkp.o(.text)
    BKP_ReadBackupRegister                   0x080044b3   Thumb Code    10  stm32f10x_bkp.o(.text)
    BKP_GetFlagStatus                        0x080044bd   Thumb Code     8  stm32f10x_bkp.o(.text)
    BKP_ClearFlag                            0x080044c5   Thumb Code    12  stm32f10x_bkp.o(.text)
    BKP_GetITStatus                          0x080044d1   Thumb Code     8  stm32f10x_bkp.o(.text)
    BKP_ClearITPendingBit                    0x080044d9   Thumb Code    12  stm32f10x_bkp.o(.text)
    RTC_ITConfig                             0x08004505   Thumb Code    22  stm32f10x_rtc.o(.text)
    RTC_EnterConfigMode                      0x0800451b   Thumb Code    12  stm32f10x_rtc.o(.text)
    RTC_ExitConfigMode                       0x08004527   Thumb Code    12  stm32f10x_rtc.o(.text)
    RTC_GetCounter                           0x08004533   Thumb Code    12  stm32f10x_rtc.o(.text)
    RTC_SetCounter                           0x0800453f   Thumb Code    22  stm32f10x_rtc.o(.text)
    RTC_SetPrescaler                         0x08004555   Thumb Code    24  stm32f10x_rtc.o(.text)
    RTC_SetAlarm                             0x0800456d   Thumb Code    22  stm32f10x_rtc.o(.text)
    RTC_GetDivider                           0x08004583   Thumb Code    16  stm32f10x_rtc.o(.text)
    RTC_WaitForLastTask                      0x08004593   Thumb Code    12  stm32f10x_rtc.o(.text)
    RTC_WaitForSynchro                       0x0800459f   Thumb Code    24  stm32f10x_rtc.o(.text)
    RTC_GetFlagStatus                        0x080045b7   Thumb Code    16  stm32f10x_rtc.o(.text)
    RTC_ClearFlag                            0x080045c7   Thumb Code    12  stm32f10x_rtc.o(.text)
    RTC_GetITStatus                          0x080045d3   Thumb Code    26  stm32f10x_rtc.o(.text)
    RTC_ClearITPendingBit                    0x080045ed   Thumb Code    12  stm32f10x_rtc.o(.text)
    adc_init                                 0x08004615   Thumb Code    26  adc.o(.text)
    adc_get_value                            0x0800462f   Thumb Code    34  adc.o(.text)
    adc_dbg                                  0x08004651   Thumb Code    18  adc.o(.text)
    NVIC_Configuration                       0x080046e5   Thumb Code    76  drv_init.o(.text)
    RCC_Configuration                        0x08004731   Thumb Code   144  drv_init.o(.text)
    rfid_init                                0x080047c1   Thumb Code     4  drv_init.o(.text)
    drv_all_init                             0x080047c5   Thumb Code    32  drv_init.o(.text)
    gpio_init                                0x080047e5   Thumb Code    50  gpio.o(.text)
    led_init                                 0x08004819   Thumb Code    40  led.o(.text)
    get_led_state                            0x08004841   Thumb Code    40  led.o(.text)
    set_led_state                            0x08004869   Thumb Code    56  led.o(.text)
    led_off                                  0x080048a1   Thumb Code    32  led.o(.text)
    led_on                                   0x080048c1   Thumb Code    32  led.o(.text)
    ferror                                   0x080048e9   Thumb Code     6  retarget.o(.text)
    _ttywrch                                 0x080048ef   Thumb Code     2  retarget.o(.text)
    _sys_exit                                0x080048f1   Thumb Code     2  retarget.o(.text)
    fgetc                                    0x080048f3   Thumb Code     4  retarget.o(.text)
    fputc                                    0x080048f7   Thumb Code     4  retarget.o(.text)
    __backspace                              0x080048fb   Thumb Code    40  retarget.o(.text)
    rtc_init                                 0x0800499b   Thumb Code    66  rtc.o(.text)
    time                                     0x080049dd   Thumb Code    16  rtc.o(.text)
    rtc_SetTime                              0x080049ed   Thumb Code    30  rtc.o(.text)
    hwtm_nvic_config                         0x08004a19   Thumb Code    34  tmr_drv.o(.text)
    hwtm_ctrl_config                         0x08004a3b   Thumb Code    90  tmr_drv.o(.text)
    hwtm_init                                0x08004a95   Thumb Code    14  tmr_drv.o(.text)
    hwtm_start                               0x08004aa3   Thumb Code    66  tmr_drv.o(.text)
    hwtm_pause                               0x08004ae5   Thumb Code    26  tmr_drv.o(.text)
    hwtm_stop                                0x08004aff   Thumb Code    26  tmr_drv.o(.text)
    hwtm_get_cnt                             0x08004b19   Thumb Code     8  tmr_drv.o(.text)
    hwtm_set_isr2                            0x08004b21   Thumb Code    10  tmr_drv.o(.text)
    hwtm_isr                                 0x08004b2b   Thumb Code    32  tmr_drv.o(.text)
    ZD1600_COMInit                           0x08004b51   Thumb Code   214  uart_drv.o(.text)
    uart_rx_itconf                           0x08004c27   Thumb Code    18  uart_drv.o(.text)
    uart_rx_bufset                           0x08004c39   Thumb Code    30  uart_drv.o(.text)
    uart1_rx_isr                             0x08004c57   Thumb Code    36  uart_drv.o(.text)
    uart1_tx_isr                             0x08004c7b   Thumb Code    46  uart_drv.o(.text)
    uart2_rx_isr                             0x08004ca9   Thumb Code    38  uart_drv.o(.text)
    uart2_tx_isr                             0x08004ccf   Thumb Code    48  uart_drv.o(.text)
    uart1_senddata                           0x08004cff   Thumb Code    54  uart_drv.o(.text)
    uart2_senddata                           0x08004d35   Thumb Code    56  uart_drv.o(.text)
    guart_rx_isr                             0x08004d6d   Thumb Code    74  uart_drv.o(.text)
    main                                     0x08004dcd   Thumb Code    40  main.o(.text)
    gd_get_config                            0x08004df5   Thumb Code     4  gd_config.o(.text)
    gd_task_config                           0x08004df9   Thumb Code     6  gd_config.o(.text)
    gd_component_init                        0x08004dff   Thumb Code    14  gd_com_init.o(.text)
    App_TaskCreateHook                       0x08004e0d   Thumb Code     2  gd_app_hook.o(.text)
    App_TaskDelHook                          0x08004e0f   Thumb Code     4  gd_app_hook.o(.text)
    App_TaskIdleHook                         0x08004e13   Thumb Code     2  gd_app_hook.o(.text)
    App_TaskStatHook                         0x08004e15   Thumb Code     8  gd_app_hook.o(.text)
    App_TaskSwHook                           0x08004e1d   Thumb Code    28  gd_app_hook.o(.text)
    App_TCBInitHook                          0x08004e39   Thumb Code     2  gd_app_hook.o(.text)
    App_TimeTickHook                         0x08004e3b   Thumb Code     2  gd_app_hook.o(.text)
    gd_task_led                              0x08004e49   Thumb Code   186  gd_led.o(.text)
    InitPSRAM                                0x08004f05   Thumb Code    62  gd_mem.o(.text)
    PutAddress                               0x08004f43   Thumb Code    56  gd_mem.o(.text)
    PutPSRAM                                 0x08004f7b   Thumb Code    42  gd_mem.o(.text)
    GetPSRAM                                 0x08004fa5   Thumb Code    34  gd_mem.o(.text)
    sp2gm_buf_full_process                   0x08004fc7   Thumb Code    46  gd_mem.o(.text)
    sp2gm_adjust_buf_pos                     0x08004ff5   Thumb Code    52  gd_mem.o(.text)
    sp2gm_cache_frame                        0x08005029   Thumb Code   132  gd_mem.o(.text)
    sp2gm_remove_frame                       0x080050ad   Thumb Code    72  gd_mem.o(.text)
    gm2sp_buf_full_process                   0x080050f5   Thumb Code    46  gd_mem.o(.text)
    gm2sp_adjust_buf_pos                     0x08005123   Thumb Code    52  gd_mem.o(.text)
    gm2sp_cache_frame                        0x08005157   Thumb Code   130  gd_mem.o(.text)
    gm2sp_remove_frame                       0x080051d9   Thumb Code    72  gd_mem.o(.text)
    gd_task_network                          0x08005249   Thumb Code   286  gd_network.o(.text)
    Run_Task                                 0x08005395   Thumb Code    66  gd_system.o(.text)
    gd_judge_work_mode                       0x080053d7   Thumb Code    16  gd_system.o(.text)
    gd_start_tasks                           0x080053e7   Thumb Code    46  gd_system.o(.text)
    gd_task_init                             0x08005415   Thumb Code    28  gd_system.o(.text)
    gd_start_init_task                       0x08005431   Thumb Code    14  gd_system.o(.text)
    gd_uart_init                             0x0800543f   Thumb Code    24  gd_system.o(.text)
    gd_guart_init                            0x08005457   Thumb Code    26  gd_system.o(.text)
    gd_system_init                           0x08005471   Thumb Code   258  gd_system.o(.text)
    gd_task_guart_rx                         0x08005595   Thumb Code   134  gd_guart.o(.text)
    guart_send_data_test                     0x0800561b   Thumb Code    72  gd_guart.o(.text)
    guart_send_data_dispose                  0x08005663   Thumb Code    70  gd_guart.o(.text)
    gd_task_guart                            0x080056a9   Thumb Code   154  gd_guart.o(.text)
    guart_recv_data_dispose                  0x08005743   Thumb Code    94  gd_guart.o(.text)
    recvAT                                   0x080057e5   Thumb Code    50  gd_gm.o(.text)
    delays                                   0x08005817   Thumb Code    12  gd_gm.o(.text)
    at_at                                    0x08005823   Thumb Code    38  gd_gm.o(.text)
    at_ate0                                  0x08005849   Thumb Code    38  gd_gm.o(.text)
    at_ate1                                  0x0800586f   Thumb Code    38  gd_gm.o(.text)
    at_tsim                                  0x08005895   Thumb Code    46  gd_gm.o(.text)
    at_csq                                   0x080058c3   Thumb Code    62  gd_gm.o(.text)
    at_iomode                                0x08005901   Thumb Code    70  gd_gm.o(.text)
    at_iomode_check                          0x08005947   Thumb Code   120  gd_gm.o(.text)
    gprsmodule_shutdown                      0x080059bf   Thumb Code     8  gd_gm.o(.text)
    gprsmodule_reset                         0x080059c7   Thumb Code    36  gd_gm.o(.text)
    gprs_bps_set                             0x080059eb   Thumb Code    58  gd_gm.o(.text)
    gprsmodule_init                          0x08005a25   Thumb Code   132  gd_gm.o(.text)
    gprs_tcpip_init                          0x08005aa9   Thumb Code   234  gd_gm.o(.text)
    gprs_tcpip_mode_init                     0x08005b93   Thumb Code    46  gd_gm.o(.text)
    gprs_tcpip_creat_connection              0x08005bc1   Thumb Code   422  gd_gm.o(.text)
    gprs_tcpip_creat_connection_n            0x08005d67   Thumb Code   162  gd_gm.o(.text)
    gprs_tcpip_close_connection              0x08005e09   Thumb Code    60  gd_gm.o(.text)
    gprs_tcpip_send                          0x08005e45   Thumb Code   142  gd_gm.o(.text)
    gprs_tcpip_request_data                  0x08005ed3   Thumb Code    74  gd_gm.o(.text)
    gprs_tcpip_recvbuf_query                 0x08005f1d   Thumb Code    62  gd_gm.o(.text)
    gprs_tcpip_recvbuf_delete                0x08005f5b   Thumb Code    92  gd_gm.o(.text)
    check_string                             0x08006075   Thumb Code    68  mystring.o(.text)
    ascii_to_hex                             0x080060b9   Thumb Code    88  mystring.o(.text)
    hex_to_ascii                             0x08006111   Thumb Code    66  mystring.o(.text)
    char_to_int                              0x08006153   Thumb Code    38  mystring.o(.text)
    check_sum_16                             0x08006179   Thumb Code    42  mystring.o(.text)
    gd_heart_beat_init                       0x080061a3   Thumb Code   108  mystring.o(.text)
    gd_frame_data_init                       0x0800620f   Thumb Code    70  mystring.o(.text)
    __I$use$semihosting                      0x0800629d   Thumb Code     0  use_no_semi.o(.text)
    __use_no_semihosting_swi                 0x0800629d   Thumb Code     2  use_no_semi.o(.text)
    __rt_ctype_table                         0x080062a1   Thumb Code    16  rt_ctype_table.o(.text)
    __2printf                                0x080062b1   Thumb Code    24  noretval__2printf.o(.text)
    __2sprintf                               0x080062d1   Thumb Code    34  noretval__2sprintf.o(.text)
    _printf_pre_padding                      0x080062f9   Thumb Code    44  _printf_pad.o(.text)
    _printf_post_padding                     0x08006325   Thumb Code    36  _printf_pad.o(.text)
    _printf_str                              0x08006349   Thumb Code    82  _printf_str.o(.text)
    _printf_int_dec                          0x0800639d   Thumb Code    98  _printf_dec.o(.text)
    __printf                                 0x08006411   Thumb Code   412  __printf_flags_ss_wp.o(.text)
    abort                                    0x080065b1   Thumb Code    16  abort.o(.text)
    strcat                                   0x080065c1   Thumb Code    24  strcat.o(.text)
    strcpy                                   0x080065d9   Thumb Code    74  strcpy.o(.text)
    strlen                                   0x08006623   Thumb Code    62  strlen.o(.text)
    __aeabi_memcpy                           0x08006661   Thumb Code     0  rt_memcpy_v6.o(.text)
    __rt_memcpy                              0x08006661   Thumb Code   140  rt_memcpy_v6.o(.text)
    _memcpy_lastbytes                        0x080066c9   Thumb Code     0  rt_memcpy_v6.o(.text)
    __aeabi_memcpy4                          0x080066ed   Thumb Code     0  rt_memcpy_w.o(.text)
    __aeabi_memcpy8                          0x080066ed   Thumb Code     0  rt_memcpy_w.o(.text)
    __rt_memcpy_w                            0x080066ed   Thumb Code   100  rt_memcpy_w.o(.text)
    _memcpy_lastbytes_aligned                0x08006735   Thumb Code     0  rt_memcpy_w.o(.text)
    __aeabi_memclr4                          0x08006751   Thumb Code     0  rt_memclr_w.o(.text)
    __aeabi_memclr8                          0x08006751   Thumb Code     0  rt_memclr_w.o(.text)
    __rt_memclr_w                            0x08006751   Thumb Code    78  rt_memclr_w.o(.text)
    _memset_w                                0x08006755   Thumb Code     0  rt_memclr_w.o(.text)
    mktime                                   0x080067d7   Thumb Code   352  mktime.o(.text)
    __use_two_region_memory                  0x08006941   Thumb Code     2  heapauxi.o(.text)
    __rt_heap_escrow$2region                 0x08006943   Thumb Code     2  heapauxi.o(.text)
    __rt_heap_expand$2region                 0x08006945   Thumb Code     2  heapauxi.o(.text)
    __rt_locale                              0x08006949   Thumb Code    12  rt_locale_intlibspace.o(.text)
    _printf_int_common                       0x08006955   Thumb Code   180  _printf_intcommon.o(.text)
    _printf_char_common                      0x08006a13   Thumb Code    34  _printf_char_common.o(.text)
    _sputc                                   0x08006a39   Thumb Code    10  _sputc.o(.text)
    _printf_cs_common                        0x08006a43   Thumb Code    20  _printf_char.o(.text)
    _printf_char                             0x08006a57   Thumb Code    16  _printf_char.o(.text)
    _printf_string                           0x08006a67   Thumb Code     8  _printf_char.o(.text)
    __rt_SIGABRT                             0x08006a6f   Thumb Code    14  defsig_abrt_outer.o(.text)
    __rt_udiv10                              0x08006a7d   Thumb Code    16  rtudiv10.o(.text)
    __user_libspace                          0x08006a8d   Thumb Code     8  libspace.o(.text)
    __user_perproc_libspace                  0x08006a8d   Thumb Code     0  libspace.o(.text)
    __user_perthread_libspace                0x08006a8d   Thumb Code     0  libspace.o(.text)
    __sig_exit                               0x08006a95   Thumb Code    10  defsig_exit.o(.text)
    __rt_SIGABRT_inner                       0x08006aa1   Thumb Code    14  defsig_abrt_inner.o(.text)
    strcmp                                   0x08006ad1   Thumb Code   128  strcmpv7m.o(.text)
    __user_setup_stackheap                   0x08006b51   Thumb Code    74  sys_stackheap_outer.o(.text)
    exit                                     0x08006b9b   Thumb Code    12  exit.o(.text)
    __default_signal_display                 0x08006ba7   Thumb Code    50  defsig_general.o(.text)
    __rt_fp_status_addr                      0x08006bd9   Thumb Code    12  rt_fp_status_addr_intlibspace.o(.text)
    _get_lc_ctype                            0x08006be5   Thumb Code    44  lc_ctype_c.o(locale$$code)
    _fp_init                                 0x08006c11   Thumb Code    14  fpinit.o(x$fpl$fpinit)
    __fplib_config_pureend_doubles           0x08006c1d   Thumb Code     0  fpinit.o(x$fpl$fpinit)
    OSUnMapTbl                               0x08006c1e   Data         256  ucos_ii.o(.constdata)
    COM_WordLength                           0x08006d34   Data           4  uart_drv.o(.constdata)
    COM_TX_PIN                               0x08006d38   Data           6  uart_drv.o(.constdata)
    COM_RX_PIN                               0x08006d3e   Data           6  uart_drv.o(.constdata)
    COM_Parity                               0x08006d44   Data           6  uart_drv.o(.constdata)
    COM_StopBits                             0x08006d4a   Data           8  uart_drv.o(.constdata)
    COM_HwFlowControl                        0x08006d52   Data           8  uart_drv.o(.constdata)
    COM_USART_CLK                            0x08006d5c   Data          12  uart_drv.o(.constdata)
    COM_POR_CLK                              0x08006d68   Data          12  uart_drv.o(.constdata)
    GD_DEVMAC                                0x08006d74   Data           6  gd_system.o(.constdata)
    _monlen                                  0x08006d8b   Data          12  _monlen.o(.constdata)
    Region$$Table$$Base                      0x08006e40   Number         0  anon$$obj.o(Region$$Table)
    Region$$Table$$Limit                     0x08006e60   Number         0  anon$$obj.o(Region$$Table)
    __ctype                                  0x08006e6d   Data           0  lc_ctype_c.o(locale$$data)
    OSCPUUsage                               0x20000004   Data           1  ucos_ii.o(.data)
    OSStatRdy                                0x20000005   Data           1  ucos_ii.o(.data)
    OSIntNesting                             0x20000006   Data           1  ucos_ii.o(.data)
    OSLockNesting                            0x20000007   Data           1  ucos_ii.o(.data)
    OSPrioCur                                0x20000008   Data           1  ucos_ii.o(.data)
    OSPrioHighRdy                            0x20000009   Data           1  ucos_ii.o(.data)
    OSRdyGrp                                 0x2000000a   Data           1  ucos_ii.o(.data)
    OSRunning                                0x2000000b   Data           1  ucos_ii.o(.data)
    OSTaskCtr                                0x2000000c   Data           1  ucos_ii.o(.data)
    OSTickStepState                          0x2000000d   Data           1  ucos_ii.o(.data)
    OSTmrFree                                0x2000000e   Data           2  ucos_ii.o(.data)
    OSTmrUsed                                0x20000010   Data           2  ucos_ii.o(.data)
    OSCtxSwCtr                               0x20000014   Data           4  ucos_ii.o(.data)
    OSEventFreeList                          0x20000018   Data           4  ucos_ii.o(.data)
    OSIdleCtrMax                             0x2000001c   Data           4  ucos_ii.o(.data)
    OSIdleCtrRun                             0x20000020   Data           4  ucos_ii.o(.data)
    OSRdyTbl                                 0x20000024   Data           4  ucos_ii.o(.data)
    OSIdleCtr                                0x20000028   Data           4  ucos_ii.o(.data)
    OSTCBCur                                 0x2000002c   Data           4  ucos_ii.o(.data)
    OSTCBFreeList                            0x20000030   Data           4  ucos_ii.o(.data)
    OSTCBHighRdy                             0x20000034   Data           4  ucos_ii.o(.data)
    OSTCBList                                0x20000038   Data           4  ucos_ii.o(.data)
    OSMemFreeList                            0x2000003c   Data           4  ucos_ii.o(.data)
    OSQFreeList                              0x20000040   Data           4  ucos_ii.o(.data)
    OSTime                                   0x20000044   Data           4  ucos_ii.o(.data)
    OSTmrTime                                0x20000048   Data           4  ucos_ii.o(.data)
    OSTmrSem                                 0x2000004c   Data           4  ucos_ii.o(.data)
    OSTmrSemSignal                           0x20000050   Data           4  ucos_ii.o(.data)
    OSTmrFreeList                            0x20000054   Data           4  ucos_ii.o(.data)
    __stdout                                 0x20000068   Data           8  retarget.o(.data)
    tim_arr_val                              0x20000074   Data           2  tmr_drv.o(.data)
    hwtm_2nd_isr                             0x20000078   Data           4  tmr_drv.o(.data)
    gd_guart_rxdp                            0x2000007c   Data           4  uart_drv.o(.data)
    usart1_send_position                     0x20000080   Data           4  uart_drv.o(.data)
    usart2_send_position                     0x20000084   Data           4  uart_drv.o(.data)
    COM_USART                                0x20000088   Data          12  uart_drv.o(.data)
    COM_PORT                                 0x20000094   Data          12  uart_drv.o(.data)
    sp2gm_start_pos                          0x200000a0   Data           4  gd_mem.o(.data)
    sp2gm_free_pos                           0x200000a4   Data           4  gd_mem.o(.data)
    gm2sp_start_pos                          0x200000a8   Data           4  gd_mem.o(.data)
    gm2sp_free_pos                           0x200000ac   Data           4  gd_mem.o(.data)
    user_tasks                               0x200000b0   Data         308  gd_system.o(.data)
    gd_guart_ready                           0x200001e4   Data           1  gd_guart.o(.data)
    gd_guart2suart_send_len                  0x200001e8   Data           4  gd_guart.o(.data)
    gd_guart_rxlen_p                         0x200001ec   Data           4  gd_guart.o(.data)
    GPRS_TCPIP_IOMODE                        0x200001f0   Data           1  gd_gm.o(.data)
    OSEventTbl                               0x200001f4   Data        1024  ucos_ii.o(.bss)
    OSTaskStatStk                            0x200005f4   Data         512  ucos_ii.o(.bss)
    OSTaskIdleStk                            0x200007f4   Data         512  ucos_ii.o(.bss)
    OSTCBPrioTbl                             0x200009f4   Data         128  ucos_ii.o(.bss)
    OSTCBTbl                                 0x20000a74   Data        1936  ucos_ii.o(.bss)
    OSMemTbl                                 0x20001204   Data         576  ucos_ii.o(.bss)
    OSQTbl                                   0x20001444   Data         384  ucos_ii.o(.bss)
    OSTmrTbl                                 0x200015c4   Data         832  ucos_ii.o(.bss)
    OSTmrTaskStk                             0x20001904   Data         512  ucos_ii.o(.bss)
    OSTmrWheelTbl                            0x20001b04   Data          64  ucos_ii.o(.bss)
    uart1_buff                               0x20001b44   Data          20  uart_drv.o(.bss)
    uart2_buff                               0x20001b58   Data          20  uart_drv.o(.bss)
    gd_task_config_stk                       0x20001b6c   Data        2048  gd_config.o(.bss)
    gd_task_led_stk                          0x2000236c   Data         512  gd_led.o(.bss)
    sp2gm_buf_partition                      0x2000256c   Data        6144  gd_mem.o(.bss)
    sp2gm_buf                                0x20003d6c   Data        8192  gd_mem.o(.bss)
    gm2sp_buf                                0x20005d6c   Data        4096  gd_mem.o(.bss)
    gm2sp_buf_partition                      0x20006d6c   Data         384  gd_mem.o(.bss)
    gd_task_network_stk                      0x20006eec   Data        2048  gd_network.o(.bss)
    gd_heart_beat                            0x200076ec   Data          92  gd_network.o(.bss)
    gd_system                                0x20007748   Data        2252  gd_system.o(.bss)
    gd_msg_partition                         0x20008014   Data         512  gd_system.o(.bss)
    gd_task_init_stk                         0x20008214   Data         512  gd_system.o(.bss)
    gd_guart_rxbuf                           0x20008414   Data        2048  gd_guart.o(.bss)
    gd_guart2suart_buf                       0x20008c14   Data        1024  gd_guart.o(.bss)
    gd_gm_send_buf                           0x20009014   Data        1024  gd_guart.o(.bss)
    gd_task_guart_stk                        0x20009414   Data        2048  gd_guart.o(.bss)
    gd_task_guart_rx_stk                     0x20009c14   Data        2048  gd_guart.o(.bss)
    gprs_databuf                             0x2000a414   Data        4184  gd_gm.o(.bss)
    __libspace_start                         0x2000b46c   Data          96  libspace.o(.bss)
    __temporary_stack_top$libspace           0x2000b4cc   Data           0  libspace.o(.bss)



==============================================================================

Memory Map of the image

  Image Entry point : 0x08000131

  Load Region LR_IROM1 (Base: 0x08000000, Size: 0x00007164, Max: 0x00080000, ABSOLUTE, COMPRESSED[0x00007034])

    Execution Region ER_IROM1 (Base: 0x08000000, Size: 0x00006f70, Max: 0x00080000, ABSOLUTE)

    Base Addr    Size         Type   Attr      Idx    E Section Name        Object

    0x08000000   0x00000130   Data   RO          122    RESET               stm32f10x_vector.o
    0x08000130   0x00000008   Code   RO         1122  * !!!main             __main.o(c_w.l)
    0x08000138   0x00000034   Code   RO         1315    !!!scatter          __scatter.o(c_w.l)
    0x0800016c   0x0000005a   Code   RO         1313    !!dczerorl2         __dczerorl2.o(c_w.l)
    0x080001c6   0x00000002   PAD
    0x080001c8   0x0000001c   Code   RO         1317    !!handler_zi        __scatter_zi.o(c_w.l)
    0x080001e4   0x00000000   Code   RO         1094    .ARM.Collect$$_printf_percent$$00000000  _printf_percent.o(c_w.l)
    0x080001e4   0x00000006   Code   RO         1092    .ARM.Collect$$_printf_percent$$00000009  _printf_d.o(c_w.l)
    0x080001ea   0x00000006   Code   RO         1087    .ARM.Collect$$_printf_percent$$00000013  _printf_c.o(c_w.l)
    0x080001f0   0x00000006   Code   RO         1088    .ARM.Collect$$_printf_percent$$00000014  _printf_s.o(c_w.l)
    0x080001f6   0x00000004   Code   RO         1141    .ARM.Collect$$_printf_percent$$00000017  _printf_percent_end.o(c_w.l)
    0x080001fa   0x00000006   Code   RO         1249    .ARM.Collect$$libinit$$00000000  libinit.o(c_w.l)
    0x08000200   0x00000000   Code   RO         1159    .ARM.Collect$$libinit$$00000006  libinit2.o(c_w.l)
    0x08000200   0x00000000   Code   RO         1161    .ARM.Collect$$libinit$$00000008  libinit2.o(c_w.l)
    0x08000200   0x00000000   Code   RO         1163    .ARM.Collect$$libinit$$0000000A  libinit2.o(c_w.l)
    0x08000200   0x00000006   Code   RO         1164    .ARM.Collect$$libinit$$0000000B  libinit2.o(c_w.l)
    0x08000206   0x00000000   Code   RO         1166    .ARM.Collect$$libinit$$0000000D  libinit2.o(c_w.l)
    0x08000206   0x0000000c   Code   RO         1167    .ARM.Collect$$libinit$$0000000E  libinit2.o(c_w.l)
    0x08000212   0x00000000   Code   RO         1168    .ARM.Collect$$libinit$$0000000F  libinit2.o(c_w.l)
    0x08000212   0x00000000   Code   RO         1170    .ARM.Collect$$libinit$$00000011  libinit2.o(c_w.l)
    0x08000212   0x00000000   Code   RO         1172    .ARM.Collect$$libinit$$00000013  libinit2.o(c_w.l)
    0x08000212   0x00000000   Code   RO         1174    .ARM.Collect$$libinit$$00000015  libinit2.o(c_w.l)
    0x08000212   0x00000000   Code   RO         1176    .ARM.Collect$$libinit$$00000017  libinit2.o(c_w.l)
    0x08000212   0x00000000   Code   RO         1178    .ARM.Collect$$libinit$$00000019  libinit2.o(c_w.l)
    0x08000212   0x00000000   Code   RO         1180    .ARM.Collect$$libinit$$0000001B  libinit2.o(c_w.l)
    0x08000212   0x00000000   Code   RO         1182    .ARM.Collect$$libinit$$0000001D  libinit2.o(c_w.l)
    0x08000212   0x00000000   Code   RO         1184    .ARM.Collect$$libinit$$0000001F  libinit2.o(c_w.l)
    0x08000212   0x00000000   Code   RO         1186    .ARM.Collect$$libinit$$00000021  libinit2.o(c_w.l)
    0x08000212   0x00000000   Code   RO         1190    .ARM.Collect$$libinit$$00000028  libinit2.o(c_w.l)
    0x08000212   0x00000000   Code   RO         1192    .ARM.Collect$$libinit$$0000002A  libinit2.o(c_w.l)
    0x08000212   0x00000000   Code   RO         1194    .ARM.Collect$$libinit$$0000002C  libinit2.o(c_w.l)
    0x08000212   0x00000000   Code   RO         1196    .ARM.Collect$$libinit$$0000002E  libinit2.o(c_w.l)
    0x08000212   0x00000002   Code   RO         1197    .ARM.Collect$$libinit$$0000002F  libinit2.o(c_w.l)
    0x08000214   0x00000002   Code   RO         1295    .ARM.Collect$$libshutdown$$00000000  libshutdown.o(c_w.l)
    0x08000216   0x00000000   Code   RO         1298    .ARM.Collect$$libshutdown$$00000003  libshutdown2.o(c_w.l)
    0x08000216   0x00000000   Code   RO         1301    .ARM.Collect$$libshutdown$$00000006  libshutdown2.o(c_w.l)
    0x08000216   0x00000000   Code   RO         1304    .ARM.Collect$$libshutdown$$00000009  libshutdown2.o(c_w.l)
    0x08000216   0x00000000   Code   RO         1306    .ARM.Collect$$libshutdown$$0000000B  libshutdown2.o(c_w.l)
    0x08000216   0x00000000   Code   RO         1309    .ARM.Collect$$libshutdown$$0000000E  libshutdown2.o(c_w.l)
    0x08000216   0x00000002   Code   RO         1310    .ARM.Collect$$libshutdown$$0000000F  libshutdown2.o(c_w.l)
    0x08000218   0x00000000   Code   RO         1124    .ARM.Collect$$rtentry$$00000000  rtentry.o(c_w.l)
    0x08000218   0x00000000   Code   RO         1202    .ARM.Collect$$rtentry$$00000002  rtentry2.o(c_w.l)
    0x08000218   0x00000006   Code   RO         1217    .ARM.Collect$$rtentry$$00000004  rtentry4.o(c_w.l)
    0x0800021e   0x00000000   Code   RO         1204    .ARM.Collect$$rtentry$$00000009  rtentry2.o(c_w.l)
    0x0800021e   0x00000004   Code   RO         1205    .ARM.Collect$$rtentry$$0000000A  rtentry2.o(c_w.l)
    0x08000222   0x00000000   Code   RO         1207    .ARM.Collect$$rtentry$$0000000C  rtentry2.o(c_w.l)
    0x08000222   0x00000008   Code   RO         1208    .ARM.Collect$$rtentry$$0000000D  rtentry2.o(c_w.l)
    0x0800022a   0x00000002   Code   RO         1252    .ARM.Collect$$rtexit$$00000000  rtexit.o(c_w.l)
    0x0800022c   0x00000000   Code   RO         1265    .ARM.Collect$$rtexit$$00000002  rtexit2.o(c_w.l)
    0x0800022c   0x00000004   Code   RO         1266    .ARM.Collect$$rtexit$$00000003  rtexit2.o(c_w.l)
    0x08000230   0x00000006   Code   RO         1267    .ARM.Collect$$rtexit$$00000004  rtexit2.o(c_w.l)
    0x08000236   0x00000002   PAD
    0x08000238   0x0000007a   Code   RO            1    .text               cortexm3_macro.o
    0x080002b2   0x00000002   PAD
    0x080002b4   0x000001b4   Code   RO            6    .text               stm32f10x_it.o
    0x08000468   0x000000b8   Code   RO          123    .text               stm32f10x_vector.o
    0x08000520   0x000000a8   Code   RO          127    .text               os_cpu_a.o
    0x080005c8   0x000001d8   Code   RO          130    .text               os_cpu_c.o
    0x080007a0   0x00000002   Code   RO          155    .text               os_dbg.o
    0x080007a2   0x00000002   PAD
    0x080007a4   0x000021b4   Code   RO          170    .text               ucos_ii.o
    0x08002958   0x000003e8   Code   RO          202    .text               stm32f10x_flash.o
    0x08002d40   0x00000238   Code   RO          229    .text               stm32f10x_gpio.o
    0x08002f78   0x00000304   Code   RO          310    .text               stm32f10x_nvic.o
    0x0800327c   0x000002b8   Code   RO          322    .text               stm32f10x_rcc.o
    0x08003534   0x000002d8   Code   RO          336    .text               stm32f10x_usart.o
    0x0800380c   0x000000a8   Code   RO          348    .text               stm32f10x_pwr.o
    0x080038b4   0x0000088a   Code   RO          408    .text               stm32f10x_tim.o
    0x0800413e   0x00000002   PAD
    0x08004140   0x00000324   Code   RO          433    .text               stm32f10x_adc.o
    0x08004464   0x000000a0   Code   RO          445    .text               stm32f10x_bkp.o
    0x08004504   0x00000110   Code   RO          457    .text               stm32f10x_rtc.o
    0x08004614   0x000000d0   Code   RO          482    .text               adc.o
    0x080046e4   0x00000100   Code   RO          543    .text               drv_init.o
    0x080047e4   0x00000032   Code   RO          580    .text               gpio.o
    0x08004816   0x00000002   PAD
    0x08004818   0x000000d0   Code   RO          607    .text               led.o
    0x080048e8   0x00000040   Code   RO          624    .text               retarget.o
    0x08004928   0x000000f0   Code   RO          656    .text               rtc.o
    0x08004a18   0x00000138   Code   RO          668    .text               tmr_drv.o
    0x08004b50   0x0000027c   Code   RO          684    .text               uart_drv.o
    0x08004dcc   0x00000028   Code   RO          707    .text               main.o
    0x08004df4   0x0000000a   Code   RO          758    .text               gd_config.o
    0x08004dfe   0x0000000e   Code   RO          782    .text               gd_com_init.o
    0x08004e0c   0x0000003c   Code   RO          794    .text               gd_app_hook.o
    0x08004e48   0x000000ba   Code   RO          806    .text               gd_led.o
    0x08004f02   0x00000002   PAD
    0x08004f04   0x00000344   Code   RO          821    .text               gd_mem.o
    0x08005248   0x0000014c   Code   RO          842    .text               gd_network.o
    0x08005394   0x00000200   Code   RO          865    .text               gd_system.o
    0x08005594   0x00000250   Code   RO          919    .text               gd_guart.o
    0x080057e4   0x00000890   Code   RO          947    .text               gd_gm.o
    0x08006074   0x00000228   Code   RO         1001    .text               mystring.o
    0x0800629c   0x00000002   Code   RO         1015    .text               use_no_semi.o(c_w.l)
    0x0800629e   0x00000002   PAD
    0x080062a0   0x00000010   Code   RO         1017    .text               rt_ctype_table.o(c_w.l)
    0x080062b0   0x00000020   Code   RO         1025    .text               noretval__2printf.o(c_w.l)
    0x080062d0   0x00000028   Code   RO         1027    .text               noretval__2sprintf.o(c_w.l)
    0x080062f8   0x00000050   Code   RO         1031    .text               _printf_pad.o(c_w.l)
    0x08006348   0x00000052   Code   RO         1035    .text               _printf_str.o(c_w.l)
    0x0800639a   0x00000002   PAD
    0x0800639c   0x00000074   Code   RO         1037    .text               _printf_dec.o(c_w.l)
    0x08006410   0x000001a0   Code   RO         1084    .text               __printf_flags_ss_wp.o(c_w.l)
    0x080065b0   0x00000010   Code   RO         1100    .text               abort.o(c_w.l)
    0x080065c0   0x00000018   Code   RO         1102    .text               strcat.o(c_w.l)
    0x080065d8   0x0000004a   Code   RO         1106    .text               strcpy.o(c_w.l)
    0x08006622   0x0000003e   Code   RO         1108    .text               strlen.o(c_w.l)
    0x08006660   0x0000008c   Code   RO         1110    .text               rt_memcpy_v6.o(c_w.l)
    0x080066ec   0x00000064   Code   RO         1114    .text               rt_memcpy_w.o(c_w.l)
    0x08006750   0x0000004e   Code   RO         1116    .text               rt_memclr_w.o(c_w.l)
    0x0800679e   0x00000002   PAD
    0x080067a0   0x000001a0   Code   RO         1118    .text               mktime.o(c_w.l)
    0x08006940   0x00000006   Code   RO         1120    .text               heapauxi.o(c_w.l)
    0x08006946   0x00000002   PAD
    0x08006948   0x0000000c   Code   RO         1129    .text               rt_locale_intlibspace.o(c_w.l)
    0x08006954   0x000000b4   Code   RO         1131    .text               _printf_intcommon.o(c_w.l)
    0x08006a08   0x00000030   Code   RO         1133    .text               _printf_char_common.o(c_w.l)
    0x08006a38   0x0000000a   Code   RO         1135    .text               _sputc.o(c_w.l)
    0x08006a42   0x0000002c   Code   RO         1137    .text               _printf_char.o(c_w.l)
    0x08006a6e   0x0000000e   Code   RO         1148    .text               defsig_abrt_outer.o(c_w.l)
    0x08006a7c   0x00000010   Code   RO         1155    .text               rtudiv10.o(c_w.l)
    0x08006a8c   0x00000008   Code   RO         1198    .text               libspace.o(c_w.l)
    0x08006a94   0x0000000a   Code   RO         1223    .text               defsig_exit.o(c_w.l)
    0x08006a9e   0x00000002   PAD
    0x08006aa0   0x00000030   Code   RO         1225    .text               defsig_abrt_inner.o(c_w.l)
    0x08006ad0   0x00000080   Code   RO         1227    .text               strcmpv7m.o(c_w.l)
    0x08006b50   0x0000004a   Code   RO         1231    .text               sys_stackheap_outer.o(c_w.l)
    0x08006b9a   0x0000000c   Code   RO         1233    .text               exit.o(c_w.l)
    0x08006ba6   0x00000032   Code   RO         1237    .text               defsig_general.o(c_w.l)
    0x08006bd8   0x0000000c   Code   RO         1275    .text               rt_fp_status_addr_intlibspace.o(c_w.l)
    0x08006be4   0x0000002c   Code   RO         1146    locale$$code        lc_ctype_c.o(c_w.l)
    0x08006c10   0x0000000e   Code   RO         1262    x$fpl$fpinit        fpinit.o(fz_ws.l)
    0x08006c1e   0x00000100   Data   RO          172    .constdata          ucos_ii.o
    0x08006d1e   0x00000014   Data   RO          323    .constdata          stm32f10x_rcc.o
    0x08006d32   0x00000002   PAD
    0x08006d34   0x00000040   Data   RO          686    .constdata          uart_drv.o
    0x08006d74   0x00000006   Data   RO          868    .constdata          gd_system.o
    0x08006d7a   0x00000011   Data   RO         1085    .constdata          __printf_flags_ss_wp.o(c_w.l)
    0x08006d8b   0x0000000c   Data   RO         1154    .constdata          _monlen.o(c_w.l)
    0x08006d97   0x000000a8   Data   RO          869    .conststring        gd_system.o
    0x08006e3f   0x00000001   PAD
    0x08006e40   0x00000020   Data   RO         1311    Region$$Table       anon$$obj.o
    0x08006e60   0x00000110   Data   RO         1145    locale$$data        lc_ctype_c.o(c_w.l)


    Execution Region RW_IRAM1 (Base: 0x20000000, Size: 0x0000bccc, Max: 0x00010000, ABSOLUTE, COMPRESSED[0x000000c4])

    Base Addr    Size         Type   Attr      Idx    E Section Name        Object

    0x20000000   0x00000002   Data   RW          131    .data               os_cpu_c.o
    0x20000002   0x00000002   PAD
    0x20000004   0x00000054   Data   RW          173    .data               ucos_ii.o
    0x20000058   0x00000010   Data   RW          608    .data               led.o
    0x20000068   0x00000008   Data   RW          628    .data               retarget.o
    0x20000070   0x00000004   Data   RW          631    .data               retarget.o
    0x20000074   0x00000008   Data   RW          669    .data               tmr_drv.o
    0x2000007c   0x00000024   Data   RW          687    .data               uart_drv.o
    0x200000a0   0x00000010   Data   RW          825    .data               gd_mem.o
    0x200000b0   0x00000134   Data   RW          870    .data               gd_system.o
    0x200001e4   0x0000000c   Data   RW          923    .data               gd_guart.o
    0x200001f0   0x00000001   Data   RW          949    .data               gd_gm.o
    0x200001f1   0x00000003   PAD
    0x200001f4   0x00001950   Zero   RW          171    .bss                ucos_ii.o
    0x20001b44   0x00000028   Zero   RW          685    .bss                uart_drv.o
    0x20001b6c   0x00000800   Zero   RW          759    .bss                gd_config.o
    0x2000236c   0x00000200   Zero   RW          807    .bss                gd_led.o
    0x2000256c   0x00001800   Zero   RW          822    .bss                gd_mem.o
    0x20003d6c   0x00003000   Zero   RW          823    .bss                gd_mem.o
    0x20006d6c   0x00000180   Zero   RW          824    .bss                gd_mem.o
    0x20006eec   0x00000800   Zero   RW          843    .bss                gd_network.o
    0x200076ec   0x0000005c   Zero   RW          844    .bss                gd_network.o
    0x20007748   0x00000acc   Zero   RW          866    .bss                gd_system.o
    0x20008214   0x00000200   Zero   RW          867    .bss                gd_system.o
    0x20008414   0x00001000   Zero   RW          920    .bss                gd_guart.o
    0x20009414   0x00000800   Zero   RW          921    .bss                gd_guart.o
    0x20009c14   0x00000800   Zero   RW          922    .bss                gd_guart.o
    0x2000a414   0x00001058   Zero   RW          948    .bss                gd_gm.o
    0x2000b46c   0x00000060   Zero   RW         1199    .bss                libspace.o(c_w.l)
    0x2000b4cc   0x00000000   Zero   RW          121    HEAP                stm32f10x_vector.o
    0x2000b4cc   0x00000800   Zero   RW          120    STACK               stm32f10x_vector.o


    Execution Region RW_RAM1 (Base: 0x68000000, Size: 0x00000000, Max: 0x00020000, ABSOLUTE)

    **** No section assigned to this execution region ****


==============================================================================

Image component sizes


      Code (inc. data)   RO Data    RW Data    ZI Data      Debug   Object Name

       208         26          0          0          0       2399   adc.o
       122          0          0          0          0        328   cortexm3_macro.o
       256          0          0          0          0       1898   drv_init.o
        60         12          0          0          0       1263   gd_app_hook.o
        14          0          0          0          0        432   gd_com_init.o
        10          0          0          0       2048       1016   gd_config.o
      2192        476          0          1       4184       8030   gd_gm.o
       592         68          0         12       8192       4526   gd_guart.o
       186          0          0          0        512        980   gd_led.o
       836         40          0         16      18816       5419   gd_mem.o
       332         46          0          0       2140       1382   gd_network.o
       512         34        174        308       3276       5876   gd_system.o
        50          0          0          0          0        952   gpio.o
       208          8          0         16          0       1582   led.o
        40          0          0          0          0       4094   main.o
       552         72          0          0          0       3536   mystring.o
       168         40          0          0          0        332   os_cpu_a.o
       472         76          0          2          0      14113   os_cpu_c.o
         2          0          0          0          0        454   os_dbg.o
        64          6          0         12          0       3104   retarget.o
       240         14          0          0          0       1520   rtc.o
       804         24          0          0          0      10801   stm32f10x_adc.o
       160         32          0          0          0       2244   stm32f10x_bkp.o
      1000         24          0          0          0     189710   stm32f10x_flash.o
       568         16          0          0          0      19279   stm32f10x_gpio.o
       436         16          0          0          0      20934   stm32f10x_it.o
         0          0          0          0          0      44268   stm32f10x_lib.o
       772         32          0          0          0       7216   stm32f10x_nvic.o
       168         18          0          0          0       1847   stm32f10x_pwr.o
       696         50         20          0          0       8608   stm32f10x_rcc.o
       272         28          0          0          0       3104   stm32f10x_rtc.o
      2186         16          0          0          0      24698   stm32f10x_tim.o
       728         12          0          0          0       7855   stm32f10x_usart.o
       184         86        304          0       2048        328   stm32f10x_vector.o
       312          6          0          8          0       2527   tmr_drv.o
       636         22         64         36         40       4378   uart_drv.o
      8628        188        256         84       6480      47220   ucos_ii.o

    ----------------------------------------------------------------------
     24676       1488        853        500      47736     458253   Object Totals
         0          0         32          0          0          0   (incl. Generated)
        10          0          3          5          0          3   (incl. Padding)

    ----------------------------------------------------------------------

      Code (inc. data)   RO Data    RW Data    ZI Data      Debug   Library Member Name

        90          0          0          0          0          0   __dczerorl2.o
         8          0          0          0          0         68   __main.o
       416          4         17          0          0         88   __printf_flags_ss_wp.o
        52          8          0          0          0          0   __scatter.o
        28          0          0          0          0          0   __scatter_zi.o
         0          0         12          0          0          0   _monlen.o
         6          0          0          0          0          0   _printf_c.o
        44          0          0          0          0        108   _printf_char.o
        48          4          0          0          0         96   _printf_char_common.o
         6          0          0          0          0          0   _printf_d.o
       116         18          0          0          0         92   _printf_dec.o
       180          0          0          0          0         88   _printf_intcommon.o
        80          0          0          0          0        104   _printf_pad.o
         0          0          0          0          0          0   _printf_percent.o
         4          0          0          0          0          0   _printf_percent_end.o
         6          0          0          0          0          0   _printf_s.o
        82          0          0          0          0         80   _printf_str.o
        10          0          0          0          0         68   _sputc.o
        16          0          0          0          0         68   abort.o
        48         34          0          0          0         76   defsig_abrt_inner.o
        14          0          0          0          0         80   defsig_abrt_outer.o
        10          0          0          0          0         68   defsig_exit.o
        50          0          0          0          0         84   defsig_general.o
        12          0          0          0          0         68   exit.o
        14          0          0          0          0         76   fpinit.o
         6          0          0          0          0        148   heapauxi.o
        44         10        272          0          0         76   lc_ctype_c.o
         6          0          0          0          0          0   libinit.o
        20          0          0          0          0          0   libinit2.o
         2          0          0          0          0          0   libshutdown.o
         2          0          0          0          0          0   libshutdown2.o
         8          4          0          0         96         68   libspace.o
       416         10          0          0          0        116   mktime.o
        32          8          0          0          0         80   noretval__2printf.o
        40          6          0          0          0         80   noretval__2sprintf.o
        16          6          0          0          0         76   rt_ctype_table.o
        12          6          0          0          0         68   rt_fp_status_addr_intlibspace.o
        12          6          0          0          0         68   rt_locale_intlibspace.o
        78          0          0          0          0         76   rt_memclr_w.o
       140          0          0          0          0         68   rt_memcpy_v6.o
       100          0          0          0          0         80   rt_memcpy_w.o
         0          0          0          0          0          0   rtentry.o
        12          0          0          0          0          0   rtentry2.o
         6          0          0          0          0          0   rtentry4.o
         2          0          0          0          0          0   rtexit.o
        10          0          0          0          0          0   rtexit2.o
        16          0          0          0          0         68   rtudiv10.o
        24          0          0          0          0         68   strcat.o
       128          2          0          0          0         68   strcmpv7m.o
        74          0          0          0          0         76   strcpy.o
        62          0          0          0          0         76   strlen.o
        74          0          0          0          0         80   sys_stackheap_outer.o
         2          0          0          0          0         68   use_no_semi.o

    ----------------------------------------------------------------------
      2698        126        301          0         96       2820   Library Totals
        14          0          0          0          0          0   (incl. Padding)

    ----------------------------------------------------------------------

      Code (inc. data)   RO Data    RW Data    ZI Data      Debug   Library Name

      2670        126        301          0         96       2744   c_w.l
        14          0          0          0          0         76   fz_ws.l

    ----------------------------------------------------------------------
      2698        126        301          0         96       2820   Library Totals

    ----------------------------------------------------------------------

==============================================================================


      Code (inc. data)   RO Data    RW Data    ZI Data      Debug   

     27374       1614       1154        500      47832     455276   Grand Totals
     27374       1614       1154        196      47832     455276   ELF Image Totals (compressed)
     27374       1614       1154        196          0          0   ROM Totals

==============================================================================

    Total RO  Size (Code + RO Data)                28528 (  27.86kB)
    Total RW  Size (RW Data + ZI Data)             48332 (  47.20kB)
    Total ROM Size (Code + RO Data + RW Data)      28724 (  28.05kB)

==============================================================================

