ARM Linker, RVCT4.0 [Build 728] [Standard]

==============================================================================

Section Cross References

    stm32f10x_it.o(.text) refers to os_cpu_a.o(.text) for OS_CPU_SR_Save
    stm32f10x_it.o(.text) refers to ucos_ii.o(.text) for OSIntExit
    stm32f10x_it.o(.text) refers to stm32f10x_usart.o(.text) for USART_GetITStatus
    stm32f10x_it.o(.text) refers to uart_drv.o(.text) for suart_rx_isr
    stm32f10x_it.o(.text) refers to ucos_ii.o(.data) for OSIntNesting
    stm32f10x_vector.o(STACK) refers (Special) to heapauxi.o(.text) for __use_two_region_memory
    stm32f10x_vector.o(HEAP) refers (Special) to heapauxi.o(.text) for __use_two_region_memory
    stm32f10x_vector.o(RESET) refers (Special) to heapauxi.o(.text) for __use_two_region_memory
    stm32f10x_vector.o(RESET) refers to stm32f10x_vector.o(STACK) for __initial_sp
    stm32f10x_vector.o(RESET) refers to stm32f10x_vector.o(.text) for Reset_Handler
    stm32f10x_vector.o(RESET) refers to stm32f10x_it.o(.text) for NMIException
    stm32f10x_vector.o(RESET) refers to os_cpu_a.o(.text) for OSPendSV
    stm32f10x_vector.o(RESET) refers to os_cpu_c.o(.text) for OS_CPU_SysTickHandler
    stm32f10x_vector.o(.text) refers (Special) to heapauxi.o(.text) for __use_two_region_memory
    stm32f10x_vector.o(.text) refers to hw_core.o(.text) for hardfault_isr
    stm32f10x_vector.o(.text) refers to __main.o(!!!main) for __main
    stm32f10x_vector.o(.text) refers to stm32f10x_vector.o(HEAP) for Heap_Mem
    stm32f10x_vector.o(.text) refers to stm32f10x_vector.o(STACK) for Stack_Mem
    os_cpu_a.o(.text) refers to os_cpu_c.o(.text) for OSTaskSwHook
    os_cpu_a.o(.text) refers to ucos_ii.o(.text) for OSIntExit
    os_cpu_a.o(.text) refers to ucos_ii.o(.data) for OSIntNesting
    os_cpu_c.o(.text) refers to _printf_percent.o(.ARM.Collect$$_printf_percent$$00000000) for _printf_percent
    os_cpu_c.o(.text) refers to _printf_d.o(.ARM.Collect$$_printf_percent$$00000009) for _printf_d
    os_cpu_c.o(.text) refers to _printf_s.o(.ARM.Collect$$_printf_percent$$00000014) for _printf_s
    os_cpu_c.o(.text) refers to _printf_dec.o(.text) for _printf_int_dec
    os_cpu_c.o(.text) refers to _printf_str.o(.text) for _printf_str
    os_cpu_c.o(.text) refers to gd_app_hook.o(.text) for App_TaskCreateHook
    os_cpu_c.o(.text) refers to ucos_ii.o(.text) for OSTaskNameGet
    os_cpu_c.o(.text) refers to noretval__2printf.o(.text) for __2printf
    os_cpu_c.o(.text) refers to os_cpu_a.o(.text) for OS_CPU_SR_Save
    os_cpu_c.o(.text) refers to os_cpu_c.o(.data) for .data
    os_cpu_c.o(.text) refers to ucos_ii.o(.data) for OSPrioCur
    ucos_ii.o(.text) refers to os_cpu_a.o(.text) for OS_CPU_SR_Save
    ucos_ii.o(.text) refers to ucos_ii.o(.data) for .data
    ucos_ii.o(.text) refers to ucos_ii.o(.bss) for .bss
    ucos_ii.o(.text) refers to ucos_ii.o(.constdata) for .constdata
    ucos_ii.o(.text) refers to os_cpu_c.o(.text) for OSTCBInitHook
    ucos_ii.o(.text) refers to os_dbg.o(.text) for OSDebugInit
    stm32f10x_gpio.o(.text) refers to stm32f10x_rcc.o(.text) for RCC_APB2PeriphResetCmd
    stm32f10x_nvic.o(.text) refers to cortexm3_macro.o(.text) for __SETPRIMASK
    stm32f10x_rcc.o(.text) refers to stm32f10x_rcc.o(.constdata) for .constdata
    stm32f10x_usart.o(.text) refers to stm32f10x_rcc.o(.text) for RCC_APB2PeriphResetCmd
    stm32f10x_pwr.o(.text) refers to stm32f10x_rcc.o(.text) for RCC_APB1PeriphResetCmd
    stm32f10x_pwr.o(.text) refers to cortexm3_macro.o(.text) for __WFI
    stm32f10x_tim.o(.text) refers to stm32f10x_rcc.o(.text) for RCC_APB1PeriphResetCmd
    stm32f10x_dac.o(.text) refers to stm32f10x_rcc.o(.text) for RCC_APB1PeriphResetCmd
    stm32f10x_adc.o(.text) refers to stm32f10x_rcc.o(.text) for RCC_APB2PeriphResetCmd
    stm32f10x_bkp.o(.text) refers to stm32f10x_rcc.o(.text) for RCC_BackupResetCmd
    stm32f10x_spi.o(.text) refers to stm32f10x_rcc.o(.text) for RCC_APB2PeriphResetCmd
    adc.o(.text) refers to _printf_percent.o(.ARM.Collect$$_printf_percent$$00000000) for _printf_percent
    adc.o(.text) refers to _printf_d.o(.ARM.Collect$$_printf_percent$$00000009) for _printf_d
    adc.o(.text) refers to _printf_dec.o(.text) for _printf_int_dec
    adc.o(.text) refers to gpio.o(.text) for gpio_init
    adc.o(.text) refers to stm32f10x_adc.o(.text) for ADC_GetConversionValue
    adc.o(.text) refers to noretval__2printf.o(.text) for __2printf
    adc.o(.text) refers to stm32f10x_rcc.o(.text) for RCC_APB2PeriphClockCmd
    aux_lib.o(.text) refers to _printf_percent.o(.ARM.Collect$$_printf_percent$$00000000) for _printf_percent
    aux_lib.o(.text) refers to _printf_d.o(.ARM.Collect$$_printf_percent$$00000009) for _printf_d
    aux_lib.o(.text) refers to _printf_s.o(.ARM.Collect$$_printf_percent$$00000014) for _printf_s
    aux_lib.o(.text) refers to _printf_dec.o(.text) for _printf_int_dec
[...]
    APBAHBPrescTable                         0x08006186   Data          16  stm32f10x_rcc.o(.constdata)
    .constdata                               0x08006198   Section       64  uart_drv.o(.constdata)
    .constdata                               0x080061d8   Section        6  gd_system.o(.constdata)
    .constdata                               0x080061de   Section       17  __printf_flags_ss_wp.o(.constdata)
    maptable                                 0x080061de   Data          17  __printf_flags_ss_wp.o(.constdata)
    .conststring                             0x080061ef   Section      200  gd_system.o(.conststring)
    locale$$data                             0x080062d8   Section      272  lc_ctype_c.o(locale$$data)
    __lcctype_c_name                         0x080062dc   Data           2  lc_ctype_c.o(locale$$data)
    __lcctype_c_start                        0x080062e4   Data           0  lc_ctype_c.o(locale$$data)
    __lcctype_c_end                          0x080063e8   Data           0  lc_ctype_c.o(locale$$data)
    .data                                    0x20000000   Section        2  os_cpu_c.o(.data)
    OSTmrCtr                                 0x20000000   Data           2  os_cpu_c.o(.data)
    .data                                    0x20000004   Section       84  ucos_ii.o(.data)
    .data                                    0x20000058   Section       16  led.o(.data)
    LedPins                                  0x20000058   Data          16  led.o(.data)
    .data                                    0x20000068   Section        8  retarget.o(.data)
    .data                                    0x20000070   Section        4  retarget.o(.data)
    l_ch                                     0x20000070   Data           4  retarget.o(.data)
    .data                                    0x20000074   Section       36  uart_drv.o(.data)
    .data                                    0x20000098   Section       32  hw_core.o(.data)
    .data                                    0x200000b8   Section        8  gd_mem.o(.data)
    .data                                    0x200000c0   Section        2  gd_network.o(.data)
    fail_tick                                0x200000c0   Data           1  gd_network.o(.data)
    counter                                  0x200000c1   Data           1  gd_network.o(.data)
    .data                                    0x200000c4   Section      352  gd_system.o(.data)
    .data                                    0x20000224   Section        2  gd_guart.o(.data)
    frame_index                              0x20000224   Data           2  gd_guart.o(.data)
    .data                                    0x20000226   Section        1  gd_gm.o(.data)
    .bss                                     0x20000228   Section     6480  ucos_ii.o(.bss)
    .bss                                     0x20001b78   Section       40  uart_drv.o(.bss)
    .bss                                     0x20001ba0   Section     2048  gd_config.o(.bss)
    .bss                                     0x200023a0   Section      512  gd_led.o(.bss)
    .bss                                     0x200025a0   Section     6144  gd_mem.o(.bss)
    .bss                                     0x20003da0   Section     8192  gd_mem.o(.bss)
    .bss                                     0x20005da0   Section     2048  gd_network.o(.bss)
    .bss                                     0x200065a0   Section     4316  gd_system.o(.bss)
    .bss                                     0x2000767c   Section      512  gd_system.o(.bss)
    .bss                                     0x2000787c   Section     2048  gd_suart.o(.bss)
    .bss                                     0x2000807c   Section     2048  gd_guart.o(.bss)
    .bss                                     0x2000887c   Section     2048  gd_guart.o(.bss)
    .bss                                     0x2000907c   Section     2056  gd_guart.o(.bss)
    .bss                                     0x20009884   Section     4184  gd_gm.o(.bss)
    .bss                                     0x2000a8dc   Section       96  libspace.o(.bss)
    HEAP                                     0x2000a93c   Section        0  stm32f10x_vector.o(HEAP)
    STACK                                    0x2000a93c   Section     2048  stm32f10x_vector.o(STACK)
    Heap_Mem                                 0x2000a93c   Data           0  stm32f10x_vector.o(HEAP)
    Stack_Mem                                0x2000a93c   Data        2048  stm32f10x_vector.o(STACK)
    __initial_sp                             0x2000b13c   Data           0  stm32f10x_vector.o(STACK)

    Global Symbols

    Symbol Name                              Value     Ov Type        Size  Object(Section)

    BuildAttributes$$THM_ISAv4$P$D$K$B$S$PE$A:L22UL41UL21$X:L11$S22US41US21$IEEE1$IW$USESV6$~STKCKD$USESV7$~SHL$OSPACE$ROPI$EBA8$UX$STANDARDLIB$REQ8$PRES8$EABIv2 0x00000000   Number         0  anon$$obj.o ABSOLUTE
    __ARM_use_no_argv                        0x00000000   Number         0  main.o ABSOLUTE
    _printf_flags                            0x00000000   Number         0  printf_stubs.o ABSOLUTE
    _printf_return_value                     0x00000000   Number         0  printf_stubs.o ABSOLUTE
    _printf_sizespec                         0x00000000   Number         0  printf_stubs.o ABSOLUTE
    _printf_widthprec                        0x00000000   Number         0  printf_stubs.o ABSOLUTE
    __ARM_exceptions_init                     - Undefined Weak Reference
    __alloca_initialize                       - Undefined Weak Reference
    __cpp_initialize__aeabi_                  - Undefined Weak Reference
    __cxa_finalize                            - Undefined Weak Reference
    __sigvec_lookup                           - Undefined Weak Reference
    _atexit_init                              - Undefined Weak Reference
    _call_atexit_fns                          - Undefined Weak Reference
    _clock_init                               - Undefined Weak Reference
    _fp_trap_init                             - Undefined Weak Reference
    _fp_trap_shutdown                         - Undefined Weak Reference
    _get_lc_collate                           - Undefined Weak Reference
    _get_lc_monetary                          - Undefined Weak Reference
    _get_lc_numeric                           - Undefined Weak Reference
    _get_lc_time                              - Undefined Weak Reference
    _getenv_init                              - Undefined Weak Reference
    _handle_redirection                       - Undefined Weak Reference
    _init_alloc                               - Undefined Weak Reference
    _init_user_alloc                          - Undefined Weak Reference
    _initio                                   - Undefined Weak Reference
    _printf_mbtowc                            - Undefined Weak Reference
    _printf_wc                                - Undefined Weak Reference
    _signal_finish                            - Undefined Weak Reference
    _signal_init                              - Undefined Weak Reference
    _terminate_alloc                          - Undefined Weak Reference
    _terminate_user_alloc                     - Undefined Weak Reference
    _terminateio                              - Undefined Weak Reference
    __Vectors                                0x08000000   Data           4  stm32f10x_vector.o(RESET)
    __main                                   0x08000131   Thumb Code     8  __main.o(!!!main)
    __scatterload                            0x08000139   Thumb Code     0  __scatter.o(!!!scatter)
    __scatterload_rt2                        0x08000139   Thumb Code    44  __scatter.o(!!!scatter)
    __scatterload_rt2_thumb_only             0x08000139   Thumb Code     0  __scatter.o(!!!scatter)
    __scatterload_null                       0x08000147   Thumb Code     0  __scatter.o(!!!scatter)
    __decompress                             0x0800016d   Thumb Code    90  __dczerorl2.o(!!dczerorl2)
    __decompress1                            0x0800016d   Thumb Code     0  __dczerorl2.o(!!dczerorl2)
    __scatterload_zeroinit                   0x080001c9   Thumb Code    28  __scatter_zi.o(!!handler_zi)
    _printf_d                                0x080001e5   Thumb Code     0  _printf_d.o(.ARM.Collect$$_printf_percent$$00000009)
    _printf_percent                          0x080001e5   Thumb Code     0  _printf_percent.o(.ARM.Collect$$_printf_percent$$00000000)
    _printf_c                                0x080001eb   Thumb Code     0  _printf_c.o(.ARM.Collect$$_printf_percent$$00000013)
    _printf_s                                0x080001f1   Thumb Code     0  _printf_s.o(.ARM.Collect$$_printf_percent$$00000014)
    _printf_percent_end                      0x080001f7   Thumb Code     0  _printf_percent_end.o(.ARM.Collect$$_printf_percent$$00000017)
    __rt_lib_init                            0x080001fb   Thumb Code     0  libinit.o(.ARM.Collect$$libinit$$00000000)
    __rt_lib_init_heap_1                     0x08000201   Thumb Code     0  libinit2.o(.ARM.Collect$$libinit$$00000006)
    __rt_lib_init_lc_common                  0x08000201   Thumb Code     0  libinit2.o(.ARM.Collect$$libinit$$0000000B)
    __rt_lib_init_rand_1                     0x08000201   Thumb Code     0  libinit2.o(.ARM.Collect$$libinit$$0000000A)
    __rt_lib_init_user_alloc_1               0x08000201   Thumb Code     0  libinit2.o(.ARM.Collect$$libinit$$00000008)
    __rt_lib_init_lc_collate_1               0x08000207   Thumb Code     0  libinit2.o(.ARM.Collect$$libinit$$0000000D)
    __rt_lib_init_lc_ctype_2                 0x08000207   Thumb Code     0  libinit2.o(.ARM.Collect$$libinit$$0000000E)
    __rt_lib_init_alloca_1                   0x08000213   Thumb Code     0  libinit2.o(.ARM.Collect$$libinit$$0000002A)
    __rt_lib_init_argv_1                     0x08000213   Thumb Code     0  libinit2.o(.ARM.Collect$$libinit$$00000028)
    __rt_lib_init_atexit_1                   0x08000213   Thumb Code     0  libinit2.o(.ARM.Collect$$libinit$$00000017)
    __rt_lib_init_clock_1                    0x08000213   Thumb Code     0  libinit2.o(.ARM.Collect$$libinit$$0000001D)
    __rt_lib_init_cpp_1                      0x08000213   Thumb Code     0  libinit2.o(.ARM.Collect$$libinit$$0000002E)
    __rt_lib_init_exceptions_1               0x08000213   Thumb Code     0  libinit2.o(.ARM.Collect$$libinit$$0000002C)
    __rt_lib_init_fp_trap_1                  0x08000213   Thumb Code     0  libinit2.o(.ARM.Collect$$libinit$$0000001B)
    __rt_lib_init_getenv_1                   0x08000213   Thumb Code     0  libinit2.o(.ARM.Collect$$libinit$$0000001F)
    __rt_lib_init_lc_ctype_1                 0x08000213   Thumb Code     0  libinit2.o(.ARM.Collect$$libinit$$0000000F)
    __rt_lib_init_lc_monetary_1              0x08000213   Thumb Code     0  libinit2.o(.ARM.Collect$$libinit$$00000011)
    __rt_lib_init_lc_numeric_1               0x08000213   Thumb Code     0  libinit2.o(.ARM.Collect$$libinit$$00000013)
    __rt_lib_init_lc_time_1                  0x08000213   Thumb Code     0  libinit2.o(.ARM.Collect$$libinit$$00000015)
    __rt_lib_init_return                     0x08000213   Thumb Code     0  libinit2.o(.ARM.Collect$$libinit$$0000002F)
    __rt_lib_init_signal_1                   0x08000213   Thumb Code     0  libinit2.o(.ARM.Collect$$libinit$$00000019)
    __rt_lib_init_stdio_1                    0x08000213   Thumb Code     0  libinit2.o(.ARM.Collect$$libinit$$00000021)
    __rt_lib_shutdown                        0x08000215   Thumb Code     0  libshutdown.o(.ARM.Collect$$libshutdown$$00000000)
    __rt_lib_shutdown_fp_trap_1              0x08000217   Thumb Code     0  libshutdown2.o(.ARM.Collect$$libshutdown$$00000006)
    __rt_lib_shutdown_heap_1                 0x08000217   Thumb Code     0  libshutdown2.o(.ARM.Collect$$libshutdown$$0000000E)
    __rt_lib_shutdown_return                 0x08000217   Thumb Code     0  libshutdown2.o(.ARM.Collect$$libshutdown$$0000000F)
    __rt_lib_shutdown_signal_1               0x08000217   Thumb Code     0  libshutdown2.o(.ARM.Collect$$libshutdown$$00000009)
    __rt_lib_shutdown_stdio_1                0x08000217   Thumb Code     0  libshutdown2.o(.ARM.Collect$$libshutdown$$00000003)
    __rt_lib_shutdown_user_alloc_1           0x08000217   Thumb Code     0  libshutdown2.o(.ARM.Collect$$libshutdown$$0000000B)
    __rt_entry                               0x08000219   Thumb Code     0  rtentry.o(.ARM.Collect$$rtentry$$00000000)
    __rt_entry_presh_1                       0x08000219   Thumb Code     0  rtentry2.o(.ARM.Collect$$rtentry$$00000002)
    __rt_entry_sh                            0x08000219   Thumb Code     0  rtentry4.o(.ARM.Collect$$rtentry$$00000004)
    __rt_entry_li                            0x0800021f   Thumb Code     0  rtentry2.o(.ARM.Collect$$rtentry$$0000000A)
    __rt_entry_postsh_1                      0x0800021f   Thumb Code     0  rtentry2.o(.ARM.Collect$$rtentry$$00000009)
    __rt_entry_main                          0x08000223   Thumb Code     0  rtentry2.o(.ARM.Collect$$rtentry$$0000000D)
    __rt_entry_postli_1                      0x08000223   Thumb Code     0  rtentry2.o(.ARM.Collect$$rtentry$$0000000C)
    __rt_exit                                0x0800022b   Thumb Code     0  rtexit.o(.ARM.Collect$$rtexit$$00000000)
    __rt_exit_ls                             0x0800022d   Thumb Code     0  rtexit2.o(.ARM.Collect$$rtexit$$00000003)
    __rt_exit_prels_1                        0x0800022d   Thumb Code     0  rtexit2.o(.ARM.Collect$$rtexit$$00000002)
    __rt_exit_exit                           0x08000231   Thumb Code     0  rtexit2.o(.ARM.Collect$$rtexit$$00000004)
    __WFI                                    0x08000239   Thumb Code     0  cortexm3_macro.o(.text)
    __WFE                                    0x0800023d   Thumb Code     0  cortexm3_macro.o(.text)
    __SEV                                    0x08000241   Thumb Code     0  cortexm3_macro.o(.text)
    __ISB                                    0x08000245   Thumb Code     0  cortexm3_macro.o(.text)
    __DSB                                    0x0800024b   Thumb Code     0  cortexm3_macro.o(.text)
    __DMB                                    0x08000251   Thumb Code     0  cortexm3_macro.o(.text)
    __SVC                                    0x08000257   Thumb Code     0  cortexm3_macro.o(.text)
    __MRS_CONTROL                            0x0800025b   Thumb Code     0  cortexm3_macro.o(.text)
    __MSR_CONTROL                            0x08000261   Thumb Code     0  cortexm3_macro.o(.text)
    __MRS_PSP                                0x0800026b   Thumb Code     0  cortexm3_macro.o(.text)
    __MSR_PSP                                0x08000271   Thumb Code     0  cortexm3_macro.o(.text)
    __MRS_MSP                                0x08000277   Thumb Code     0  cortexm3_macro.o(.text)
    __MSR_MSP                                0x0800027d   Thumb Code     0  cortexm3_macro.o(.text)
    __RESETPRIMASK                           0x08000283   Thumb Code     0  cortexm3_macro.o(.text)
    __SETPRIMASK                             0x08000287   Thumb Code     0  cortexm3_macro.o(.text)
    __READ_PRIMASK                           0x0800028b   Thumb Code     0  cortexm3_macro.o(.text)
    __SETFAULTMASK                           0x08000291   Thumb Code     0  cortexm3_macro.o(.text)
    __RESETFAULTMASK                         0x08000295   Thumb Code     0  cortexm3_macro.o(.text)
    __READ_FAULTMASK                         0x08000299   Thumb Code     0  cortexm3_macro.o(.text)
    __BASEPRICONFIG                          0x0800029f   Thumb Code     0  cortexm3_macro.o(.text)
    __GetBASEPRI                             0x080002a5   Thumb Code     0  cortexm3_macro.o(.text)
    __REV_HalfWord                           0x080002ab   Thumb Code     0  cortexm3_macro.o(.text)
    __REV_Word                               0x080002af   Thumb Code     0  cortexm3_macro.o(.text)
    NMIException                             0x080002b5   Thumb Code     2  stm32f10x_it.o(.text)
    HardFaultException                       0x080002b7   Thumb Code     2  stm32f10x_it.o(.text)
    MemManageException                       0x080002b9   Thumb Code     2  stm32f10x_it.o(.text)
    BusFaultException                        0x080002bb   Thumb Code     2  stm32f10x_it.o(.text)
    UsageFaultException                      0x080002bd   Thumb Code     2  stm32f10x_it.o(.text)
    DebugMonitor                             0x080002bf   Thumb Code     2  stm32f10x_it.o(.text)
    SVCHandler                               0x080002c1   Thumb Code     2  stm32f10x_it.o(.text)
    PendSVC                                  0x080002c3   Thumb Code     2  stm32f10x_it.o(.text)
    SysTickHandler                           0x080002c5   Thumb Code     2  stm32f10x_it.o(.text)
    WWDG_IRQHandler                          0x080002c7   Thumb Code     2  stm32f10x_it.o(.text)
    PVD_IRQHandler                           0x080002c9   Thumb Code     2  stm32f10x_it.o(.text)
    TAMPER_IRQHandler                        0x080002cb   Thumb Code     2  stm32f10x_it.o(.text)
    RTC_IRQHandler                           0x080002cd   Thumb Code     2  stm32f10x_it.o(.text)
    FLASH_IRQHandler                         0x080002cf   Thumb Code     2  stm32f10x_it.o(.text)
    RCC_IRQHandler                           0x080002d1   Thumb Code     2  stm32f10x_it.o(.text)
    EXTI0_IRQHandler                         0x080002d3   Thumb Code     2  stm32f10x_it.o(.text)
    EXTI1_IRQHandler                         0x080002d5   Thumb Code     2  stm32f10x_it.o(.text)
    EXTI2_IRQHandler                         0x080002d7   Thumb Code     2  stm32f10x_it.o(.text)
    EXTI3_IRQHandler                         0x080002d9   Thumb Code    26  stm32f10x_it.o(.text)
    EXTI4_IRQHandler                         0x080002f3   Thumb Code     2  stm32f10x_it.o(.text)
    DMA1_Channel1_IRQHandler                 0x080002f5   Thumb Code     2  stm32f10x_it.o(.text)
    DMA1_Channel2_IRQHandler                 0x080002f7   Thumb Code     2  stm32f10x_it.o(.text)
    DMA1_Channel3_IRQHandler                 0x080002f9   Thumb Code     2  stm32f10x_it.o(.text)
    DMA1_Channel4_IRQHandler                 0x080002fb   Thumb Code     2  stm32f10x_it.o(.text)
    DMA1_Channel5_IRQHandler                 0x080002fd   Thumb Code     2  stm32f10x_it.o(.text)
    DMA1_Channel6_IRQHandler                 0x080002ff   Thumb Code     2  stm32f10x_it.o(.text)
    DMA1_Channel7_IRQHandler                 0x08000301   Thumb Code     2  stm32f10x_it.o(.text)
    ADC1_2_IRQHandler                        0x08000303   Thumb Code     2  stm32f10x_it.o(.text)
    USB_HP_CAN_TX_IRQHandler                 0x08000305   Thumb Code     2  stm32f10x_it.o(.text)
    USB_LP_CAN_RX0_IRQHandler                0x08000307   Thumb Code     2  stm32f10x_it.o(.text)
    CAN_RX1_IRQHandler                       0x08000309   Thumb Code     2  stm32f10x_it.o(.text)
    CAN_SCE_IRQHandler                       0x0800030b   Thumb Code     2  stm32f10x_it.o(.text)
    EXTI9_5_IRQHandler                       0x0800030d   Thumb Code    26  stm32f10x_it.o(.text)
    TIM1_BRK_IRQHandler                      0x08000327   Thumb Code     2  stm32f10x_it.o(.text)
    TIM1_UP_IRQHandler                       0x08000329   Thumb Code     2  stm32f10x_it.o(.text)
    TIM1_TRG_COM_IRQHandler                  0x0800032b   Thumb Code     2  stm32f10x_it.o(.text)
    TIM1_CC_IRQHandler                       0x0800032d   Thumb Code     2  stm32f10x_it.o(.text)
    TIM2_IRQHandler                          0x0800032f   Thumb Code    26  stm32f10x_it.o(.text)
    TIM3_IRQHandler                          0x08000349   Thumb Code     2  stm32f10x_it.o(.text)
    TIM4_IRQHandler                          0x0800034b   Thumb Code     2  stm32f10x_it.o(.text)
    I2C1_EV_IRQHandler                       0x0800034d   Thumb Code     2  stm32f10x_it.o(.text)
    I2C1_ER_IRQHandler                       0x0800034f   Thumb Code     2  stm32f10x_it.o(.text)
    I2C2_EV_IRQHandler                       0x08000351   Thumb Code     2  stm32f10x_it.o(.text)
    I2C2_ER_IRQHandler                       0x08000353   Thumb Code     2  stm32f10x_it.o(.text)
    SPI1_IRQHandler                          0x08000355   Thumb Code     2  stm32f10x_it.o(.text)
    SPI2_IRQHandler                          0x08000357   Thumb Code     2  stm32f10x_it.o(.text)
    USART1_IRQHandler                        0x08000359   Thumb Code    60  stm32f10x_it.o(.text)
    USART2_IRQHandler                        0x08000395   Thumb Code    60  stm32f10x_it.o(.text)
    USART3_IRQHandler                        0x080003d1   Thumb Code    48  stm32f10x_it.o(.text)
    EXTI15_10_IRQHandler                     0x08000401   Thumb Code    26  stm32f10x_it.o(.text)
    RTCAlarm_IRQHandler                      0x0800041b   Thumb Code     2  stm32f10x_it.o(.text)
    USBWakeUp_IRQHandler                     0x0800041d   Thumb Code     2  stm32f10x_it.o(.text)
    TIM8_BRK_IRQHandler                      0x0800041f   Thumb Code     2  stm32f10x_it.o(.text)
    TIM8_UP_IRQHandler                       0x08000421   Thumb Code     2  stm32f10x_it.o(.text)
    TIM8_TRG_COM_IRQHandler                  0x08000423   Thumb Code     2  stm32f10x_it.o(.text)
    TIM8_CC_IRQHandler                       0x08000425   Thumb Code     2  stm32f10x_it.o(.text)
    ADC3_IRQHandler                          0x08000427   Thumb Code     2  stm32f10x_it.o(.text)
    FSMC_IRQHandler                          0x08000429   Thumb Code     2  stm32f10x_it.o(.text)
    SDIO_IRQHandler                          0x0800042b   Thumb Code    26  stm32f10x_it.o(.text)
    TIM5_IRQHandler                          0x08000445   Thumb Code     2  stm32f10x_it.o(.text)
    SPI3_IRQHandler                          0x08000447   Thumb Code     2  stm32f10x_it.o(.text)
    UART4_IRQHandler                         0x08000449   Thumb Code     2  stm32f10x_it.o(.text)
    UART5_IRQHandler                         0x0800044b   Thumb Code     2  stm32f10x_it.o(.text)
    TIM6_IRQHandler                          0x0800044d   Thumb Code     2  stm32f10x_it.o(.text)
    TIM7_IRQHandler                          0x0800044f   Thumb Code     2  stm32f10x_it.o(.text)
    DMA2_Channel1_IRQHandler                 0x08000451   Thumb Code     2  stm32f10x_it.o(.text)
    DMA2_Channel2_IRQHandler                 0x08000453   Thumb Code     2  stm32f10x_it.o(.text)
    DMA2_Channel3_IRQHandler                 0x08000455   Thumb Code     2  stm32f10x_it.o(.text)
    DMA2_Channel4_5_IRQHandler               0x08000457   Thumb Code     2  stm32f10x_it.o(.text)
    Reset_Handler                            0x0800047b   Thumb Code    88  stm32f10x_vector.o(.text)
    __user_initial_stackheap                 0x080004d5   Thumb Code     0  stm32f10x_vector.o(.text)
    OS_CPU_SR_Save                           0x08000535   Thumb Code     0  os_cpu_a.o(.text)
    OS_CPU_SR_Restore                        0x0800053d   Thumb Code     0  os_cpu_a.o(.text)
    OSStartHighRdy                           0x08000543   Thumb Code     0  os_cpu_a.o(.text)
    OSCtxSw                                  0x08000563   Thumb Code     0  os_cpu_a.o(.text)
    OSIntCtxSw                               0x0800056d   Thumb Code     0  os_cpu_a.o(.text)
    OSPendSV                                 0x08000577   Thumb Code     0  os_cpu_a.o(.text)
    OSInitHookBegin                          0x080005dd   Thumb Code     8  os_cpu_c.o(.text)
    OSInitHookEnd                            0x080005e5   Thumb Code     2  os_cpu_c.o(.text)
    OSTaskCreateHook                         0x080005e7   Thumb Code     4  os_cpu_c.o(.text)
    OSTaskDelHook                            0x080005eb   Thumb Code     4  os_cpu_c.o(.text)
    OSTaskIdleHook                           0x080005ef   Thumb Code     4  os_cpu_c.o(.text)
    OSTaskStatHook                           0x080005f3   Thumb Code     4  os_cpu_c.o(.text)
    OSTaskEndSelf                            0x080005f7   Thumb Code    66  os_cpu_c.o(.text)
    OSTaskStkInit                            0x08000639   Thumb Code   114  os_cpu_c.o(.text)
    OSTaskSwHook                             0x080006ab   Thumb Code     4  os_cpu_c.o(.text)
    OSTCBInitHook                            0x080006af   Thumb Code     4  os_cpu_c.o(.text)
    OSTimeTickHook                           0x080006b3   Thumb Code    34  os_cpu_c.o(.text)
    OS_CPU_SysTickHandler                    0x080006d5   Thumb Code    30  os_cpu_c.o(.text)
    OS_CPU_ClkFreq                           0x080006f3   Thumb Code    78  os_cpu_c.o(.text)
    OS_CPU_SysTickInit                       0x08000741   Thumb Code    40  os_cpu_c.o(.text)
    OSDebugInit                              0x080007b5   Thumb Code     2  os_dbg.o(.text)
    OS_StrCopy                               0x080007b9   Thumb Code    28  ucos_ii.o(.text)
    OSEventNameGet                           0x080007d5   Thumb Code    96  ucos_ii.o(.text)
    OS_StrLen                                0x08000835   Thumb Code    20  ucos_ii.o(.text)
    OSEventNameSet                           0x08000849   Thumb Code   104  ucos_ii.o(.text)
    OS_EventTaskRemoveMulti                  0x080008b1   Thumb Code    42  ucos_ii.o(.text)
    OS_Sched                                 0x080008db   Thumb Code    64  ucos_ii.o(.text)
    OS_EventTaskWaitMulti                    0x0800091b   Thumb Code    92  ucos_ii.o(.text)
    OSEventPendMulti                         0x08000977   Thumb Code   434  ucos_ii.o(.text)
    OSTaskNameSet                            0x08000b29   Thumb Code   126  ucos_ii.o(.text)
    OS_EventTaskRemove                       0x08000ba7   Thumb Code    36  ucos_ii.o(.text)
    OS_EventTaskRdy                          0x08000bcb   Thumb Code   126  ucos_ii.o(.text)
    OSSemPost                                0x08000c49   Thumb Code    88  ucos_ii.o(.text)
    OS_EventTaskWait                         0x08000d19   Thumb Code    80  ucos_ii.o(.text)
    OSSemPend                                0x08000d69   Thumb Code   184  ucos_ii.o(.text)
    OS_TCBInit                               0x08000e87   Thumb Code   234  ucos_ii.o(.text)
    OS_TaskStkClr                            0x08000f71   Thumb Code    22  ucos_ii.o(.text)
    OSTaskCreateExt                          0x08000f87   Thumb Code   160  ucos_ii.o(.text)
    OS_EventWaitListInit                     0x08001027   Thumb Code    22  ucos_ii.o(.text)
    OSSemCreate                              0x0800103d   Thumb Code    58  ucos_ii.o(.text)
    OS_MemClr                                0x08001077   Thumb Code    18  ucos_ii.o(.text)
    OSTmr_Init                               0x08001089   Thumb Code   176  ucos_ii.o(.text)
    OSTimeDly                                0x08001139   Thumb Code    72  ucos_ii.o(.text)
    OSTaskStkChk                             0x08001181   Thumb Code   116  ucos_ii.o(.text)
    OS_TaskStatStkChk                        0x080011f5   Thumb Code    50  ucos_ii.o(.text)
    OSTaskSuspend                            0x08001227   Thumb Code   144  ucos_ii.o(.text)
    OS_TaskStat                              0x080012b7   Thumb Code    84  ucos_ii.o(.text)
    OS_TaskIdle                              0x0800130b   Thumb Code    24  ucos_ii.o(.text)
    OS_QInit                                 0x08001323   Thumb Code    46  ucos_ii.o(.text)
    OS_MemInit                               0x08001351   Thumb Code    60  ucos_ii.o(.text)
    OSInit                                   0x0800138d   Thumb Code   376  ucos_ii.o(.text)
    OSIntEnter                               0x08001505   Thumb Code    20  ucos_ii.o(.text)
    OSIntExit                                0x08001519   Thumb Code    82  ucos_ii.o(.text)
    OSSchedLock                              0x0800156b   Thumb Code    38  ucos_ii.o(.text)
    OSSchedUnlock                            0x08001591   Thumb Code    54  ucos_ii.o(.text)
    OSStart                                  0x080015c7   Thumb Code    38  ucos_ii.o(.text)
    OSStatInit                               0x080015ed   Thumb Code    48  ucos_ii.o(.text)
    OSTimeTick                               0x0800161d   Thumb Code   168  ucos_ii.o(.text)
    OSVersion                                0x080016c5   Thumb Code     6  ucos_ii.o(.text)
    OS_Dummy                                 0x080016cb   Thumb Code     2  ucos_ii.o(.text)
    OS_MemCopy                               0x080016cd   Thumb Code    20  ucos_ii.o(.text)
    OSMemCreate                              0x080016e1   Thumb Code   116  ucos_ii.o(.text)
    OSMemGet                                 0x08001755   Thumb Code    58  ucos_ii.o(.text)
    OSMemNameGet                             0x0800178f   Thumb Code    72  ucos_ii.o(.text)
    OSMemNameSet                             0x080017d7   Thumb Code    82  ucos_ii.o(.text)
    OSMemPut                                 0x08001829   Thumb Code    58  ucos_ii.o(.text)
    OSMemQuery                               0x08001863   Thumb Code   112  ucos_ii.o(.text)
    OSQAccept                                0x080018d3   Thumb Code    84  ucos_ii.o(.text)
    OSQCreate                                0x08001927   Thumb Code   112  ucos_ii.o(.text)
    OSQDel                                   0x08001997   Thumb Code   236  ucos_ii.o(.text)
    OSQFlush                                 0x08001a83   Thumb Code    44  ucos_ii.o(.text)
    OSQPend                                  0x08001aaf   Thumb Code   218  ucos_ii.o(.text)
    OSQPendAbort                             0x08001b89   Thumb Code   116  ucos_ii.o(.text)
    OSQPost                                  0x08001bfd   Thumb Code   112  ucos_ii.o(.text)
    OSQPostFront                             0x08001c6d   Thumb Code   110  ucos_ii.o(.text)
    OSQPostOpt                               0x08001cdb   Thumb Code   174  ucos_ii.o(.text)
    OSQQuery                                 0x08001d89   Thumb Code    90  ucos_ii.o(.text)
    OSSemAccept                              0x08001de3   Thumb Code    36  ucos_ii.o(.text)
    OSSemDel                                 0x08001e07   Thumb Code   210  ucos_ii.o(.text)
    OSSemPendAbort                           0x08001ed9   Thumb Code   116  ucos_ii.o(.text)
    OSSemQuery                               0x08001f4d   Thumb Code    74  ucos_ii.o(.text)
    OSSemSet                                 0x08001f97   Thumb Code    60  ucos_ii.o(.text)
    OSTaskChangePrio                         0x08001fd3   Thumb Code   328  ucos_ii.o(.text)
    OSTaskCreate                             0x0800211b   Thumb Code   130  ucos_ii.o(.text)
    OSTaskDel                                0x0800219d   Thumb Code   262  ucos_ii.o(.text)
    OSTaskDelReq                             0x080022a3   Thumb Code    90  ucos_ii.o(.text)
    OSTaskNameGet                            0x080022fd   Thumb Code   112  ucos_ii.o(.text)
    OSTaskResume                             0x0800236d   Thumb Code   140  ucos_ii.o(.text)
    OSTaskQuery                              0x080023f9   Thumb Code    92  ucos_ii.o(.text)
    OSTimeDlyHMSM                            0x08002455   Thumb Code   128  ucos_ii.o(.text)
    OSTimeDlyResume                          0x080024d5   Thumb Code   140  ucos_ii.o(.text)
    OSTimeGet                                0x08002561   Thumb Code    18  ucos_ii.o(.text)
    OSTimeSet                                0x08002573   Thumb Code    20  ucos_ii.o(.text)
    OSTmrCreate                              0x08002587   Thumb Code   198  ucos_ii.o(.text)
    OSTmrDel                                 0x08002681   Thumb Code   102  ucos_ii.o(.text)
    OSTmrNameGet                             0x080026e7   Thumb Code   110  ucos_ii.o(.text)
    OSTmrRemainGet                           0x08002755   Thumb Code   130  ucos_ii.o(.text)
    OSTmrStateGet                            0x080027d7   Thumb Code    88  ucos_ii.o(.text)
    OSTmrStart                               0x0800282f   Thumb Code   104  ucos_ii.o(.text)
    OSTmrStop                                0x08002897   Thumb Code   150  ucos_ii.o(.text)
    OSTmrSignal                              0x0800292d   Thumb Code     8  ucos_ii.o(.text)
    FLASH_SetLatency                         0x0800296d   Thumb Code    18  stm32f10x_flash.o(.text)
    FLASH_HalfCycleAccessCmd                 0x0800297f   Thumb Code    18  stm32f10x_flash.o(.text)
    FLASH_PrefetchBufferCmd                  0x08002991   Thumb Code    18  stm32f10x_flash.o(.text)
    FLASH_Unlock                             0x080029a3   Thumb Code    12  stm32f10x_flash.o(.text)
    FLASH_Lock                               0x080029af   Thumb Code    12  stm32f10x_flash.o(.text)
    FLASH_GetStatus                          0x080029bb   Thumb Code    34  stm32f10x_flash.o(.text)
    FLASH_WaitForLastOperation               0x080029dd   Thumb Code    40  stm32f10x_flash.o(.text)
    FLASH_ErasePage                          0x08002a05   Thumb Code    60  stm32f10x_flash.o(.text)
    FLASH_EraseAllPages                      0x08002a41   Thumb Code    56  stm32f10x_flash.o(.text)
    FLASH_EraseOptionBytes                   0x08002a79   Thumb Code   100  stm32f10x_flash.o(.text)
    FLASH_ProgramWord                        0x08002add   Thumb Code    64  stm32f10x_flash.o(.text)
    FLASH_ProgramHalfWord                    0x08002b1d   Thumb Code    50  stm32f10x_flash.o(.text)
    FLASH_ProgramOptionByteData              0x08002b4f   Thumb Code    58  stm32f10x_flash.o(.text)
    FLASH_EnableWriteProtection              0x08002b89   Thumb Code   150  stm32f10x_flash.o(.text)
    FLASH_ReadOutProtection                  0x08002c1f   Thumb Code   120  stm32f10x_flash.o(.text)
    FLASH_UserOptionByteConfig               0x08002c97   Thumb Code    72  stm32f10x_flash.o(.text)
    FLASH_GetUserOptionByte                  0x08002cdf   Thumb Code     8  stm32f10x_flash.o(.text)
    FLASH_GetWriteProtectionOptionByte       0x08002ce7   Thumb Code     6  stm32f10x_flash.o(.text)
    FLASH_GetReadOutProtectionStatus         0x08002ced   Thumb Code    14  stm32f10x_flash.o(.text)
    FLASH_GetPrefetchBufferStatus            0x08002cfb   Thumb Code    14  stm32f10x_flash.o(.text)
    FLASH_ITConfig                           0x08002d09   Thumb Code    18  stm32f10x_flash.o(.text)
    FLASH_GetFlagStatus                      0x08002d1b   Thumb Code    28  stm32f10x_flash.o(.text)
    FLASH_ClearFlag                          0x08002d37   Thumb Code     6  stm32f10x_flash.o(.text)
    GPIO_DeInit                              0x08002d55   Thumb Code   152  stm32f10x_gpio.o(.text)
    GPIO_AFIODeInit                          0x08002ded   Thumb Code    22  stm32f10x_gpio.o(.text)
    GPIO_Init                                0x08002e03   Thumb Code   156  stm32f10x_gpio.o(.text)
    GPIO_StructInit                          0x08002e9f   Thumb Code    16  stm32f10x_gpio.o(.text)
    GPIO_ReadInputDataBit                    0x08002eaf   Thumb Code    14  stm32f10x_gpio.o(.text)
    GPIO_ReadInputData                       0x08002ebd   Thumb Code     6  stm32f10x_gpio.o(.text)
    GPIO_ReadOutputDataBit                   0x08002ec3   Thumb Code    14  stm32f10x_gpio.o(.text)
    GPIO_ReadOutputData                      0x08002ed1   Thumb Code     6  stm32f10x_gpio.o(.text)
    GPIO_SetBits                             0x08002ed7   Thumb Code     4  stm32f10x_gpio.o(.text)
    GPIO_ResetBits                           0x08002edb   Thumb Code     4  stm32f10x_gpio.o(.text)
    GPIO_WriteBit                            0x08002edf   Thumb Code    10  stm32f10x_gpio.o(.text)
    GPIO_Write                               0x08002ee9   Thumb Code     4  stm32f10x_gpio.o(.text)
    GPIO_PinLockConfig                       0x08002eed   Thumb Code    16  stm32f10x_gpio.o(.text)
    GPIO_EventOutputConfig                   0x08002efd   Thumb Code    22  stm32f10x_gpio.o(.text)
    GPIO_EventOutputCmd                      0x08002f13   Thumb Code     6  stm32f10x_gpio.o(.text)
    GPIO_PinRemapConfig                      0x08002f19   Thumb Code    66  stm32f10x_gpio.o(.text)
    GPIO_EXTILineConfig                      0x08002f5b   Thumb Code    34  stm32f10x_gpio.o(.text)
    NVIC_DeInit                              0x08002f8d   Thumb Code    44  stm32f10x_nvic.o(.text)
    NVIC_SCBDeInit                           0x08002fb9   Thumb Code    58  stm32f10x_nvic.o(.text)
    NVIC_PriorityGroupConfig                 0x08002ff3   Thumb Code    10  stm32f10x_nvic.o(.text)
    NVIC_Init                                0x08002ffd   Thumb Code   116  stm32f10x_nvic.o(.text)
    NVIC_StructInit                          0x08003071   Thumb Code    12  stm32f10x_nvic.o(.text)
    NVIC_SETPRIMASK                          0x0800307d   Thumb Code     4  stm32f10x_nvic.o(.text)
    NVIC_RESETPRIMASK                        0x08003081   Thumb Code     4  stm32f10x_nvic.o(.text)
    NVIC_SETFAULTMASK                        0x08003085   Thumb Code     4  stm32f10x_nvic.o(.text)
    NVIC_RESETFAULTMASK                      0x08003089   Thumb Code     4  stm32f10x_nvic.o(.text)
    NVIC_BASEPRICONFIG                       0x0800308d   Thumb Code     6  stm32f10x_nvic.o(.text)
    NVIC_GetBASEPRI                          0x08003093   Thumb Code     4  stm32f10x_nvic.o(.text)
    NVIC_GetCurrentPendingIRQChannel         0x08003097   Thumb Code    10  stm32f10x_nvic.o(.text)
    NVIC_GetIRQChannelPendingBitStatus       0x080030a1   Thumb Code    34  stm32f10x_nvic.o(.text)
    NVIC_SetIRQChannelPendingBit             0x080030c3   Thumb Code     6  stm32f10x_nvic.o(.text)
    NVIC_ClearIRQChannelPendingBit           0x080030c9   Thumb Code    24  stm32f10x_nvic.o(.text)
    NVIC_GetCurrentActiveHandler             0x080030e1   Thumb Code    10  stm32f10x_nvic.o(.text)
    NVIC_GetIRQChannelActiveBitStatus        0x080030eb   Thumb Code    34  stm32f10x_nvic.o(.text)
    NVIC_GetCPUID                            0x0800310d   Thumb Code     6  stm32f10x_nvic.o(.text)
    NVIC_SetVectorTable                      0x08003113   Thumb Code    12  stm32f10x_nvic.o(.text)
    NVIC_GenerateSystemReset                 0x0800311f   Thumb Code    10  stm32f10x_nvic.o(.text)
    NVIC_GenerateCoreReset                   0x08003129   Thumb Code    10  stm32f10x_nvic.o(.text)
    NVIC_SystemLPConfig                      0x08003133   Thumb Code    24  stm32f10x_nvic.o(.text)
    NVIC_SystemHandlerConfig                 0x0800314b   Thumb Code    32  stm32f10x_nvic.o(.text)
    NVIC_SystemHandlerPriorityConfig         0x0800316b   Thumb Code    80  stm32f10x_nvic.o(.text)
    NVIC_GetSystemHandlerPendingBitStatus    0x080031bb   Thumb Code    28  stm32f10x_nvic.o(.text)
    NVIC_SetSystemHandlerPendingBit          0x080031d7   Thumb Code    24  stm32f10x_nvic.o(.text)
    NVIC_ClearSystemHandlerPendingBit        0x080031ef   Thumb Code    28  stm32f10x_nvic.o(.text)
    NVIC_GetSystemHandlerActiveBitStatus     0x0800320b   Thumb Code    28  stm32f10x_nvic.o(.text)
    NVIC_GetFaultHandlerSources              0x08003227   Thumb Code    52  stm32f10x_nvic.o(.text)
    NVIC_GetFaultAddress                     0x0800325b   Thumb Code    22  stm32f10x_nvic.o(.text)
    RCC_DeInit                               0x08003291   Thumb Code    48  stm32f10x_rcc.o(.text)
    RCC_HSEConfig                            0x080032c1   Thumb Code    48  stm32f10x_rcc.o(.text)
    RCC_GetFlagStatus                        0x080032f1   Thumb Code    42  stm32f10x_rcc.o(.text)
    RCC_WaitForHSEStartUp                    0x0800331b   Thumb Code    36  stm32f10x_rcc.o(.text)
    RCC_AdjustHSICalibrationValue            0x0800333f   Thumb Code    16  stm32f10x_rcc.o(.text)
    RCC_HSICmd                               0x0800334f   Thumb Code     6  stm32f10x_rcc.o(.text)
    RCC_PLLConfig                            0x08003355   Thumb Code    16  stm32f10x_rcc.o(.text)
    RCC_PLLCmd                               0x08003365   Thumb Code     6  stm32f10x_rcc.o(.text)
    RCC_SYSCLKConfig                         0x0800336b   Thumb Code    14  stm32f10x_rcc.o(.text)
    RCC_GetSYSCLKSource                      0x08003379   Thumb Code    10  stm32f10x_rcc.o(.text)
    RCC_HCLKConfig                           0x08003383   Thumb Code    14  stm32f10x_rcc.o(.text)
    RCC_PCLK1Config                          0x08003391   Thumb Code    14  stm32f10x_rcc.o(.text)
    RCC_PCLK2Config                          0x0800339f   Thumb Code    16  stm32f10x_rcc.o(.text)
    RCC_ITConfig                             0x080033af   Thumb Code    18  stm32f10x_rcc.o(.text)
    RCC_USBCLKConfig                         0x080033c1   Thumb Code     6  stm32f10x_rcc.o(.text)
    RCC_ADCCLKConfig                         0x080033c7   Thumb Code    14  stm32f10x_rcc.o(.text)
    RCC_LSEConfig                            0x080033d5   Thumb Code    26  stm32f10x_rcc.o(.text)
    RCC_LSICmd                               0x080033ef   Thumb Code     6  stm32f10x_rcc.o(.text)
    RCC_RTCCLKConfig                         0x080033f5   Thumb Code    10  stm32f10x_rcc.o(.text)
    RCC_RTCCLKCmd                            0x080033ff   Thumb Code     6  stm32f10x_rcc.o(.text)
    RCC_GetClocksFreq                        0x08003405   Thumb Code   132  stm32f10x_rcc.o(.text)
    RCC_AHBPeriphClockCmd                    0x08003489   Thumb Code    18  stm32f10x_rcc.o(.text)
    RCC_APB2PeriphClockCmd                   0x0800349b   Thumb Code    18  stm32f10x_rcc.o(.text)
    RCC_APB1PeriphClockCmd                   0x080034ad   Thumb Code    18  stm32f10x_rcc.o(.text)
    RCC_APB2PeriphResetCmd                   0x080034bf   Thumb Code    18  stm32f10x_rcc.o(.text)
    RCC_APB1PeriphResetCmd                   0x080034d1   Thumb Code    18  stm32f10x_rcc.o(.text)
    RCC_BackupResetCmd                       0x080034e3   Thumb Code     6  stm32f10x_rcc.o(.text)
    RCC_ClockSecuritySystemCmd               0x080034e9   Thumb Code     6  stm32f10x_rcc.o(.text)
    RCC_MCOConfig                            0x080034ef   Thumb Code     6  stm32f10x_rcc.o(.text)
    RCC_ClearFlag                            0x080034f5   Thumb Code    12  stm32f10x_rcc.o(.text)
    RCC_GetITStatus                          0x08003501   Thumb Code    16  stm32f10x_rcc.o(.text)
    RCC_ClearITPendingBit                    0x08003511   Thumb Code     6  stm32f10x_rcc.o(.text)
    USART_DeInit                             0x08003549   Thumb Code    98  stm32f10x_usart.o(.text)
    USART_Init                               0x080035ab   Thumb Code   134  stm32f10x_usart.o(.text)
    USART_StructInit                         0x08003631   Thumb Code    22  stm32f10x_usart.o(.text)
    USART_ClockInit                          0x08003647   Thumb Code    30  stm32f10x_usart.o(.text)
    USART_ClockStructInit                    0x08003665   Thumb Code    12  stm32f10x_usart.o(.text)
    USART_Cmd                                0x08003671   Thumb Code    20  stm32f10x_usart.o(.text)
    USART_ITConfig                           0x08003685   Thumb Code    48  stm32f10x_usart.o(.text)
    USART_DMACmd                             0x080036b5   Thumb Code    16  stm32f10x_usart.o(.text)
    USART_SetAddress                         0x080036c5   Thumb Code    16  stm32f10x_usart.o(.text)
    USART_WakeUpConfig                       0x080036d5   Thumb Code    16  stm32f10x_usart.o(.text)
    USART_ReceiverWakeUpCmd                  0x080036e5   Thumb Code    20  stm32f10x_usart.o(.text)
    USART_LINBreakDetectLengthConfig         0x080036f9   Thumb Code    16  stm32f10x_usart.o(.text)
    USART_LINCmd                             0x08003709   Thumb Code    20  stm32f10x_usart.o(.text)
    USART_SendData                           0x0800371d   Thumb Code     8  stm32f10x_usart.o(.text)
    USART_ReceiveData                        0x08003725   Thumb Code     8  stm32f10x_usart.o(.text)
    USART_SendBreak                          0x0800372d   Thumb Code    10  stm32f10x_usart.o(.text)
    USART_SetGuardTime                       0x08003737   Thumb Code    16  stm32f10x_usart.o(.text)
    USART_SetPrescaler                       0x08003747   Thumb Code    16  stm32f10x_usart.o(.text)
    USART_SmartCardCmd                       0x08003757   Thumb Code    20  stm32f10x_usart.o(.text)
    USART_SmartCardNACKCmd                   0x0800376b   Thumb Code    20  stm32f10x_usart.o(.text)
    USART_HalfDuplexCmd                      0x0800377f   Thumb Code    20  stm32f10x_usart.o(.text)
    USART_IrDAConfig                         0x08003793   Thumb Code    16  stm32f10x_usart.o(.text)
    USART_IrDACmd                            0x080037a3   Thumb Code    20  stm32f10x_usart.o(.text)
    USART_GetFlagStatus                      0x080037b7   Thumb Code    14  stm32f10x_usart.o(.text)
    USART_ClearFlag                          0x080037c5   Thumb Code     6  stm32f10x_usart.o(.text)
    USART_GetITStatus                        0x080037cb   Thumb Code    62  stm32f10x_usart.o(.text)
    USART_ClearITPendingBit                  0x08003809   Thumb Code    12  stm32f10x_usart.o(.text)
    PWR_DeInit                               0x08003821   Thumb Code    24  stm32f10x_pwr.o(.text)
    PWR_BackupAccessCmd                      0x08003839   Thumb Code     6  stm32f10x_pwr.o(.text)
    PWR_PVDCmd                               0x0800383f   Thumb Code     6  stm32f10x_pwr.o(.text)
    PWR_PVDLevelConfig                       0x08003845   Thumb Code    14  stm32f10x_pwr.o(.text)
    PWR_WakeUpPinCmd                         0x08003853   Thumb Code     6  stm32f10x_pwr.o(.text)
    PWR_EnterSTOPMode                        0x08003859   Thumb Code    34  stm32f10x_pwr.o(.text)
    PWR_EnterSTANDBYMode                     0x0800387b   Thumb Code    32  stm32f10x_pwr.o(.text)
    PWR_GetFlagStatus                        0x0800389b   Thumb Code    16  stm32f10x_pwr.o(.text)
    PWR_ClearFlag                            0x080038ab   Thumb Code    12  stm32f10x_pwr.o(.text)
    NVIC_Configuration                       0x080038c9   Thumb Code    76  drv_init.o(.text)
    RCC_Configuration                        0x08003915   Thumb Code   144  drv_init.o(.text)
    drv_all_init                             0x080039a5   Thumb Code    20  drv_init.o(.text)
    gpio_init                                0x080039b9   Thumb Code    50  gpio.o(.text)
    led_init                                 0x080039ed   Thumb Code    40  led.o(.text)
    get_led_state                            0x08003a15   Thumb Code    40  led.o(.text)
    set_led_state                            0x08003a3d   Thumb Code    56  led.o(.text)
    led_off                                  0x08003a75   Thumb Code    32  led.o(.text)
    led_on                                   0x08003a95   Thumb Code    32  led.o(.text)
    ferror                                   0x08003abd   Thumb Code     6  retarget.o(.text)
    _ttywrch                                 0x08003ac3   Thumb Code     2  retarget.o(.text)
    _sys_exit                                0x08003ac5   Thumb Code     2  retarget.o(.text)
    fgetc                                    0x08003ac7   Thumb Code     4  retarget.o(.text)
    fputc                                    0x08003acb   Thumb Code     4  retarget.o(.text)
    __backspace                              0x08003acf   Thumb Code    40  retarget.o(.text)
    ZD1600_COMInit                           0x08003afd   Thumb Code   214  uart_drv.o(.text)
    uart_rx_itconf                           0x08003bd3   Thumb Code    18  uart_drv.o(.text)
    uart_rx_bufset                           0x08003be5   Thumb Code    30  uart_drv.o(.text)
    suart_rx_isr                             0x08003c03   Thumb Code    36  uart_drv.o(.text)
    suart_tx_isr                             0x08003c27   Thumb Code    46  uart_drv.o(.text)
    suart_send_data                          0x08003c55   Thumb Code    54  uart_drv.o(.text)
    guart_send_data                          0x08003c8b   Thumb Code    56  uart_drv.o(.text)
    guart_tx_isr                             0x08003cc3   Thumb Code    48  uart_drv.o(.text)
    guart_rx_isr                             0x08003cf3   Thumb Code    74  uart_drv.o(.text)
    system_reset                             0x08003d51   Thumb Code    14  hw_core.o(.text)
    hardfault_isr                            0x08003d5f   Thumb Code    36  hw_core.o(.text)
    main                                     0x08003d89   Thumb Code    40  main.o(.text)
    check_string                             0x08003db1   Thumb Code    68  gd_string.o(.text)
    ascii_to_hex                             0x08003df5   Thumb Code    88  gd_string.o(.text)
    hex_to_ascii                             0x08003e4d   Thumb Code    66  gd_string.o(.text)
    char_to_int                              0x08003e8f   Thumb Code    44  gd_string.o(.text)
    check_sum_16                             0x08003ebb   Thumb Code    42  gd_string.o(.text)
    gd_heart_beat_init                       0x08003ee5   Thumb Code   106  gd_string.o(.text)
    gd_data_init                             0x08003f4f   Thumb Code    68  gd_string.o(.text)
    gd_frame_data_init                       0x08003f93   Thumb Code    90  gd_string.o(.text)
    gd_frame_data_resolve                    0x08003fed   Thumb Code    98  gd_string.o(.text)
    gd_get_config                            0x080040a9   Thumb Code     4  gd_config.o(.text)
    gd_task_config                           0x080040ad   Thumb Code     6  gd_config.o(.text)
    gd_component_init                        0x080040b3   Thumb Code    14  gd_com_init.o(.text)
    App_TaskCreateHook                       0x080040c1   Thumb Code     2  gd_app_hook.o(.text)
    App_TaskDelHook                          0x080040c3   Thumb Code     4  gd_app_hook.o(.text)
    App_TaskIdleHook                         0x080040c7   Thumb Code     2  gd_app_hook.o(.text)
    App_TaskStatHook                         0x080040c9   Thumb Code     8  gd_app_hook.o(.text)
    App_TaskSwHook                           0x080040d1   Thumb Code    28  gd_app_hook.o(.text)
    App_TCBInitHook                          0x080040ed   Thumb Code     2  gd_app_hook.o(.text)
    App_TimeTickHook                         0x080040ef   Thumb Code     2  gd_app_hook.o(.text)
    gd_task_led                              0x080040fd   Thumb Code   186  gd_led.o(.text)
    InitPSRAM                                0x080041b9   Thumb Code    62  gd_mem.o(.text)
    PutAddress                               0x080041f7   Thumb Code    56  gd_mem.o(.text)
    PutPSRAM                                 0x0800422f   Thumb Code    42  gd_mem.o(.text)
    GetPSRAM                                 0x08004259   Thumb Code    34  gd_mem.o(.text)
    sp2gm_buf_full_process                   0x0800427b   Thumb Code    46  gd_mem.o(.text)
    sp2gm_adjust_buf_pos                     0x080042a9   Thumb Code    52  gd_mem.o(.text)
    sp2gm_cache_frame                        0x080042dd   Thumb Code   132  gd_mem.o(.text)
    sp2gm_remove_frame                       0x08004361   Thumb Code    72  gd_mem.o(.text)
    network_tcpip_state_change               0x080043cd   Thumb Code    90  gd_network.o(.text)
    network_heart_beat                       0x08004427   Thumb Code   222  gd_network.o(.text)
    network_tcpip_creat                      0x08004505   Thumb Code   250  gd_network.o(.text)
    network_tcpip_mode                       0x080045ff   Thumb Code    74  gd_network.o(.text)
    network_tcpip_init                       0x08004649   Thumb Code    94  gd_network.o(.text)
    network_gm_init                          0x080046a7   Thumb Code    68  gd_network.o(.text)
    network_gm_reset                         0x080046eb   Thumb Code    70  gd_network.o(.text)
    gd_task_network                          0x08004731   Thumb Code   160  gd_network.o(.text)
    Run_Task                                 0x080047d1   Thumb Code    66  gd_system.o(.text)
    gd_judge_work_mode                       0x08004813   Thumb Code    16  gd_system.o(.text)
    gd_start_tasks                           0x08004823   Thumb Code    46  gd_system.o(.text)
    gd_task_init                             0x08004851   Thumb Code    28  gd_system.o(.text)
    gd_start_init_task                       0x0800486d   Thumb Code    14  gd_system.o(.text)
    gd_uart_init                             0x0800487b   Thumb Code    24  gd_system.o(.text)
    gd_system_init                           0x08004893   Thumb Code   276  gd_system.o(.text)
    suart_msg_process                        0x080049c5   Thumb Code   122  gd_suart.o(.text)
    gd_task_suart                            0x08004a3f   Thumb Code   210  gd_suart.o(.text)
    unrequest_at_dispose                     0x08004b15   Thumb Code    82  gd_guart.o(.text)
    gd_task_guart_rx                         0x08004b67   Thumb Code   258  gd_guart.o(.text)
    guart_recv_data_process                  0x08004c69   Thumb Code   280  gd_guart.o(.text)
    guart_send_data_process                  0x08004d81   Thumb Code   186  gd_guart.o(.text)
    guart_msg_process                        0x08004e3b   Thumb Code    68  gd_guart.o(.text)
    gd_task_guart                            0x08004e7f   Thumb Code    78  gd_guart.o(.text)
    recvAT                                   0x08004ef9   Thumb Code    50  gd_gm.o(.text)
    delays                                   0x08004f2b   Thumb Code    12  gd_gm.o(.text)
    at_at                                    0x08004f37   Thumb Code    38  gd_gm.o(.text)
    at_ate0                                  0x08004f5d   Thumb Code    38  gd_gm.o(.text)
    at_ate1                                  0x08004f83   Thumb Code    38  gd_gm.o(.text)
    at_tsim                                  0x08004fa9   Thumb Code    46  gd_gm.o(.text)
    at_csq                                   0x08004fd7   Thumb Code    54  gd_gm.o(.text)
    at_iomode                                0x0800500d   Thumb Code    70  gd_gm.o(.text)
    at_iomode_check                          0x08005053   Thumb Code   116  gd_gm.o(.text)
    gprsmodule_shutdown                      0x080050c7   Thumb Code     8  gd_gm.o(.text)
    gprsmodule_reset                         0x080050cf   Thumb Code    36  gd_gm.o(.text)
    gprs_bps_set                             0x080050f3   Thumb Code    58  gd_gm.o(.text)
    gprsmodule_init                          0x0800512d   Thumb Code   136  gd_gm.o(.text)
    gprs_tcpip_init                          0x080051b5   Thumb Code   234  gd_gm.o(.text)
    gprs_tcpip_mode_init                     0x0800529f   Thumb Code    46  gd_gm.o(.text)
    gprs_tcpip_creat_connection              0x080052cd   Thumb Code   422  gd_gm.o(.text)
    gprs_tcpip_creat_connection_n            0x08005473   Thumb Code   162  gd_gm.o(.text)
    gprs_tcpip_close_connection              0x08005515   Thumb Code    60  gd_gm.o(.text)
    gprs_tcpip_send                          0x08005551   Thumb Code   142  gd_gm.o(.text)
    gprs_tcpip_request_data                  0x080055df   Thumb Code   190  gd_gm.o(.text)
    gprs_tcpip_recvbuf_query                 0x0800569d   Thumb Code   132  gd_gm.o(.text)
    gprs_tcpip_recvbuf_delete                0x08005721   Thumb Code    86  gd_gm.o(.text)
    gprs_unrequest_code_dispose              0x08005777   Thumb Code    80  gd_gm.o(.text)
    __I$use$semihosting                      0x0800589d   Thumb Code     0  use_no_semi.o(.text)
    __use_no_semihosting_swi                 0x0800589d   Thumb Code     2  use_no_semi.o(.text)
    __rt_ctype_table                         0x080058a1   Thumb Code    16  rt_ctype_table.o(.text)
    __2printf                                0x080058b1   Thumb Code    24  noretval__2printf.o(.text)
    __2sprintf                               0x080058d1   Thumb Code    34  noretval__2sprintf.o(.text)
    _printf_pre_padding                      0x080058f9   Thumb Code    44  _printf_pad.o(.text)
    _printf_post_padding                     0x08005925   Thumb Code    36  _printf_pad.o(.text)
    _printf_str                              0x08005949   Thumb Code    82  _printf_str.o(.text)
    _printf_int_dec                          0x0800599d   Thumb Code    98  _printf_dec.o(.text)
    __printf                                 0x08005a11   Thumb Code   412  __printf_flags_ss_wp.o(.text)
    abort                                    0x08005bb1   Thumb Code    16  abort.o(.text)
    strcat                                   0x08005bc1   Thumb Code    24  strcat.o(.text)
    strcpy                                   0x08005bd9   Thumb Code    74  strcpy.o(.text)
    strlen                                   0x08005c23   Thumb Code    62  strlen.o(.text)
    __aeabi_memcpy                           0x08005c61   Thumb Code     0  rt_memcpy_v6.o(.text)
    __rt_memcpy                              0x08005c61   Thumb Code   140  rt_memcpy_v6.o(.text)
    _memcpy_lastbytes                        0x08005cc9   Thumb Code     0  rt_memcpy_v6.o(.text)
    memcpy                                   0x08005ced   Thumb Code     8  memcpy.o(.text)
    __aeabi_memcpy4                          0x08005cf5   Thumb Code     0  rt_memcpy_w.o(.text)
    __aeabi_memcpy8                          0x08005cf5   Thumb Code     0  rt_memcpy_w.o(.text)
    __rt_memcpy_w                            0x08005cf5   Thumb Code   100  rt_memcpy_w.o(.text)
    _memcpy_lastbytes_aligned                0x08005d3d   Thumb Code     0  rt_memcpy_w.o(.text)
    __aeabi_memclr4                          0x08005d59   Thumb Code     0  rt_memclr_w.o(.text)
    __aeabi_memclr8                          0x08005d59   Thumb Code     0  rt_memclr_w.o(.text)
    __rt_memclr_w                            0x08005d59   Thumb Code    78  rt_memclr_w.o(.text)
    _memset_w                                0x08005d5d   Thumb Code     0  rt_memclr_w.o(.text)
    __use_two_region_memory                  0x08005da7   Thumb Code     2  heapauxi.o(.text)
    __rt_heap_escrow$2region                 0x08005da9   Thumb Code     2  heapauxi.o(.text)
    __rt_heap_expand$2region                 0x08005dab   Thumb Code     2  heapauxi.o(.text)
    __rt_locale                              0x08005dad   Thumb Code    12  rt_locale_intlibspace.o(.text)
    _printf_int_common                       0x08005db9   Thumb Code   180  _printf_intcommon.o(.text)
    _printf_char_common                      0x08005e77   Thumb Code    34  _printf_char_common.o(.text)
    _sputc                                   0x08005e9d   Thumb Code    10  _sputc.o(.text)
    _printf_cs_common                        0x08005ea7   Thumb Code    20  _printf_char.o(.text)
    _printf_char                             0x08005ebb   Thumb Code    16  _printf_char.o(.text)
    _printf_string                           0x08005ecb   Thumb Code     8  _printf_char.o(.text)
    __rt_SIGABRT                             0x08005ed3   Thumb Code    14  defsig_abrt_outer.o(.text)
    __rt_udiv10                              0x08005ee1   Thumb Code    16  rtudiv10.o(.text)
    __user_libspace                          0x08005ef1   Thumb Code     8  libspace.o(.text)
    __user_perproc_libspace                  0x08005ef1   Thumb Code     0  libspace.o(.text)
    __user_perthread_libspace                0x08005ef1   Thumb Code     0  libspace.o(.text)
    __sig_exit                               0x08005ef9   Thumb Code    10  defsig_exit.o(.text)
    __rt_SIGABRT_inner                       0x08005f05   Thumb Code    14  defsig_abrt_inner.o(.text)
    strcmp                                   0x08005f35   Thumb Code   128  strcmpv7m.o(.text)
    __user_setup_stackheap                   0x08005fb5   Thumb Code    74  sys_stackheap_outer.o(.text)
    exit                                     0x08005fff   Thumb Code    12  exit.o(.text)
    __default_signal_display                 0x0800600b   Thumb Code    50  defsig_general.o(.text)
    __rt_fp_status_addr                      0x0800603d   Thumb Code    12  rt_fp_status_addr_intlibspace.o(.text)
    _get_lc_ctype                            0x08006049   Thumb Code    44  lc_ctype_c.o(locale$$code)
    _fp_init                                 0x08006075   Thumb Code    14  fpinit.o(x$fpl$fpinit)
    __fplib_config_pureend_doubles           0x08006081   Thumb Code     0  fpinit.o(x$fpl$fpinit)
    OSUnMapTbl                               0x08006082   Data         256  ucos_ii.o(.constdata)
    COM_WordLength                           0x08006198   Data           4  uart_drv.o(.constdata)
    COM_TX_PIN                               0x0800619c   Data           6  uart_drv.o(.constdata)
    COM_RX_PIN                               0x080061a2   Data           6  uart_drv.o(.constdata)
    COM_Parity                               0x080061a8   Data           6  uart_drv.o(.constdata)
    COM_StopBits                             0x080061ae   Data           8  uart_drv.o(.constdata)
    COM_HwFlowControl                        0x080061b6   Data           8  uart_drv.o(.constdata)
    COM_USART_CLK                            0x080061c0   Data          12  uart_drv.o(.constdata)
    COM_POR_CLK                              0x080061cc   Data          12  uart_drv.o(.constdata)
    GD_DEVMAC                                0x080061d8   Data           6  gd_system.o(.constdata)
    Region$$Table$$Base                      0x080062b8   Number         0  anon$$obj.o(Region$$Table)
    Region$$Table$$Limit                     0x080062d8   Number         0  anon$$obj.o(Region$$Table)
    __ctype                                  0x080062e5   Data           0  lc_ctype_c.o(locale$$data)
    OSCPUUsage                               0x20000004   Data           1  ucos_ii.o(.data)
    OSStatRdy                                0x20000005   Data           1  ucos_ii.o(.data)
    OSIntNesting                             0x20000006   Data           1  ucos_ii.o(.data)
    OSLockNesting                            0x20000007   Data           1  ucos_ii.o(.data)
    OSPrioCur                                0x20000008   Data           1  ucos_ii.o(.data)
    OSPrioHighRdy                            0x20000009   Data           1  ucos_ii.o(.data)
    OSRdyGrp                                 0x2000000a   Data           1  ucos_ii.o(.data)
    OSRunning                                0x2000000b   Data           1  ucos_ii.o(.data)
    OSTaskCtr                                0x2000000c   Data           1  ucos_ii.o(.data)
    OSTickStepState                          0x2000000d   Data           1  ucos_ii.o(.data)
    OSTmrFree                                0x2000000e   Data           2  ucos_ii.o(.data)
    OSTmrUsed                                0x20000010   Data           2  ucos_ii.o(.data)
    OSCtxSwCtr                               0x20000014   Data           4  ucos_ii.o(.data)
    OSEventFreeList                          0x20000018   Data           4  ucos_ii.o(.data)
    OSIdleCtrMax                             0x2000001c   Data           4  ucos_ii.o(.data)
    OSIdleCtrRun                             0x20000020   Data           4  ucos_ii.o(.data)
    OSRdyTbl                                 0x20000024   Data           4  ucos_ii.o(.data)
    OSIdleCtr                                0x20000028   Data           4  ucos_ii.o(.data)
    OSTCBCur                                 0x2000002c   Data           4  ucos_ii.o(.data)
    OSTCBFreeList                            0x20000030   Data           4  ucos_ii.o(.data)
    OSTCBHighRdy                             0x20000034   Data           4  ucos_ii.o(.data)
    OSTCBList                                0x20000038   Data           4  ucos_ii.o(.data)
    OSMemFreeList                            0x2000003c   Data           4  ucos_ii.o(.data)
    OSQFreeList                              0x20000040   Data           4  ucos_ii.o(.data)
    OSTime                                   0x20000044   Data           4  ucos_ii.o(.data)
    OSTmrTime                                0x20000048   Data           4  ucos_ii.o(.data)
    OSTmrSem                                 0x2000004c   Data           4  ucos_ii.o(.data)
    OSTmrSemSignal                           0x20000050   Data           4  ucos_ii.o(.data)
    OSTmrFreeList                            0x20000054   Data           4  ucos_ii.o(.data)
    __stdout                                 0x20000068   Data           8  retarget.o(.data)
    guart_rx_dp                              0x20000074   Data           4  uart_drv.o(.data)
    usart1_send_position                     0x20000078   Data           4  uart_drv.o(.data)
    usart2_send_position                     0x2000007c   Data           4  uart_drv.o(.data)
    COM_USART                                0x20000080   Data          12  uart_drv.o(.data)
    COM_PORT                                 0x2000008c   Data          12  uart_drv.o(.data)
    stacked_r0                               0x20000098   Data           4  hw_core.o(.data)
    stacked_r1                               0x2000009c   Data           4  hw_core.o(.data)
    stacked_r2                               0x200000a0   Data           4  hw_core.o(.data)
    stacked_r3                               0x200000a4   Data           4  hw_core.o(.data)
    stacked_r12                              0x200000a8   Data           4  hw_core.o(.data)
    stacked_lr                               0x200000ac   Data           4  hw_core.o(.data)
    stacked_pc                               0x200000b0   Data           4  hw_core.o(.data)
    stacked_psr                              0x200000b4   Data           4  hw_core.o(.data)
    sp2gm_start_pos                          0x200000b8   Data           4  gd_mem.o(.data)
    sp2gm_free_pos                           0x200000bc   Data           4  gd_mem.o(.data)
    user_tasks                               0x200000c4   Data         352  gd_system.o(.data)
    GPRS_TCPIP_IOMODE                        0x20000226   Data           1  gd_gm.o(.data)
    OSEventTbl                               0x20000228   Data        1024  ucos_ii.o(.bss)
    OSTaskStatStk                            0x20000628   Data         512  ucos_ii.o(.bss)
    OSTaskIdleStk                            0x20000828   Data         512  ucos_ii.o(.bss)
    OSTCBPrioTbl                             0x20000a28   Data         128  ucos_ii.o(.bss)
    OSTCBTbl                                 0x20000aa8   Data        1936  ucos_ii.o(.bss)
    OSMemTbl                                 0x20001238   Data         576  ucos_ii.o(.bss)
    OSQTbl                                   0x20001478   Data         384  ucos_ii.o(.bss)
    OSTmrTbl                                 0x200015f8   Data         832  ucos_ii.o(.bss)
    OSTmrTaskStk                             0x20001938   Data         512  ucos_ii.o(.bss)
    OSTmrWheelTbl                            0x20001b38   Data          64  ucos_ii.o(.bss)
    uart1_buff                               0x20001b78   Data          20  uart_drv.o(.bss)
    uart2_buff                               0x20001b8c   Data          20  uart_drv.o(.bss)
    gd_task_config_stk                       0x20001ba0   Data        2048  gd_config.o(.bss)
    gd_task_led_stk                          0x200023a0   Data         512  gd_led.o(.bss)
    sp2gm_buf_partition                      0x200025a0   Data        6144  gd_mem.o(.bss)
    sp2gm_buf                                0x20003da0   Data        8192  gd_mem.o(.bss)
    gd_task_network_stk                      0x20005da0   Data        2048  gd_network.o(.bss)
    gd_system                                0x200065a0   Data        3804  gd_system.o(.bss)
    gd_msg_partition                         0x2000747c   Data         512  gd_system.o(.bss)
    gd_task_init_stk                         0x2000767c   Data         512  gd_system.o(.bss)
    gd_task_suart_stk                        0x2000787c   Data        2048  gd_suart.o(.bss)
    gd_task_guart_stk                        0x2000807c   Data        2048  gd_guart.o(.bss)
    gd_task_guart_rx_stk                     0x2000887c   Data        2048  gd_guart.o(.bss)
    gm2sp_frame                              0x2000907c   Data        2056  gd_guart.o(.bss)
    gprs_databuf                             0x20009884   Data        4184  gd_gm.o(.bss)
    __libspace_start                         0x2000a8dc   Data          96  libspace.o(.bss)
    __temporary_stack_top$libspace           0x2000a93c   Data           0  libspace.o(.bss)



==============================================================================

Memory Map of the image

  Image Entry point : 0x08000131

  Load Region LR_IROM1 (Base: 0x08000000, Size: 0x00006610, Max: 0x00080000, ABSOLUTE, COMPRESSED[0x000064c0])

    Execution Region ER_IROM1 (Base: 0x08000000, Size: 0x000063e8, Max: 0x00080000, ABSOLUTE)

    Base Addr    Size         Type   Attr      Idx    E Section Name        Object

    0x08000000   0x00000130   Data   RO          125    RESET               stm32f10x_vector.o
    0x08000130   0x00000008   Code   RO         1130  * !!!main             __main.o(c_w.l)
    0x08000138   0x00000034   Code   RO         1323    !!!scatter          __scatter.o(c_w.l)
    0x0800016c   0x0000005a   Code   RO         1321    !!dczerorl2         __dczerorl2.o(c_w.l)
    0x080001c6   0x00000002   PAD
    0x080001c8   0x0000001c   Code   RO         1325    !!handler_zi        __scatter_zi.o(c_w.l)
    0x080001e4   0x00000000   Code   RO         1100    .ARM.Collect$$_printf_percent$$00000000  _printf_percent.o(c_w.l)
    0x080001e4   0x00000006   Code   RO         1098    .ARM.Collect$$_printf_percent$$00000009  _printf_d.o(c_w.l)
    0x080001ea   0x00000006   Code   RO         1093    .ARM.Collect$$_printf_percent$$00000013  _printf_c.o(c_w.l)
    0x080001f0   0x00000006   Code   RO         1094    .ARM.Collect$$_printf_percent$$00000014  _printf_s.o(c_w.l)
    0x080001f6   0x00000004   Code   RO         1149    .ARM.Collect$$_printf_percent$$00000017  _printf_percent_end.o(c_w.l)
    0x080001fa   0x00000006   Code   RO         1257    .ARM.Collect$$libinit$$00000000  libinit.o(c_w.l)
    0x08000200   0x00000000   Code   RO         1167    .ARM.Collect$$libinit$$00000006  libinit2.o(c_w.l)
    0x08000200   0x00000000   Code   RO         1169    .ARM.Collect$$libinit$$00000008  libinit2.o(c_w.l)
    0x08000200   0x00000000   Code   RO         1171    .ARM.Collect$$libinit$$0000000A  libinit2.o(c_w.l)
    0x08000200   0x00000006   Code   RO         1172    .ARM.Collect$$libinit$$0000000B  libinit2.o(c_w.l)
    0x08000206   0x00000000   Code   RO         1174    .ARM.Collect$$libinit$$0000000D  libinit2.o(c_w.l)
    0x08000206   0x0000000c   Code   RO         1175    .ARM.Collect$$libinit$$0000000E  libinit2.o(c_w.l)
    0x08000212   0x00000000   Code   RO         1176    .ARM.Collect$$libinit$$0000000F  libinit2.o(c_w.l)
    0x08000212   0x00000000   Code   RO         1178    .ARM.Collect$$libinit$$00000011  libinit2.o(c_w.l)
    0x08000212   0x00000000   Code   RO         1180    .ARM.Collect$$libinit$$00000013  libinit2.o(c_w.l)
    0x08000212   0x00000000   Code   RO         1182    .ARM.Collect$$libinit$$00000015  libinit2.o(c_w.l)
    0x08000212   0x00000000   Code   RO         1184    .ARM.Collect$$libinit$$00000017  libinit2.o(c_w.l)
    0x08000212   0x00000000   Code   RO         1186    .ARM.Collect$$libinit$$00000019  libinit2.o(c_w.l)
    0x08000212   0x00000000   Code   RO         1188    .ARM.Collect$$libinit$$0000001B  libinit2.o(c_w.l)
    0x08000212   0x00000000   Code   RO         1190    .ARM.Collect$$libinit$$0000001D  libinit2.o(c_w.l)
    0x08000212   0x00000000   Code   RO         1192    .ARM.Collect$$libinit$$0000001F  libinit2.o(c_w.l)
    0x08000212   0x00000000   Code   RO         1194    .ARM.Collect$$libinit$$00000021  libinit2.o(c_w.l)
    0x08000212   0x00000000   Code   RO         1198    .ARM.Collect$$libinit$$00000028  libinit2.o(c_w.l)
    0x08000212   0x00000000   Code   RO         1200    .ARM.Collect$$libinit$$0000002A  libinit2.o(c_w.l)
    0x08000212   0x00000000   Code   RO         1202    .ARM.Collect$$libinit$$0000002C  libinit2.o(c_w.l)
    0x08000212   0x00000000   Code   RO         1204    .ARM.Collect$$libinit$$0000002E  libinit2.o(c_w.l)
    0x08000212   0x00000002   Code   RO         1205    .ARM.Collect$$libinit$$0000002F  libinit2.o(c_w.l)
    0x08000214   0x00000002   Code   RO         1303    .ARM.Collect$$libshutdown$$00000000  libshutdown.o(c_w.l)
    0x08000216   0x00000000   Code   RO         1306    .ARM.Collect$$libshutdown$$00000003  libshutdown2.o(c_w.l)
    0x08000216   0x00000000   Code   RO         1309    .ARM.Collect$$libshutdown$$00000006  libshutdown2.o(c_w.l)
    0x08000216   0x00000000   Code   RO         1312    .ARM.Collect$$libshutdown$$00000009  libshutdown2.o(c_w.l)
    0x08000216   0x00000000   Code   RO         1314    .ARM.Collect$$libshutdown$$0000000B  libshutdown2.o(c_w.l)
    0x08000216   0x00000000   Code   RO         1317    .ARM.Collect$$libshutdown$$0000000E  libshutdown2.o(c_w.l)
    0x08000216   0x00000002   Code   RO         1318    .ARM.Collect$$libshutdown$$0000000F  libshutdown2.o(c_w.l)
    0x08000218   0x00000000   Code   RO         1132    .ARM.Collect$$rtentry$$00000000  rtentry.o(c_w.l)
    0x08000218   0x00000000   Code   RO         1210    .ARM.Collect$$rtentry$$00000002  rtentry2.o(c_w.l)
    0x08000218   0x00000006   Code   RO         1225    .ARM.Collect$$rtentry$$00000004  rtentry4.o(c_w.l)
    0x0800021e   0x00000000   Code   RO         1212    .ARM.Collect$$rtentry$$00000009  rtentry2.o(c_w.l)
    0x0800021e   0x00000004   Code   RO         1213    .ARM.Collect$$rtentry$$0000000A  rtentry2.o(c_w.l)
    0x08000222   0x00000000   Code   RO         1215    .ARM.Collect$$rtentry$$0000000C  rtentry2.o(c_w.l)
    0x08000222   0x00000008   Code   RO         1216    .ARM.Collect$$rtentry$$0000000D  rtentry2.o(c_w.l)
    0x0800022a   0x00000002   Code   RO         1260    .ARM.Collect$$rtexit$$00000000  rtexit.o(c_w.l)
    0x0800022c   0x00000000   Code   RO         1273    .ARM.Collect$$rtexit$$00000002  rtexit2.o(c_w.l)
    0x0800022c   0x00000004   Code   RO         1274    .ARM.Collect$$rtexit$$00000003  rtexit2.o(c_w.l)
    0x08000230   0x00000006   Code   RO         1275    .ARM.Collect$$rtexit$$00000004  rtexit2.o(c_w.l)
    0x08000236   0x00000002   PAD
    0x08000238   0x0000007a   Code   RO            1    .text               cortexm3_macro.o
    0x080002b2   0x00000002   PAD
    0x080002b4   0x000001b4   Code   RO            6    .text               stm32f10x_it.o
    0x08000468   0x000000cc   Code   RO          126    .text               stm32f10x_vector.o
    0x08000534   0x000000a8   Code   RO          130    .text               os_cpu_a.o
    0x080005dc   0x000001d8   Code   RO          133    .text               os_cpu_c.o
    0x080007b4   0x00000002   Code   RO          158    .text               os_dbg.o
    0x080007b6   0x00000002   PAD
    0x080007b8   0x000021b4   Code   RO          173    .text               ucos_ii.o
    0x0800296c   0x000003e8   Code   RO          205    .text               stm32f10x_flash.o
    0x08002d54   0x00000238   Code   RO          232    .text               stm32f10x_gpio.o
    0x08002f8c   0x00000304   Code   RO          313    .text               stm32f10x_nvic.o
    0x08003290   0x000002b8   Code   RO          325    .text               stm32f10x_rcc.o
    0x08003548   0x000002d8   Code   RO          339    .text               stm32f10x_usart.o
    0x08003820   0x000000a8   Code   RO          351    .text               stm32f10x_pwr.o
    0x080038c8   0x000000f0   Code   RO          546    .text               drv_init.o
    0x080039b8   0x00000032   Code   RO          580    .text               gpio.o
    0x080039ea   0x00000002   PAD
    0x080039ec   0x000000d0   Code   RO          607    .text               led.o
    0x08003abc   0x00000040   Code   RO          624    .text               retarget.o
    0x08003afc   0x00000254   Code   RO          687    .text               uart_drv.o
    0x08003d50   0x00000038   Code   RO          710    .text               hw_core.o
    0x08003d88   0x00000028   Code   RO          743    .text               main.o
    0x08003db0   0x000002f8   Code   RO          793    .text               gd_string.o
    0x080040a8   0x0000000a   Code   RO          811    .text               gd_config.o
    0x080040b2   0x0000000e   Code   RO          835    .text               gd_com_init.o
    0x080040c0   0x0000003c   Code   RO          847    .text               gd_app_hook.o
    0x080040fc   0x000000ba   Code   RO          859    .text               gd_led.o
    0x080041b6   0x00000002   PAD
    0x080041b8   0x00000214   Code   RO          874    .text               gd_mem.o
    0x080043cc   0x00000404   Code   RO          891    .text               gd_network.o
    0x080047d0   0x000001f4   Code   RO          911    .text               gd_system.o
    0x080049c4   0x00000150   Code   RO          945    .text               gd_suart.o
    0x08004b14   0x000003e4   Code   RO          960    .text               gd_guart.o
    0x08004ef8   0x000009a4   Code   RO          981    .text               gd_gm.o
    0x0800589c   0x00000002   Code   RO         1021    .text               use_no_semi.o(c_w.l)
    0x0800589e   0x00000002   PAD
    0x080058a0   0x00000010   Code   RO         1023    .text               rt_ctype_table.o(c_w.l)
    0x080058b0   0x00000020   Code   RO         1031    .text               noretval__2printf.o(c_w.l)
    0x080058d0   0x00000028   Code   RO         1033    .text               noretval__2sprintf.o(c_w.l)
    0x080058f8   0x00000050   Code   RO         1037    .text               _printf_pad.o(c_w.l)
    0x08005948   0x00000052   Code   RO         1041    .text               _printf_str.o(c_w.l)
    0x0800599a   0x00000002   PAD
    0x0800599c   0x00000074   Code   RO         1043    .text               _printf_dec.o(c_w.l)
    0x08005a10   0x000001a0   Code   RO         1090    .text               __printf_flags_ss_wp.o(c_w.l)
    0x08005bb0   0x00000010   Code   RO         1106    .text               abort.o(c_w.l)
    0x08005bc0   0x00000018   Code   RO         1108    .text               strcat.o(c_w.l)
    0x08005bd8   0x0000004a   Code   RO         1112    .text               strcpy.o(c_w.l)
    0x08005c22   0x0000003e   Code   RO         1114    .text               strlen.o(c_w.l)
    0x08005c60   0x0000008c   Code   RO         1116    .text               rt_memcpy_v6.o(c_w.l)
    0x08005cec   0x00000008   Code   RO         1118    .text               memcpy.o(c_w.l)
    0x08005cf4   0x00000064   Code   RO         1122    .text               rt_memcpy_w.o(c_w.l)
    0x08005d58   0x0000004e   Code   RO         1124    .text               rt_memclr_w.o(c_w.l)
    0x08005da6   0x00000006   Code   RO         1128    .text               heapauxi.o(c_w.l)
    0x08005dac   0x0000000c   Code   RO         1137    .text               rt_locale_intlibspace.o(c_w.l)
    0x08005db8   0x000000b4   Code   RO         1139    .text               _printf_intcommon.o(c_w.l)
    0x08005e6c   0x00000030   Code   RO         1141    .text               _printf_char_common.o(c_w.l)
    0x08005e9c   0x0000000a   Code   RO         1143    .text               _sputc.o(c_w.l)
    0x08005ea6   0x0000002c   Code   RO         1145    .text               _printf_char.o(c_w.l)
    0x08005ed2   0x0000000e   Code   RO         1156    .text               defsig_abrt_outer.o(c_w.l)
    0x08005ee0   0x00000010   Code   RO         1163    .text               rtudiv10.o(c_w.l)
    0x08005ef0   0x00000008   Code   RO         1206    .text               libspace.o(c_w.l)
    0x08005ef8   0x0000000a   Code   RO         1231    .text               defsig_exit.o(c_w.l)
    0x08005f02   0x00000002   PAD
    0x08005f04   0x00000030   Code   RO         1233    .text               defsig_abrt_inner.o(c_w.l)
    0x08005f34   0x00000080   Code   RO         1235    .text               strcmpv7m.o(c_w.l)
    0x08005fb4   0x0000004a   Code   RO         1239    .text               sys_stackheap_outer.o(c_w.l)
    0x08005ffe   0x0000000c   Code   RO         1241    .text               exit.o(c_w.l)
    0x0800600a   0x00000032   Code   RO         1245    .text               defsig_general.o(c_w.l)
    0x0800603c   0x0000000c   Code   RO         1283    .text               rt_fp_status_addr_intlibspace.o(c_w.l)
    0x08006048   0x0000002c   Code   RO         1154    locale$$code        lc_ctype_c.o(c_w.l)
    0x08006074   0x0000000e   Code   RO         1270    x$fpl$fpinit        fpinit.o(fz_ws.l)
    0x08006082   0x00000100   Data   RO          175    .constdata          ucos_ii.o
    0x08006182   0x00000014   Data   RO          326    .constdata          stm32f10x_rcc.o
    0x08006196   0x00000002   PAD
    0x08006198   0x00000040   Data   RO          689    .constdata          uart_drv.o
    0x080061d8   0x00000006   Data   RO          914    .constdata          gd_system.o
    0x080061de   0x00000011   Data   RO         1091    .constdata          __printf_flags_ss_wp.o(c_w.l)
    0x080061ef   0x000000c8   Data   RO          915    .conststring        gd_system.o
    0x080062b7   0x00000001   PAD
    0x080062b8   0x00000020   Data   RO         1319    Region$$Table       anon$$obj.o
    0x080062d8   0x00000110   Data   RO         1153    locale$$data        lc_ctype_c.o(c_w.l)


    Execution Region RW_IRAM1 (Base: 0x20000000, Size: 0x0000b13c, Max: 0x00010000, ABSOLUTE, COMPRESSED[0x000000d8])

    Base Addr    Size         Type   Attr      Idx    E Section Name        Object

    0x20000000   0x00000002   Data   RW          134    .data               os_cpu_c.o
    0x20000002   0x00000002   PAD
    0x20000004   0x00000054   Data   RW          176    .data               ucos_ii.o
    0x20000058   0x00000010   Data   RW          608    .data               led.o
    0x20000068   0x00000008   Data   RW          628    .data               retarget.o
    0x20000070   0x00000004   Data   RW          631    .data               retarget.o
    0x20000074   0x00000024   Data   RW          690    .data               uart_drv.o
    0x20000098   0x00000020   Data   RW          711    .data               hw_core.o
    0x200000b8   0x00000008   Data   RW          877    .data               gd_mem.o
    0x200000c0   0x00000002   Data   RW          893    .data               gd_network.o
    0x200000c2   0x00000002   PAD
    0x200000c4   0x00000160   Data   RW          916    .data               gd_system.o
    0x20000224   0x00000002   Data   RW          964    .data               gd_guart.o
    0x20000226   0x00000001   Data   RW          983    .data               gd_gm.o
    0x20000227   0x00000001   PAD
    0x20000228   0x00001950   Zero   RW          174    .bss                ucos_ii.o
    0x20001b78   0x00000028   Zero   RW          688    .bss                uart_drv.o
    0x20001ba0   0x00000800   Zero   RW          812    .bss                gd_config.o
    0x200023a0   0x00000200   Zero   RW          860    .bss                gd_led.o
    0x200025a0   0x00001800   Zero   RW          875    .bss                gd_mem.o
    0x20003da0   0x00002000   Zero   RW          876    .bss                gd_mem.o
    0x20005da0   0x00000800   Zero   RW          892    .bss                gd_network.o
    0x200065a0   0x000010dc   Zero   RW          912    .bss                gd_system.o
    0x2000767c   0x00000200   Zero   RW          913    .bss                gd_system.o
    0x2000787c   0x00000800   Zero   RW          946    .bss                gd_suart.o
    0x2000807c   0x00000800   Zero   RW          961    .bss                gd_guart.o
    0x2000887c   0x00000800   Zero   RW          962    .bss                gd_guart.o
    0x2000907c   0x00000808   Zero   RW          963    .bss                gd_guart.o
    0x20009884   0x00001058   Zero   RW          982    .bss                gd_gm.o
    0x2000a8dc   0x00000060   Zero   RW         1207    .bss                libspace.o(c_w.l)
    0x2000a93c   0x00000000   Zero   RW          124    HEAP                stm32f10x_vector.o
    0x2000a93c   0x00000800   Zero   RW          123    STACK               stm32f10x_vector.o


    Execution Region RW_RAM1 (Base: 0x68000000, Size: 0x00000000, Max: 0x00020000, ABSOLUTE)

    **** No section assigned to this execution region ****


==============================================================================

Image component sizes


      Code (inc. data)   RO Data    RW Data    ZI Data      Debug   Object Name

       122          0          0          0          0        328   cortexm3_macro.o
       240          0          0          0          0        916   drv_init.o
        60         12          0          0          0       1259   gd_app_hook.o
        14          0          0          0          0        428   gd_com_init.o
        10          0          0          0       2048       1004   gd_config.o
      2468        500          0          1       4184       8986   gd_gm.o
       996         52          0          2       6152       3749   gd_guart.o
       186          0          0          0        512        968   gd_led.o
       532         36          0          8      14336       3849   gd_mem.o
      1028         48          0          2       2048       3773   gd_network.o
       760         90          0          0          0       4619   gd_string.o
       336          4          0          0       2048       1838   gd_suart.o
       500         30        206        352       4828       6081   gd_system.o
        50          0          0          0          0        944   gpio.o
        56          6          0         32          0       1341   hw_core.o
       208          8          0         16          0       1570   led.o
        40          0          0          0          0       4821   main.o
       168         40          0          0          0        332   os_cpu_a.o
       472         76          0          2          0      14093   os_cpu_c.o
         2          0          0          0          0        454   os_dbg.o
        64          6          0         12          0       3084   retarget.o
      1000         24          0          0          0     189694   stm32f10x_flash.o
       568         16          0          0          0      19263   stm32f10x_gpio.o
       436         16          0          0          0      20918   stm32f10x_it.o
         0          0          0          0          0      13788   stm32f10x_lib.o
       772         32          0          0          0       7208   stm32f10x_nvic.o
       168         18          0          0          0       1847   stm32f10x_pwr.o
       696         50         20          0          0       8596   stm32f10x_rcc.o
       728         12          0          0          0       7851   stm32f10x_usart.o
       204         88        304          0       2048        360   stm32f10x_vector.o
       596         20         64         36         40       4237   uart_drv.o
      8628        188        256         84       6480      47184   ucos_ii.o

    ----------------------------------------------------------------------
     22116       1372        885        552      44724     385383   Object Totals
         0          0         32          0          0          0   (incl. Generated)
         8          0          3          5          0          1   (incl. Padding)

    ----------------------------------------------------------------------

      Code (inc. data)   RO Data    RW Data    ZI Data      Debug   Library Member Name

        90          0          0          0          0          0   __dczerorl2.o
         8          0          0          0          0         68   __main.o
       416          4         17          0          0         88   __printf_flags_ss_wp.o
        52          8          0          0          0          0   __scatter.o
        28          0          0          0          0          0   __scatter_zi.o
         6          0          0          0          0          0   _printf_c.o
        44          0          0          0          0        108   _printf_char.o
        48          4          0          0          0         96   _printf_char_common.o
         6          0          0          0          0          0   _printf_d.o
       116         18          0          0          0         92   _printf_dec.o
       180          0          0          0          0         88   _printf_intcommon.o
        80          0          0          0          0        104   _printf_pad.o
         0          0          0          0          0          0   _printf_percent.o
         4          0          0          0          0          0   _printf_percent_end.o
         6          0          0          0          0          0   _printf_s.o
        82          0          0          0          0         80   _printf_str.o
        10          0          0          0          0         68   _sputc.o
        16          0          0          0          0         68   abort.o
        48         34          0          0          0         76   defsig_abrt_inner.o
        14          0          0          0          0         80   defsig_abrt_outer.o
        10          0          0          0          0         68   defsig_exit.o
        50          0          0          0          0         84   defsig_general.o
        12          0          0          0          0         68   exit.o
        14          0          0          0          0         76   fpinit.o
         6          0          0          0          0        148   heapauxi.o
        44         10        272          0          0         76   lc_ctype_c.o
         6          0          0          0          0          0   libinit.o
        20          0          0          0          0          0   libinit2.o
         2          0          0          0          0          0   libshutdown.o
         2          0          0          0          0          0   libshutdown2.o
         8          4          0          0         96         68   libspace.o
         8          0          0          0          0         72   memcpy.o
        32          8          0          0          0         80   noretval__2printf.o
        40          6          0          0          0         80   noretval__2sprintf.o
        16          6          0          0          0         76   rt_ctype_table.o
        12          6          0          0          0         68   rt_fp_status_addr_intlibspace.o
        12          6          0          0          0         68   rt_locale_intlibspace.o
        78          0          0          0          0         76   rt_memclr_w.o
       140          0          0          0          0         68   rt_memcpy_v6.o
       100          0          0          0          0         80   rt_memcpy_w.o
         0          0          0          0          0          0   rtentry.o
        12          0          0          0          0          0   rtentry2.o
         6          0          0          0          0          0   rtentry4.o
         2          0          0          0          0          0   rtexit.o
        10          0          0          0          0          0   rtexit2.o
        16          0          0          0          0         68   rtudiv10.o
        24          0          0          0          0         68   strcat.o
       128          2          0          0          0         68   strcmpv7m.o
        74          0          0          0          0         76   strcpy.o
        62          0          0          0          0         76   strlen.o
        74          0          0          0          0         80   sys_stackheap_outer.o
         2          0          0          0          0         68   use_no_semi.o

    ----------------------------------------------------------------------
      2286        116        289          0         96       2776   Library Totals
        10          0          0          0          0          0   (incl. Padding)

    ----------------------------------------------------------------------

      Code (inc. data)   RO Data    RW Data    ZI Data      Debug   Library Name

      2262        116        289          0         96       2700   c_w.l
        14          0          0          0          0         76   fz_ws.l

    ----------------------------------------------------------------------
      2286        116        289          0         96       2776   Library Totals

    ----------------------------------------------------------------------

==============================================================================


      Code (inc. data)   RO Data    RW Data    ZI Data      Debug   

     24402       1488       1174        552      44820     383260   Grand Totals
     24402       1488       1174        216      44820     383260   ELF Image Totals (compressed)
     24402       1488       1174        216          0          0   ROM Totals

==============================================================================

    Total RO  Size (Code + RO Data)                25576 (  24.98kB)
    Total RW  Size (RW Data + ZI Data)             45372 (  44.31kB)
    Total ROM Size (Code + RO Data + RW Data)      25792 (  25.19kB)

==============================================================================

