ARM Linker, RVCT4.0 [Build 728] [Standard]

==============================================================================

Section Cross References

    stm32f10x_it.o(.text) refers to os_cpu_a.o(.text) for OS_CPU_SR_Save
    stm32f10x_it.o(.text) refers to ucos_ii.o(.text) for OSIntExit
    stm32f10x_it.o(.text) refers to stm32f10x_usart.o(.text) for USART_GetITStatus
    stm32f10x_it.o(.text) refers to uart_drv.o(.text) for uart1_rx_isr
    stm32f10x_it.o(.text) refers to ucos_ii.o(.data) for OSIntNesting
    stm32f10x_vector.o(STACK) refers (Special) to heapauxi.o(.text) for __use_two_region_memory
    stm32f10x_vector.o(HEAP) refers (Special) to heapauxi.o(.text) for __use_two_region_memory
    stm32f10x_vector.o(RESET) refers (Special) to heapauxi.o(.text) for __use_two_region_memory
    stm32f10x_vector.o(RESET) refers to stm32f10x_vector.o(STACK) for __initial_sp
    stm32f10x_vector.o(RESET) refers to stm32f10x_vector.o(.text) for Reset_Handler
    stm32f10x_vector.o(RESET) refers to stm32f10x_it.o(.text) for NMIException
    stm32f10x_vector.o(RESET) refers to os_cpu_a.o(.text) for OSPendSV
    stm32f10x_vector.o(RESET) refers to os_cpu_c.o(.text) for OS_CPU_SysTickHandler
    stm32f10x_vector.o(.text) refers (Special) to heapauxi.o(.text) for __use_two_region_memory
    stm32f10x_vector.o(.text) refers to __main.o(!!!main) for __main
    stm32f10x_vector.o(.text) refers to stm32f10x_vector.o(HEAP) for Heap_Mem
    stm32f10x_vector.o(.text) refers to stm32f10x_vector.o(STACK) for Stack_Mem
    os_cpu_a.o(.text) refers to os_cpu_c.o(.text) for OSTaskSwHook
    os_cpu_a.o(.text) refers to ucos_ii.o(.text) for OSIntExit
    os_cpu_a.o(.text) refers to ucos_ii.o(.data) for OSIntNesting
    os_cpu_c.o(.text) refers to _printf_percent.o(.ARM.Collect$$_printf_percent$$00000000) for _printf_percent
    os_cpu_c.o(.text) refers to _printf_d.o(.ARM.Collect$$_printf_percent$$00000009) for _printf_d
    os_cpu_c.o(.text) refers to _printf_s.o(.ARM.Collect$$_printf_percent$$00000014) for _printf_s
    os_cpu_c.o(.text) refers to _printf_dec.o(.text) for _printf_int_dec
    os_cpu_c.o(.text) refers to _printf_str.o(.text) for _printf_str
    os_cpu_c.o(.text) refers to gd_app_hook.o(.text) for App_TaskCreateHook
    os_cpu_c.o(.text) refers to ucos_ii.o(.text) for OSTaskNameGet
    os_cpu_c.o(.text) refers to noretval__2printf.o(.text) for __2printf
    os_cpu_c.o(.text) refers to os_cpu_a.o(.text) for OS_CPU_SR_Save
    os_cpu_c.o(.text) refers to os_cpu_c.o(.data) for .data
    os_cpu_c.o(.text) refers to ucos_ii.o(.data) for OSPrioCur
    ucos_ii.o(.text) refers to os_cpu_a.o(.text) for OS_CPU_SR_Save
    ucos_ii.o(.text) refers to ucos_ii.o(.data) for .data
    ucos_ii.o(.text) refers to ucos_ii.o(.bss) for .bss
    ucos_ii.o(.text) refers to ucos_ii.o(.constdata) for .constdata
    ucos_ii.o(.text) refers to os_cpu_c.o(.text) for OSTCBInitHook
    ucos_ii.o(.text) refers to os_dbg.o(.text) for OSDebugInit
    stm32f10x_gpio.o(.text) refers to stm32f10x_rcc.o(.text) for RCC_APB2PeriphResetCmd
    stm32f10x_nvic.o(.text) refers to cortexm3_macro.o(.text) for __SETPRIMASK
    stm32f10x_rcc.o(.text) refers to stm32f10x_rcc.o(.constdata) for .constdata
    stm32f10x_usart.o(.text) refers to stm32f10x_rcc.o(.text) for RCC_APB2PeriphResetCmd
    stm32f10x_pwr.o(.text) refers to stm32f10x_rcc.o(.text) for RCC_APB1PeriphResetCmd
    stm32f10x_pwr.o(.text) refers to cortexm3_macro.o(.text) for __WFI
    stm32f10x_tim.o(.text) refers to stm32f10x_rcc.o(.text) for RCC_APB1PeriphResetCmd
    stm32f10x_dac.o(.text) refers to stm32f10x_rcc.o(.text) for RCC_APB1PeriphResetCmd
    stm32f10x_adc.o(.text) refers to stm32f10x_rcc.o(.text) for RCC_APB2PeriphResetCmd
    stm32f10x_bkp.o(.text) refers to stm32f10x_rcc.o(.text) for RCC_BackupResetCmd
    stm32f10x_spi.o(.text) refers to stm32f10x_rcc.o(.text) for RCC_APB2PeriphResetCmd
    adc.o(.text) refers to _printf_percent.o(.ARM.Collect$$_printf_percent$$00000000) for _printf_percent
    adc.o(.text) refers to _printf_d.o(.ARM.Collect$$_printf_percent$$00000009) for _printf_d
    adc.o(.text) refers to _printf_dec.o(.text) for _printf_int_dec
    adc.o(.text) refers to gpio.o(.text) for gpio_init
    adc.o(.text) refers to stm32f10x_adc.o(.text) for ADC_GetConversionValue
    adc.o(.text) refers to noretval__2printf.o(.text) for __2printf
    adc.o(.text) refers to stm32f10x_rcc.o(.text) for RCC_APB2PeriphClockCmd
    aux_lib.o(.text) refers to _printf_percent.o(.ARM.Collect$$_printf_percent$$00000000) for _printf_percent
    aux_lib.o(.text) refers to _printf_d.o(.ARM.Collect$$_printf_percent$$00000009) for _printf_d
    aux_lib.o(.text) refers to _printf_s.o(.ARM.Collect$$_printf_percent$$00000014) for _printf_s
    aux_lib.o(.text) refers to _printf_dec.o(.text) for _printf_int_dec
    aux_lib.o(.text) refers to _printf_str.o(.text) for _printf_str
[...]
    _terminateio                              - Undefined Weak Reference
    __Vectors                                0x08000000   Data           4  stm32f10x_vector.o(RESET)
    __main                                   0x08000131   Thumb Code     8  __main.o(!!!main)
    __scatterload                            0x08000139   Thumb Code     0  __scatter.o(!!!scatter)
    __scatterload_rt2                        0x08000139   Thumb Code    44  __scatter.o(!!!scatter)
    __scatterload_rt2_thumb_only             0x08000139   Thumb Code     0  __scatter.o(!!!scatter)
    __scatterload_null                       0x08000147   Thumb Code     0  __scatter.o(!!!scatter)
    __decompress                             0x0800016d   Thumb Code    90  __dczerorl2.o(!!dczerorl2)
    __decompress1                            0x0800016d   Thumb Code     0  __dczerorl2.o(!!dczerorl2)
    __scatterload_zeroinit                   0x080001c9   Thumb Code    28  __scatter_zi.o(!!handler_zi)
    _printf_d                                0x080001e5   Thumb Code     0  _printf_d.o(.ARM.Collect$$_printf_percent$$00000009)
    _printf_percent                          0x080001e5   Thumb Code     0  _printf_percent.o(.ARM.Collect$$_printf_percent$$00000000)
    _printf_s                                0x080001eb   Thumb Code     0  _printf_s.o(.ARM.Collect$$_printf_percent$$00000014)
    _printf_percent_end                      0x080001f1   Thumb Code     0  _printf_percent_end.o(.ARM.Collect$$_printf_percent$$00000017)
    __rt_lib_init                            0x080001f5   Thumb Code     0  libinit.o(.ARM.Collect$$libinit$$00000000)
    __rt_lib_init_heap_1                     0x080001fb   Thumb Code     0  libinit2.o(.ARM.Collect$$libinit$$00000006)
    __rt_lib_init_lc_common                  0x080001fb   Thumb Code     0  libinit2.o(.ARM.Collect$$libinit$$0000000B)
    __rt_lib_init_rand_1                     0x080001fb   Thumb Code     0  libinit2.o(.ARM.Collect$$libinit$$0000000A)
    __rt_lib_init_user_alloc_1               0x080001fb   Thumb Code     0  libinit2.o(.ARM.Collect$$libinit$$00000008)
    __rt_lib_init_lc_collate_1               0x08000201   Thumb Code     0  libinit2.o(.ARM.Collect$$libinit$$0000000D)
    __rt_lib_init_lc_ctype_2                 0x08000201   Thumb Code     0  libinit2.o(.ARM.Collect$$libinit$$0000000E)
    __rt_lib_init_alloca_1                   0x0800020d   Thumb Code     0  libinit2.o(.ARM.Collect$$libinit$$0000002A)
    __rt_lib_init_argv_1                     0x0800020d   Thumb Code     0  libinit2.o(.ARM.Collect$$libinit$$00000028)
    __rt_lib_init_atexit_1                   0x0800020d   Thumb Code     0  libinit2.o(.ARM.Collect$$libinit$$00000017)
    __rt_lib_init_clock_1                    0x0800020d   Thumb Code     0  libinit2.o(.ARM.Collect$$libinit$$0000001D)
    __rt_lib_init_cpp_1                      0x0800020d   Thumb Code     0  libinit2.o(.ARM.Collect$$libinit$$0000002E)
    __rt_lib_init_exceptions_1               0x0800020d   Thumb Code     0  libinit2.o(.ARM.Collect$$libinit$$0000002C)
    __rt_lib_init_fp_trap_1                  0x0800020d   Thumb Code     0  libinit2.o(.ARM.Collect$$libinit$$0000001B)
    __rt_lib_init_getenv_1                   0x0800020d   Thumb Code     0  libinit2.o(.ARM.Collect$$libinit$$0000001F)
    __rt_lib_init_lc_ctype_1                 0x0800020d   Thumb Code     0  libinit2.o(.ARM.Collect$$libinit$$0000000F)
    __rt_lib_init_lc_monetary_1              0x0800020d   Thumb Code     0  libinit2.o(.ARM.Collect$$libinit$$00000011)
    __rt_lib_init_lc_numeric_1               0x0800020d   Thumb Code     0  libinit2.o(.ARM.Collect$$libinit$$00000013)
    __rt_lib_init_lc_time_1                  0x0800020d   Thumb Code     0  libinit2.o(.ARM.Collect$$libinit$$00000015)
    __rt_lib_init_return                     0x0800020d   Thumb Code     0  libinit2.o(.ARM.Collect$$libinit$$0000002F)
    __rt_lib_init_signal_1                   0x0800020d   Thumb Code     0  libinit2.o(.ARM.Collect$$libinit$$00000019)
    __rt_lib_init_stdio_1                    0x0800020d   Thumb Code     0  libinit2.o(.ARM.Collect$$libinit$$00000021)
    __rt_lib_shutdown                        0x0800020f   Thumb Code     0  libshutdown.o(.ARM.Collect$$libshutdown$$00000000)
    __rt_lib_shutdown_fp_trap_1              0x08000211   Thumb Code     0  libshutdown2.o(.ARM.Collect$$libshutdown$$00000006)
    __rt_lib_shutdown_heap_1                 0x08000211   Thumb Code     0  libshutdown2.o(.ARM.Collect$$libshutdown$$0000000E)
    __rt_lib_shutdown_return                 0x08000211   Thumb Code     0  libshutdown2.o(.ARM.Collect$$libshutdown$$0000000F)
    __rt_lib_shutdown_signal_1               0x08000211   Thumb Code     0  libshutdown2.o(.ARM.Collect$$libshutdown$$00000009)
    __rt_lib_shutdown_stdio_1                0x08000211   Thumb Code     0  libshutdown2.o(.ARM.Collect$$libshutdown$$00000003)
    __rt_lib_shutdown_user_alloc_1           0x08000211   Thumb Code     0  libshutdown2.o(.ARM.Collect$$libshutdown$$0000000B)
    __rt_entry                               0x08000213   Thumb Code     0  rtentry.o(.ARM.Collect$$rtentry$$00000000)
    __rt_entry_presh_1                       0x08000213   Thumb Code     0  rtentry2.o(.ARM.Collect$$rtentry$$00000002)
    __rt_entry_sh                            0x08000213   Thumb Code     0  rtentry4.o(.ARM.Collect$$rtentry$$00000004)
    __rt_entry_li                            0x08000219   Thumb Code     0  rtentry2.o(.ARM.Collect$$rtentry$$0000000A)
    __rt_entry_postsh_1                      0x08000219   Thumb Code     0  rtentry2.o(.ARM.Collect$$rtentry$$00000009)
    __rt_entry_main                          0x0800021d   Thumb Code     0  rtentry2.o(.ARM.Collect$$rtentry$$0000000D)
    __rt_entry_postli_1                      0x0800021d   Thumb Code     0  rtentry2.o(.ARM.Collect$$rtentry$$0000000C)
    __rt_exit                                0x08000225   Thumb Code     0  rtexit.o(.ARM.Collect$$rtexit$$00000000)
    __rt_exit_ls                             0x08000227   Thumb Code     0  rtexit2.o(.ARM.Collect$$rtexit$$00000003)
    __rt_exit_prels_1                        0x08000227   Thumb Code     0  rtexit2.o(.ARM.Collect$$rtexit$$00000002)
    __rt_exit_exit                           0x0800022b   Thumb Code     0  rtexit2.o(.ARM.Collect$$rtexit$$00000004)
    __WFI                                    0x08000231   Thumb Code     0  cortexm3_macro.o(.text)
    __WFE                                    0x08000235   Thumb Code     0  cortexm3_macro.o(.text)
    __SEV                                    0x08000239   Thumb Code     0  cortexm3_macro.o(.text)
    __ISB                                    0x0800023d   Thumb Code     0  cortexm3_macro.o(.text)
    __DSB                                    0x08000243   Thumb Code     0  cortexm3_macro.o(.text)
    __DMB                                    0x08000249   Thumb Code     0  cortexm3_macro.o(.text)
    __SVC                                    0x0800024f   Thumb Code     0  cortexm3_macro.o(.text)
    __MRS_CONTROL                            0x08000253   Thumb Code     0  cortexm3_macro.o(.text)
    __MSR_CONTROL                            0x08000259   Thumb Code     0  cortexm3_macro.o(.text)
    __MRS_PSP                                0x08000263   Thumb Code     0  cortexm3_macro.o(.text)
    __MSR_PSP                                0x08000269   Thumb Code     0  cortexm3_macro.o(.text)
    __MRS_MSP                                0x0800026f   Thumb Code     0  cortexm3_macro.o(.text)
    __MSR_MSP                                0x08000275   Thumb Code     0  cortexm3_macro.o(.text)
    __RESETPRIMASK                           0x0800027b   Thumb Code     0  cortexm3_macro.o(.text)
    __SETPRIMASK                             0x0800027f   Thumb Code     0  cortexm3_macro.o(.text)
    __READ_PRIMASK                           0x08000283   Thumb Code     0  cortexm3_macro.o(.text)
    __SETFAULTMASK                           0x08000289   Thumb Code     0  cortexm3_macro.o(.text)
    __RESETFAULTMASK                         0x0800028d   Thumb Code     0  cortexm3_macro.o(.text)
    __READ_FAULTMASK                         0x08000291   Thumb Code     0  cortexm3_macro.o(.text)
    __BASEPRICONFIG                          0x08000297   Thumb Code     0  cortexm3_macro.o(.text)
    __GetBASEPRI                             0x0800029d   Thumb Code     0  cortexm3_macro.o(.text)
    __REV_HalfWord                           0x080002a3   Thumb Code     0  cortexm3_macro.o(.text)
    __REV_Word                               0x080002a7   Thumb Code     0  cortexm3_macro.o(.text)
    NMIException                             0x080002ad   Thumb Code     2  stm32f10x_it.o(.text)
    HardFaultException                       0x080002af   Thumb Code     2  stm32f10x_it.o(.text)
    MemManageException                       0x080002b1   Thumb Code     2  stm32f10x_it.o(.text)
    BusFaultException                        0x080002b3   Thumb Code     2  stm32f10x_it.o(.text)
    UsageFaultException                      0x080002b5   Thumb Code     2  stm32f10x_it.o(.text)
    DebugMonitor                             0x080002b7   Thumb Code     2  stm32f10x_it.o(.text)
    SVCHandler                               0x080002b9   Thumb Code     2  stm32f10x_it.o(.text)
    PendSVC                                  0x080002bb   Thumb Code     2  stm32f10x_it.o(.text)
    SysTickHandler                           0x080002bd   Thumb Code     2  stm32f10x_it.o(.text)
    WWDG_IRQHandler                          0x080002bf   Thumb Code     2  stm32f10x_it.o(.text)
    PVD_IRQHandler                           0x080002c1   Thumb Code     2  stm32f10x_it.o(.text)
    TAMPER_IRQHandler                        0x080002c3   Thumb Code     2  stm32f10x_it.o(.text)
    RTC_IRQHandler                           0x080002c5   Thumb Code     2  stm32f10x_it.o(.text)
    FLASH_IRQHandler                         0x080002c7   Thumb Code     2  stm32f10x_it.o(.text)
    RCC_IRQHandler                           0x080002c9   Thumb Code     2  stm32f10x_it.o(.text)
    EXTI0_IRQHandler                         0x080002cb   Thumb Code     2  stm32f10x_it.o(.text)
    EXTI1_IRQHandler                         0x080002cd   Thumb Code     2  stm32f10x_it.o(.text)
    EXTI2_IRQHandler                         0x080002cf   Thumb Code     2  stm32f10x_it.o(.text)
    EXTI3_IRQHandler                         0x080002d1   Thumb Code    26  stm32f10x_it.o(.text)
    EXTI4_IRQHandler                         0x080002eb   Thumb Code     2  stm32f10x_it.o(.text)
    DMA1_Channel1_IRQHandler                 0x080002ed   Thumb Code     2  stm32f10x_it.o(.text)
    DMA1_Channel2_IRQHandler                 0x080002ef   Thumb Code     2  stm32f10x_it.o(.text)
    DMA1_Channel3_IRQHandler                 0x080002f1   Thumb Code     2  stm32f10x_it.o(.text)
    DMA1_Channel4_IRQHandler                 0x080002f3   Thumb Code     2  stm32f10x_it.o(.text)
    DMA1_Channel5_IRQHandler                 0x080002f5   Thumb Code     2  stm32f10x_it.o(.text)
    DMA1_Channel6_IRQHandler                 0x080002f7   Thumb Code     2  stm32f10x_it.o(.text)
    DMA1_Channel7_IRQHandler                 0x080002f9   Thumb Code     2  stm32f10x_it.o(.text)
    ADC1_2_IRQHandler                        0x080002fb   Thumb Code     2  stm32f10x_it.o(.text)
    USB_HP_CAN_TX_IRQHandler                 0x080002fd   Thumb Code     2  stm32f10x_it.o(.text)
    USB_LP_CAN_RX0_IRQHandler                0x080002ff   Thumb Code     2  stm32f10x_it.o(.text)
    CAN_RX1_IRQHandler                       0x08000301   Thumb Code     2  stm32f10x_it.o(.text)
    CAN_SCE_IRQHandler                       0x08000303   Thumb Code     2  stm32f10x_it.o(.text)
    EXTI9_5_IRQHandler                       0x08000305   Thumb Code    26  stm32f10x_it.o(.text)
    TIM1_BRK_IRQHandler                      0x0800031f   Thumb Code     2  stm32f10x_it.o(.text)
    TIM1_UP_IRQHandler                       0x08000321   Thumb Code     2  stm32f10x_it.o(.text)
    TIM1_TRG_COM_IRQHandler                  0x08000323   Thumb Code     2  stm32f10x_it.o(.text)
    TIM1_CC_IRQHandler                       0x08000325   Thumb Code     2  stm32f10x_it.o(.text)
    TIM2_IRQHandler                          0x08000327   Thumb Code    26  stm32f10x_it.o(.text)
    TIM3_IRQHandler                          0x08000341   Thumb Code     2  stm32f10x_it.o(.text)
    TIM4_IRQHandler                          0x08000343   Thumb Code     2  stm32f10x_it.o(.text)
    I2C1_EV_IRQHandler                       0x08000345   Thumb Code     2  stm32f10x_it.o(.text)
    I2C1_ER_IRQHandler                       0x08000347   Thumb Code     2  stm32f10x_it.o(.text)
    I2C2_EV_IRQHandler                       0x08000349   Thumb Code     2  stm32f10x_it.o(.text)
    I2C2_ER_IRQHandler                       0x0800034b   Thumb Code     2  stm32f10x_it.o(.text)
    SPI1_IRQHandler                          0x0800034d   Thumb Code     2  stm32f10x_it.o(.text)
    SPI2_IRQHandler                          0x0800034f   Thumb Code     2  stm32f10x_it.o(.text)
    USART1_IRQHandler                        0x08000351   Thumb Code    60  stm32f10x_it.o(.text)
    USART2_IRQHandler                        0x0800038d   Thumb Code    60  stm32f10x_it.o(.text)
    USART3_IRQHandler                        0x080003c9   Thumb Code    48  stm32f10x_it.o(.text)
    EXTI15_10_IRQHandler                     0x080003f9   Thumb Code    26  stm32f10x_it.o(.text)
    RTCAlarm_IRQHandler                      0x08000413   Thumb Code     2  stm32f10x_it.o(.text)
    USBWakeUp_IRQHandler                     0x08000415   Thumb Code     2  stm32f10x_it.o(.text)
    TIM8_BRK_IRQHandler                      0x08000417   Thumb Code     2  stm32f10x_it.o(.text)
    TIM8_UP_IRQHandler                       0x08000419   Thumb Code     2  stm32f10x_it.o(.text)
    TIM8_TRG_COM_IRQHandler                  0x0800041b   Thumb Code     2  stm32f10x_it.o(.text)
    TIM8_CC_IRQHandler                       0x0800041d   Thumb Code     2  stm32f10x_it.o(.text)
    ADC3_IRQHandler                          0x0800041f   Thumb Code     2  stm32f10x_it.o(.text)
    FSMC_IRQHandler                          0x08000421   Thumb Code     2  stm32f10x_it.o(.text)
    SDIO_IRQHandler                          0x08000423   Thumb Code    26  stm32f10x_it.o(.text)
    TIM5_IRQHandler                          0x0800043d   Thumb Code     2  stm32f10x_it.o(.text)
    SPI3_IRQHandler                          0x0800043f   Thumb Code     2  stm32f10x_it.o(.text)
    UART4_IRQHandler                         0x08000441   Thumb Code     2  stm32f10x_it.o(.text)
    UART5_IRQHandler                         0x08000443   Thumb Code     2  stm32f10x_it.o(.text)
    TIM6_IRQHandler                          0x08000445   Thumb Code     2  stm32f10x_it.o(.text)
    TIM7_IRQHandler                          0x08000447   Thumb Code     2  stm32f10x_it.o(.text)
    DMA2_Channel1_IRQHandler                 0x08000449   Thumb Code     2  stm32f10x_it.o(.text)
    DMA2_Channel2_IRQHandler                 0x0800044b   Thumb Code     2  stm32f10x_it.o(.text)
    DMA2_Channel3_IRQHandler                 0x0800044d   Thumb Code     2  stm32f10x_it.o(.text)
    DMA2_Channel4_5_IRQHandler               0x0800044f   Thumb Code     2  stm32f10x_it.o(.text)
    Reset_Handler                            0x08000461   Thumb Code    88  stm32f10x_vector.o(.text)
    __user_initial_stackheap                 0x080004b9   Thumb Code     0  stm32f10x_vector.o(.text)
    OS_CPU_SR_Save                           0x08000519   Thumb Code     0  os_cpu_a.o(.text)
    OS_CPU_SR_Restore                        0x08000521   Thumb Code     0  os_cpu_a.o(.text)
    OSStartHighRdy                           0x08000527   Thumb Code     0  os_cpu_a.o(.text)
    OSCtxSw                                  0x08000547   Thumb Code     0  os_cpu_a.o(.text)
    OSIntCtxSw                               0x08000551   Thumb Code     0  os_cpu_a.o(.text)
    OSPendSV                                 0x0800055b   Thumb Code     0  os_cpu_a.o(.text)
    OSInitHookBegin                          0x080005c1   Thumb Code     8  os_cpu_c.o(.text)
    OSInitHookEnd                            0x080005c9   Thumb Code     2  os_cpu_c.o(.text)
    OSTaskCreateHook                         0x080005cb   Thumb Code     4  os_cpu_c.o(.text)
    OSTaskDelHook                            0x080005cf   Thumb Code     4  os_cpu_c.o(.text)
    OSTaskIdleHook                           0x080005d3   Thumb Code     4  os_cpu_c.o(.text)
    OSTaskStatHook                           0x080005d7   Thumb Code     4  os_cpu_c.o(.text)
    OSTaskEndSelf                            0x080005db   Thumb Code    66  os_cpu_c.o(.text)
    OSTaskStkInit                            0x0800061d   Thumb Code   114  os_cpu_c.o(.text)
    OSTaskSwHook                             0x0800068f   Thumb Code     4  os_cpu_c.o(.text)
    OSTCBInitHook                            0x08000693   Thumb Code     4  os_cpu_c.o(.text)
    OSTimeTickHook                           0x08000697   Thumb Code    34  os_cpu_c.o(.text)
    OS_CPU_SysTickHandler                    0x080006b9   Thumb Code    30  os_cpu_c.o(.text)
    OS_CPU_ClkFreq                           0x080006d7   Thumb Code    78  os_cpu_c.o(.text)
    OS_CPU_SysTickInit                       0x08000725   Thumb Code    40  os_cpu_c.o(.text)
    OSDebugInit                              0x08000799   Thumb Code     2  os_dbg.o(.text)
    OS_StrCopy                               0x0800079d   Thumb Code    28  ucos_ii.o(.text)
    OSEventNameGet                           0x080007b9   Thumb Code    96  ucos_ii.o(.text)
    OS_StrLen                                0x08000819   Thumb Code    20  ucos_ii.o(.text)
    OSEventNameSet                           0x0800082d   Thumb Code   104  ucos_ii.o(.text)
    OS_EventTaskRemoveMulti                  0x08000895   Thumb Code    42  ucos_ii.o(.text)
    OS_Sched                                 0x080008bf   Thumb Code    64  ucos_ii.o(.text)
    OS_EventTaskWaitMulti                    0x080008ff   Thumb Code    92  ucos_ii.o(.text)
    OSEventPendMulti                         0x0800095b   Thumb Code   434  ucos_ii.o(.text)
    OSTaskNameSet                            0x08000b0d   Thumb Code   126  ucos_ii.o(.text)
    OS_EventTaskRemove                       0x08000b8b   Thumb Code    36  ucos_ii.o(.text)
    OS_EventTaskRdy                          0x08000baf   Thumb Code   126  ucos_ii.o(.text)
    OSSemPost                                0x08000c2d   Thumb Code    88  ucos_ii.o(.text)
    OS_EventTaskWait                         0x08000cfd   Thumb Code    80  ucos_ii.o(.text)
    OSSemPend                                0x08000d4d   Thumb Code   184  ucos_ii.o(.text)
    OS_TCBInit                               0x08000e6b   Thumb Code   234  ucos_ii.o(.text)
    OSTaskCreateExt                          0x08000f55   Thumb Code   136  ucos_ii.o(.text)
    OS_EventWaitListInit                     0x08000fdd   Thumb Code    36  ucos_ii.o(.text)
    OSSemCreate                              0x08001001   Thumb Code    58  ucos_ii.o(.text)
    OS_MemClr                                0x0800103b   Thumb Code    18  ucos_ii.o(.text)
    OSTmr_Init                               0x0800104d   Thumb Code   176  ucos_ii.o(.text)
    OSTimeDly                                0x080010fd   Thumb Code    72  ucos_ii.o(.text)
    OSTaskSuspend                            0x08001145   Thumb Code   144  ucos_ii.o(.text)
    OS_TaskStat                              0x080011d5   Thumb Code    80  ucos_ii.o(.text)
    OS_TaskIdle                              0x08001225   Thumb Code    24  ucos_ii.o(.text)
    OS_QInit                                 0x0800123d   Thumb Code    46  ucos_ii.o(.text)
    OS_MemInit                               0x0800126b   Thumb Code    60  ucos_ii.o(.text)
    OSInit                                   0x080012a7   Thumb Code   298  ucos_ii.o(.text)
    OSIntEnter                               0x080013d1   Thumb Code   136  ucos_ii.o(.text)
    OSIntExit                                0x08001459   Thumb Code    82  ucos_ii.o(.text)
    OSSchedLock                              0x080014ab   Thumb Code    38  ucos_ii.o(.text)
    OSSchedUnlock                            0x080014d1   Thumb Code    54  ucos_ii.o(.text)
    OSStart                                  0x08001507   Thumb Code    38  ucos_ii.o(.text)
    OSStatInit                               0x0800152d   Thumb Code    48  ucos_ii.o(.text)
    OSTimeTick                               0x0800155d   Thumb Code   168  ucos_ii.o(.text)
    OSVersion                                0x08001605   Thumb Code     6  ucos_ii.o(.text)
    OS_Dummy                                 0x0800160b   Thumb Code     2  ucos_ii.o(.text)
    OS_MemCopy                               0x0800160d   Thumb Code    20  ucos_ii.o(.text)
    OSMemCreate                              0x08001621   Thumb Code   116  ucos_ii.o(.text)
    OSMemGet                                 0x08001695   Thumb Code    58  ucos_ii.o(.text)
    OSMemNameGet                             0x080016cf   Thumb Code    72  ucos_ii.o(.text)
    OSMemNameSet                             0x08001717   Thumb Code    82  ucos_ii.o(.text)
    OSMemPut                                 0x08001769   Thumb Code    58  ucos_ii.o(.text)
    OSMemQuery                               0x080017a3   Thumb Code    58  ucos_ii.o(.text)
    OSQAccept                                0x080017dd   Thumb Code    84  ucos_ii.o(.text)
    OSQCreate                                0x08001831   Thumb Code   122  ucos_ii.o(.text)
    OSQDel                                   0x080018ab   Thumb Code   236  ucos_ii.o(.text)
    OSQFlush                                 0x08001997   Thumb Code    44  ucos_ii.o(.text)
    OSQPend                                  0x080019c3   Thumb Code   218  ucos_ii.o(.text)
    OSQPendAbort                             0x08001a9d   Thumb Code   116  ucos_ii.o(.text)
    OSQPost                                  0x08001b11   Thumb Code   112  ucos_ii.o(.text)
    OSQPostFront                             0x08001b81   Thumb Code   110  ucos_ii.o(.text)
    OSQPostOpt                               0x08001bef   Thumb Code   168  ucos_ii.o(.text)
    OSQQuery                                 0x08001c97   Thumb Code    90  ucos_ii.o(.text)
    OSSemAccept                              0x08001cf1   Thumb Code    36  ucos_ii.o(.text)
    OSSemDel                                 0x08001d15   Thumb Code   214  ucos_ii.o(.text)
    OSSemPendAbort                           0x08001deb   Thumb Code   116  ucos_ii.o(.text)
    OSSemQuery                               0x08001e5f   Thumb Code    74  ucos_ii.o(.text)
    OSSemSet                                 0x08001ea9   Thumb Code    60  ucos_ii.o(.text)
    OSTaskChangePrio                         0x08001ee5   Thumb Code   328  ucos_ii.o(.text)
    OSTaskCreate                             0x0800202d   Thumb Code   130  ucos_ii.o(.text)
    OSTaskDel                                0x080020af   Thumb Code   262  ucos_ii.o(.text)
    OSTaskDelReq                             0x080021b5   Thumb Code    90  ucos_ii.o(.text)
    OSTaskNameGet                            0x0800220f   Thumb Code   112  ucos_ii.o(.text)
    OSTaskResume                             0x0800227f   Thumb Code   142  ucos_ii.o(.text)
    OSTaskQuery                              0x0800230d   Thumb Code    92  ucos_ii.o(.text)
    OSTimeDlyHMSM                            0x08002369   Thumb Code   128  ucos_ii.o(.text)
    OSTimeDlyResume                          0x080023e9   Thumb Code   140  ucos_ii.o(.text)
    OSTimeGet                                0x08002475   Thumb Code    18  ucos_ii.o(.text)
    OSTimeSet                                0x08002487   Thumb Code    20  ucos_ii.o(.text)
    OSTmrCreate                              0x0800249b   Thumb Code   198  ucos_ii.o(.text)
    OSTmrDel                                 0x08002595   Thumb Code   102  ucos_ii.o(.text)
    OSTmrNameGet                             0x080025fb   Thumb Code   110  ucos_ii.o(.text)
    OSTmrRemainGet                           0x08002669   Thumb Code   130  ucos_ii.o(.text)
    OSTmrStateGet                            0x080026eb   Thumb Code    88  ucos_ii.o(.text)
    OSTmrStart                               0x08002743   Thumb Code   104  ucos_ii.o(.text)
    OSTmrStop                                0x080027ab   Thumb Code   150  ucos_ii.o(.text)
    OSTmrSignal                              0x08002841   Thumb Code     8  ucos_ii.o(.text)
    FLASH_SetLatency                         0x08002881   Thumb Code    18  stm32f10x_flash.o(.text)
    FLASH_HalfCycleAccessCmd                 0x08002893   Thumb Code    18  stm32f10x_flash.o(.text)
    FLASH_PrefetchBufferCmd                  0x080028a5   Thumb Code    18  stm32f10x_flash.o(.text)
    FLASH_Unlock                             0x080028b7   Thumb Code    12  stm32f10x_flash.o(.text)
    FLASH_Lock                               0x080028c3   Thumb Code    12  stm32f10x_flash.o(.text)
    FLASH_GetStatus                          0x080028cf   Thumb Code    34  stm32f10x_flash.o(.text)
    FLASH_WaitForLastOperation               0x080028f1   Thumb Code    40  stm32f10x_flash.o(.text)
    FLASH_ErasePage                          0x08002919   Thumb Code    60  stm32f10x_flash.o(.text)
    FLASH_EraseAllPages                      0x08002955   Thumb Code    56  stm32f10x_flash.o(.text)
    FLASH_EraseOptionBytes                   0x0800298d   Thumb Code   100  stm32f10x_flash.o(.text)
    FLASH_ProgramWord                        0x080029f1   Thumb Code    64  stm32f10x_flash.o(.text)
    FLASH_ProgramHalfWord                    0x08002a31   Thumb Code    50  stm32f10x_flash.o(.text)
    FLASH_ProgramOptionByteData              0x08002a63   Thumb Code    58  stm32f10x_flash.o(.text)
    FLASH_EnableWriteProtection              0x08002a9d   Thumb Code   150  stm32f10x_flash.o(.text)
    FLASH_ReadOutProtection                  0x08002b33   Thumb Code   120  stm32f10x_flash.o(.text)
    FLASH_UserOptionByteConfig               0x08002bab   Thumb Code    72  stm32f10x_flash.o(.text)
    FLASH_GetUserOptionByte                  0x08002bf3   Thumb Code     8  stm32f10x_flash.o(.text)
    FLASH_GetWriteProtectionOptionByte       0x08002bfb   Thumb Code     6  stm32f10x_flash.o(.text)
    FLASH_GetReadOutProtectionStatus         0x08002c01   Thumb Code    14  stm32f10x_flash.o(.text)
    FLASH_GetPrefetchBufferStatus            0x08002c0f   Thumb Code    14  stm32f10x_flash.o(.text)
    FLASH_ITConfig                           0x08002c1d   Thumb Code    18  stm32f10x_flash.o(.text)
    FLASH_GetFlagStatus                      0x08002c2f   Thumb Code    28  stm32f10x_flash.o(.text)
    FLASH_ClearFlag                          0x08002c4b   Thumb Code     6  stm32f10x_flash.o(.text)
    GPIO_DeInit                              0x08002c69   Thumb Code   152  stm32f10x_gpio.o(.text)
    GPIO_AFIODeInit                          0x08002d01   Thumb Code    22  stm32f10x_gpio.o(.text)
    GPIO_Init                                0x08002d17   Thumb Code   156  stm32f10x_gpio.o(.text)
    GPIO_StructInit                          0x08002db3   Thumb Code    16  stm32f10x_gpio.o(.text)
    GPIO_ReadInputDataBit                    0x08002dc3   Thumb Code    14  stm32f10x_gpio.o(.text)
    GPIO_ReadInputData                       0x08002dd1   Thumb Code     6  stm32f10x_gpio.o(.text)
    GPIO_ReadOutputDataBit                   0x08002dd7   Thumb Code    14  stm32f10x_gpio.o(.text)
    GPIO_ReadOutputData                      0x08002de5   Thumb Code     6  stm32f10x_gpio.o(.text)
    GPIO_SetBits                             0x08002deb   Thumb Code     4  stm32f10x_gpio.o(.text)
    GPIO_ResetBits                           0x08002def   Thumb Code     4  stm32f10x_gpio.o(.text)
    GPIO_WriteBit                            0x08002df3   Thumb Code    10  stm32f10x_gpio.o(.text)
    GPIO_Write                               0x08002dfd   Thumb Code     4  stm32f10x_gpio.o(.text)
    GPIO_PinLockConfig                       0x08002e01   Thumb Code    16  stm32f10x_gpio.o(.text)
    GPIO_EventOutputConfig                   0x08002e11   Thumb Code    22  stm32f10x_gpio.o(.text)
    GPIO_EventOutputCmd                      0x08002e27   Thumb Code     6  stm32f10x_gpio.o(.text)
    GPIO_PinRemapConfig                      0x08002e2d   Thumb Code    66  stm32f10x_gpio.o(.text)
    GPIO_EXTILineConfig                      0x08002e6f   Thumb Code    34  stm32f10x_gpio.o(.text)
    NVIC_DeInit                              0x08002ea1   Thumb Code    44  stm32f10x_nvic.o(.text)
    NVIC_SCBDeInit                           0x08002ecd   Thumb Code    58  stm32f10x_nvic.o(.text)
    NVIC_PriorityGroupConfig                 0x08002f07   Thumb Code    10  stm32f10x_nvic.o(.text)
    NVIC_Init                                0x08002f11   Thumb Code   116  stm32f10x_nvic.o(.text)
    NVIC_StructInit                          0x08002f85   Thumb Code    12  stm32f10x_nvic.o(.text)
    NVIC_SETPRIMASK                          0x08002f91   Thumb Code     4  stm32f10x_nvic.o(.text)
    NVIC_RESETPRIMASK                        0x08002f95   Thumb Code     4  stm32f10x_nvic.o(.text)
    NVIC_SETFAULTMASK                        0x08002f99   Thumb Code     4  stm32f10x_nvic.o(.text)
    NVIC_RESETFAULTMASK                      0x08002f9d   Thumb Code     4  stm32f10x_nvic.o(.text)
    NVIC_BASEPRICONFIG                       0x08002fa1   Thumb Code     6  stm32f10x_nvic.o(.text)
    NVIC_GetBASEPRI                          0x08002fa7   Thumb Code     4  stm32f10x_nvic.o(.text)
    NVIC_GetCurrentPendingIRQChannel         0x08002fab   Thumb Code    10  stm32f10x_nvic.o(.text)
    NVIC_GetIRQChannelPendingBitStatus       0x08002fb5   Thumb Code    34  stm32f10x_nvic.o(.text)
    NVIC_SetIRQChannelPendingBit             0x08002fd7   Thumb Code     6  stm32f10x_nvic.o(.text)
    NVIC_ClearIRQChannelPendingBit           0x08002fdd   Thumb Code    24  stm32f10x_nvic.o(.text)
    NVIC_GetCurrentActiveHandler             0x08002ff5   Thumb Code    10  stm32f10x_nvic.o(.text)
    NVIC_GetIRQChannelActiveBitStatus        0x08002fff   Thumb Code    34  stm32f10x_nvic.o(.text)
    NVIC_GetCPUID                            0x08003021   Thumb Code     6  stm32f10x_nvic.o(.text)
    NVIC_SetVectorTable                      0x08003027   Thumb Code    12  stm32f10x_nvic.o(.text)
    NVIC_GenerateSystemReset                 0x08003033   Thumb Code    10  stm32f10x_nvic.o(.text)
    NVIC_GenerateCoreReset                   0x0800303d   Thumb Code    10  stm32f10x_nvic.o(.text)
    NVIC_SystemLPConfig                      0x08003047   Thumb Code    24  stm32f10x_nvic.o(.text)
    NVIC_SystemHandlerConfig                 0x0800305f   Thumb Code    32  stm32f10x_nvic.o(.text)
    NVIC_SystemHandlerPriorityConfig         0x0800307f   Thumb Code    80  stm32f10x_nvic.o(.text)
    NVIC_GetSystemHandlerPendingBitStatus    0x080030cf   Thumb Code    28  stm32f10x_nvic.o(.text)
    NVIC_SetSystemHandlerPendingBit          0x080030eb   Thumb Code    24  stm32f10x_nvic.o(.text)
    NVIC_ClearSystemHandlerPendingBit        0x08003103   Thumb Code    28  stm32f10x_nvic.o(.text)
    NVIC_GetSystemHandlerActiveBitStatus     0x0800311f   Thumb Code    28  stm32f10x_nvic.o(.text)
    NVIC_GetFaultHandlerSources              0x0800313b   Thumb Code    52  stm32f10x_nvic.o(.text)
    NVIC_GetFaultAddress                     0x0800316f   Thumb Code    22  stm32f10x_nvic.o(.text)
    RCC_DeInit                               0x080031a5   Thumb Code    48  stm32f10x_rcc.o(.text)
    RCC_HSEConfig                            0x080031d5   Thumb Code    48  stm32f10x_rcc.o(.text)
    RCC_GetFlagStatus                        0x08003205   Thumb Code    42  stm32f10x_rcc.o(.text)
    RCC_WaitForHSEStartUp                    0x0800322f   Thumb Code    36  stm32f10x_rcc.o(.text)
    RCC_AdjustHSICalibrationValue            0x08003253   Thumb Code    16  stm32f10x_rcc.o(.text)
    RCC_HSICmd                               0x08003263   Thumb Code     6  stm32f10x_rcc.o(.text)
    RCC_PLLConfig                            0x08003269   Thumb Code    16  stm32f10x_rcc.o(.text)
    RCC_PLLCmd                               0x08003279   Thumb Code     6  stm32f10x_rcc.o(.text)
    RCC_SYSCLKConfig                         0x0800327f   Thumb Code    14  stm32f10x_rcc.o(.text)
    RCC_GetSYSCLKSource                      0x0800328d   Thumb Code    10  stm32f10x_rcc.o(.text)
    RCC_HCLKConfig                           0x08003297   Thumb Code    14  stm32f10x_rcc.o(.text)
    RCC_PCLK1Config                          0x080032a5   Thumb Code    14  stm32f10x_rcc.o(.text)
    RCC_PCLK2Config                          0x080032b3   Thumb Code    16  stm32f10x_rcc.o(.text)
    RCC_ITConfig                             0x080032c3   Thumb Code    18  stm32f10x_rcc.o(.text)
    RCC_USBCLKConfig                         0x080032d5   Thumb Code     6  stm32f10x_rcc.o(.text)
    RCC_ADCCLKConfig                         0x080032db   Thumb Code    14  stm32f10x_rcc.o(.text)
    RCC_LSEConfig                            0x080032e9   Thumb Code    26  stm32f10x_rcc.o(.text)
    RCC_LSICmd                               0x08003303   Thumb Code     6  stm32f10x_rcc.o(.text)
    RCC_RTCCLKConfig                         0x08003309   Thumb Code    10  stm32f10x_rcc.o(.text)
    RCC_RTCCLKCmd                            0x08003313   Thumb Code     6  stm32f10x_rcc.o(.text)
    RCC_GetClocksFreq                        0x08003319   Thumb Code   132  stm32f10x_rcc.o(.text)
    RCC_AHBPeriphClockCmd                    0x0800339d   Thumb Code    18  stm32f10x_rcc.o(.text)
    RCC_APB2PeriphClockCmd                   0x080033af   Thumb Code    18  stm32f10x_rcc.o(.text)
    RCC_APB1PeriphClockCmd                   0x080033c1   Thumb Code    18  stm32f10x_rcc.o(.text)
    RCC_APB2PeriphResetCmd                   0x080033d3   Thumb Code    18  stm32f10x_rcc.o(.text)
    RCC_APB1PeriphResetCmd                   0x080033e5   Thumb Code    18  stm32f10x_rcc.o(.text)
    RCC_BackupResetCmd                       0x080033f7   Thumb Code     6  stm32f10x_rcc.o(.text)
    RCC_ClockSecuritySystemCmd               0x080033fd   Thumb Code     6  stm32f10x_rcc.o(.text)
    RCC_MCOConfig                            0x08003403   Thumb Code     6  stm32f10x_rcc.o(.text)
    RCC_ClearFlag                            0x08003409   Thumb Code    12  stm32f10x_rcc.o(.text)
    RCC_GetITStatus                          0x08003415   Thumb Code    16  stm32f10x_rcc.o(.text)
    RCC_ClearITPendingBit                    0x08003425   Thumb Code     6  stm32f10x_rcc.o(.text)
    USART_DeInit                             0x0800345d   Thumb Code    98  stm32f10x_usart.o(.text)
    USART_Init                               0x080034bf   Thumb Code   134  stm32f10x_usart.o(.text)
    USART_StructInit                         0x08003545   Thumb Code    22  stm32f10x_usart.o(.text)
    USART_ClockInit                          0x0800355b   Thumb Code    30  stm32f10x_usart.o(.text)
    USART_ClockStructInit                    0x08003579   Thumb Code    12  stm32f10x_usart.o(.text)
    USART_Cmd                                0x08003585   Thumb Code    20  stm32f10x_usart.o(.text)
    USART_ITConfig                           0x08003599   Thumb Code    48  stm32f10x_usart.o(.text)
    USART_DMACmd                             0x080035c9   Thumb Code    16  stm32f10x_usart.o(.text)
    USART_SetAddress                         0x080035d9   Thumb Code    16  stm32f10x_usart.o(.text)
    USART_WakeUpConfig                       0x080035e9   Thumb Code    16  stm32f10x_usart.o(.text)
    USART_ReceiverWakeUpCmd                  0x080035f9   Thumb Code    20  stm32f10x_usart.o(.text)
    USART_LINBreakDetectLengthConfig         0x0800360d   Thumb Code    16  stm32f10x_usart.o(.text)
    USART_LINCmd                             0x0800361d   Thumb Code    20  stm32f10x_usart.o(.text)
    USART_SendData                           0x08003631   Thumb Code     8  stm32f10x_usart.o(.text)
    USART_ReceiveData                        0x08003639   Thumb Code     8  stm32f10x_usart.o(.text)
    USART_SendBreak                          0x08003641   Thumb Code    10  stm32f10x_usart.o(.text)
    USART_SetGuardTime                       0x0800364b   Thumb Code    16  stm32f10x_usart.o(.text)
    USART_SetPrescaler                       0x0800365b   Thumb Code    16  stm32f10x_usart.o(.text)
    USART_SmartCardCmd                       0x0800366b   Thumb Code    20  stm32f10x_usart.o(.text)
    USART_SmartCardNACKCmd                   0x0800367f   Thumb Code    20  stm32f10x_usart.o(.text)
    USART_HalfDuplexCmd                      0x08003693   Thumb Code    20  stm32f10x_usart.o(.text)
    USART_IrDAConfig                         0x080036a7   Thumb Code    16  stm32f10x_usart.o(.text)
    USART_IrDACmd                            0x080036b7   Thumb Code    20  stm32f10x_usart.o(.text)
    USART_GetFlagStatus                      0x080036cb   Thumb Code    14  stm32f10x_usart.o(.text)
    USART_ClearFlag                          0x080036d9   Thumb Code     6  stm32f10x_usart.o(.text)
    USART_GetITStatus                        0x080036df   Thumb Code    62  stm32f10x_usart.o(.text)
    USART_ClearITPendingBit                  0x0800371d   Thumb Code    12  stm32f10x_usart.o(.text)
    PWR_DeInit                               0x08003735   Thumb Code    24  stm32f10x_pwr.o(.text)
    PWR_BackupAccessCmd                      0x0800374d   Thumb Code     6  stm32f10x_pwr.o(.text)
    PWR_PVDCmd                               0x08003753   Thumb Code     6  stm32f10x_pwr.o(.text)
    PWR_PVDLevelConfig                       0x08003759   Thumb Code    14  stm32f10x_pwr.o(.text)
    PWR_WakeUpPinCmd                         0x08003767   Thumb Code     6  stm32f10x_pwr.o(.text)
    PWR_EnterSTOPMode                        0x0800376d   Thumb Code    34  stm32f10x_pwr.o(.text)
    PWR_EnterSTANDBYMode                     0x0800378f   Thumb Code    32  stm32f10x_pwr.o(.text)
    PWR_GetFlagStatus                        0x080037af   Thumb Code    16  stm32f10x_pwr.o(.text)
    PWR_ClearFlag                            0x080037bf   Thumb Code    12  stm32f10x_pwr.o(.text)
    TIM_DeInit                               0x080037dd   Thumb Code   170  stm32f10x_tim.o(.text)
    TIM_TimeBaseInit                         0x08003887   Thumb Code    50  stm32f10x_tim.o(.text)
    TIM_OC1Init                              0x080038b9   Thumb Code    88  stm32f10x_tim.o(.text)
    TIM_OC2Init                              0x08003911   Thumb Code   116  stm32f10x_tim.o(.text)
    TIM_OC3Init                              0x08003985   Thumb Code   112  stm32f10x_tim.o(.text)
    TIM_OC4Init                              0x080039f5   Thumb Code    86  stm32f10x_tim.o(.text)
    TIM_SetIC4Prescaler                      0x08003a4b   Thumb Code    18  stm32f10x_tim.o(.text)
    TIM_SetIC3Prescaler                      0x08003a5d   Thumb Code    16  stm32f10x_tim.o(.text)
    TIM_SetIC2Prescaler                      0x08003a6d   Thumb Code    18  stm32f10x_tim.o(.text)
    TIM_SetIC1Prescaler                      0x08003aab   Thumb Code    16  stm32f10x_tim.o(.text)
    TIM_ICInit                               0x08003abb   Thumb Code   152  stm32f10x_tim.o(.text)
    TIM_PWMIConfig                           0x08003b53   Thumb Code   104  stm32f10x_tim.o(.text)
    TIM_BDTRConfig                           0x08003bbb   Thumb Code    50  stm32f10x_tim.o(.text)
    TIM_TimeBaseStructInit                   0x08003bed   Thumb Code    18  stm32f10x_tim.o(.text)
    TIM_OCStructInit                         0x08003bff   Thumb Code    20  stm32f10x_tim.o(.text)
    TIM_ICStructInit                         0x08003c13   Thumb Code    16  stm32f10x_tim.o(.text)
    TIM_BDTRStructInit                       0x08003c23   Thumb Code    18  stm32f10x_tim.o(.text)
    TIM_Cmd                                  0x08003c35   Thumb Code    22  stm32f10x_tim.o(.text)
    TIM_CtrlPWMOutputs                       0x08003c4b   Thumb Code    22  stm32f10x_tim.o(.text)
    TIM_ITConfig                             0x08003c61   Thumb Code    16  stm32f10x_tim.o(.text)
    TIM_GenerateEvent                        0x08003c71   Thumb Code     4  stm32f10x_tim.o(.text)
    TIM_DMAConfig                            0x08003c75   Thumb Code     8  stm32f10x_tim.o(.text)
    TIM_DMACmd                               0x08003c7d   Thumb Code    16  stm32f10x_tim.o(.text)
    TIM_InternalClockConfig                  0x08003c8d   Thumb Code    10  stm32f10x_tim.o(.text)
    TIM_SelectInputTrigger                   0x08003c97   Thumb Code    12  stm32f10x_tim.o(.text)
    TIM_ITRxExternalClockConfig              0x08003ca3   Thumb Code    20  stm32f10x_tim.o(.text)
    TIM_TIxExternalClockConfig               0x08003cb7   Thumb Code    46  stm32f10x_tim.o(.text)
    TIM_ETRConfig                            0x08003ce5   Thumb Code    18  stm32f10x_tim.o(.text)
    TIM_ETRClockMode1Config                  0x08003cf7   Thumb Code    18  stm32f10x_tim.o(.text)
    TIM_ETRClockMode2Config                  0x08003d09   Thumb Code    18  stm32f10x_tim.o(.text)
    TIM_PrescalerConfig                      0x08003d1b   Thumb Code     6  stm32f10x_tim.o(.text)
    TIM_CounterModeConfig                    0x08003d21   Thumb Code    14  stm32f10x_tim.o(.text)
    TIM_EncoderInterfaceConfig               0x08003d2f   Thumb Code    44  stm32f10x_tim.o(.text)
    TIM_ForcedOC1Config                      0x08003d5b   Thumb Code    12  stm32f10x_tim.o(.text)
    TIM_ForcedOC2Config                      0x08003d67   Thumb Code    14  stm32f10x_tim.o(.text)
    TIM_ForcedOC3Config                      0x08003d75   Thumb Code    12  stm32f10x_tim.o(.text)
    TIM_ForcedOC4Config                      0x08003d81   Thumb Code    14  stm32f10x_tim.o(.text)
    TIM_ARRPreloadConfig                     0x08003d8f   Thumb Code    22  stm32f10x_tim.o(.text)
    TIM_SelectCOM                            0x08003da5   Thumb Code    20  stm32f10x_tim.o(.text)
    TIM_SelectCCDMA                          0x08003db9   Thumb Code    20  stm32f10x_tim.o(.text)
    TIM_CCPreloadControl                     0x08003dcd   Thumb Code    20  stm32f10x_tim.o(.text)
    TIM_OC1PreloadConfig                     0x08003de1   Thumb Code    12  stm32f10x_tim.o(.text)
    TIM_OC2PreloadConfig                     0x08003ded   Thumb Code    14  stm32f10x_tim.o(.text)
    TIM_OC3PreloadConfig                     0x08003dfb   Thumb Code    12  stm32f10x_tim.o(.text)
    TIM_OC4PreloadConfig                     0x08003e07   Thumb Code    14  stm32f10x_tim.o(.text)
    TIM_OC1FastConfig                        0x08003e15   Thumb Code    12  stm32f10x_tim.o(.text)
    TIM_OC2FastConfig                        0x08003e21   Thumb Code    14  stm32f10x_tim.o(.text)
    TIM_OC3FastConfig                        0x08003e2f   Thumb Code    12  stm32f10x_tim.o(.text)
    TIM_OC4FastConfig                        0x08003e3b   Thumb Code    14  stm32f10x_tim.o(.text)
    TIM_ClearOC1Ref                          0x08003e49   Thumb Code    12  stm32f10x_tim.o(.text)
    TIM_ClearOC2Ref                          0x08003e55   Thumb Code    14  stm32f10x_tim.o(.text)
    TIM_ClearOC3Ref                          0x08003e63   Thumb Code    12  stm32f10x_tim.o(.text)
    TIM_ClearOC4Ref                          0x08003e6f   Thumb Code    14  stm32f10x_tim.o(.text)
    TIM_OC1PolarityConfig                    0x08003e7d   Thumb Code    12  stm32f10x_tim.o(.text)
    TIM_OC1NPolarityConfig                   0x08003e89   Thumb Code    12  stm32f10x_tim.o(.text)
    TIM_OC2PolarityConfig                    0x08003e95   Thumb Code    14  stm32f10x_tim.o(.text)
    TIM_OC2NPolarityConfig                   0x08003ea3   Thumb Code    14  stm32f10x_tim.o(.text)
    TIM_OC3PolarityConfig                    0x08003eb1   Thumb Code    14  stm32f10x_tim.o(.text)
    TIM_OC3NPolarityConfig                   0x08003ebf   Thumb Code    14  stm32f10x_tim.o(.text)
    TIM_OC4PolarityConfig                    0x08003ecd   Thumb Code    14  stm32f10x_tim.o(.text)
    TIM_CCxCmd                               0x08003edb   Thumb Code    22  stm32f10x_tim.o(.text)
    TIM_CCxNCmd                              0x08003ef1   Thumb Code    22  stm32f10x_tim.o(.text)
    TIM_SelectOCxM                           0x08003f07   Thumb Code    66  stm32f10x_tim.o(.text)
    TIM_UpdateDisableConfig                  0x08003f49   Thumb Code    22  stm32f10x_tim.o(.text)
    TIM_UpdateRequestConfig                  0x08003f5f   Thumb Code    22  stm32f10x_tim.o(.text)
    TIM_SelectHallSensor                     0x08003f75   Thumb Code    20  stm32f10x_tim.o(.text)
    TIM_SelectOnePulseMode                   0x08003f89   Thumb Code    18  stm32f10x_tim.o(.text)
    TIM_SelectOutputTrigger                  0x08003f9b   Thumb Code    16  stm32f10x_tim.o(.text)
    TIM_SelectSlaveMode                      0x08003fab   Thumb Code    16  stm32f10x_tim.o(.text)
    TIM_SelectMasterSlaveMode                0x08003fbb   Thumb Code    16  stm32f10x_tim.o(.text)
    TIM_SetCounter                           0x08003fcb   Thumb Code     4  stm32f10x_tim.o(.text)
    TIM_SetAutoreload                        0x08003fcf   Thumb Code     4  stm32f10x_tim.o(.text)
    TIM_SetCompare1                          0x08003fd3   Thumb Code     4  stm32f10x_tim.o(.text)
    TIM_SetCompare2                          0x08003fd7   Thumb Code     4  stm32f10x_tim.o(.text)
    TIM_SetCompare3                          0x08003fdb   Thumb Code     4  stm32f10x_tim.o(.text)
    TIM_SetCompare4                          0x08003fdf   Thumb Code     6  stm32f10x_tim.o(.text)
    TIM_SetClockDivision                     0x08003fe5   Thumb Code    14  stm32f10x_tim.o(.text)
    TIM_GetCapture1                          0x08003ff3   Thumb Code     4  stm32f10x_tim.o(.text)
    TIM_GetCapture2                          0x08003ff7   Thumb Code     4  stm32f10x_tim.o(.text)
    TIM_GetCapture3                          0x08003ffb   Thumb Code     4  stm32f10x_tim.o(.text)
    TIM_GetCapture4                          0x08003fff   Thumb Code     6  stm32f10x_tim.o(.text)
    TIM_GetCounter                           0x08004005   Thumb Code     4  stm32f10x_tim.o(.text)
    TIM_GetPrescaler                         0x08004009   Thumb Code     4  stm32f10x_tim.o(.text)
    TIM_GetFlagStatus                        0x0800400d   Thumb Code    14  stm32f10x_tim.o(.text)
    TIM_ClearFlag                            0x0800401b   Thumb Code     6  stm32f10x_tim.o(.text)
    TIM_GetITStatus                          0x08004021   Thumb Code    24  stm32f10x_tim.o(.text)
    TIM_ClearITPendingBit                    0x08004039   Thumb Code     6  stm32f10x_tim.o(.text)
    ADC_DeInit                               0x08004069   Thumb Code    56  stm32f10x_adc.o(.text)
    ADC_Init                                 0x080040a1   Thumb Code    62  stm32f10x_adc.o(.text)
    ADC_StructInit                           0x080040df   Thumb Code    18  stm32f10x_adc.o(.text)
    ADC_Cmd                                  0x080040f1   Thumb Code    20  stm32f10x_adc.o(.text)
    ADC_DMACmd                               0x08004105   Thumb Code    20  stm32f10x_adc.o(.text)
    ADC_ITConfig                             0x08004119   Thumb Code    18  stm32f10x_adc.o(.text)
    ADC_ResetCalibration                     0x0800412b   Thumb Code    10  stm32f10x_adc.o(.text)
    ADC_GetResetCalibrationStatus            0x08004135   Thumb Code    14  stm32f10x_adc.o(.text)
    ADC_StartCalibration                     0x08004143   Thumb Code    10  stm32f10x_adc.o(.text)
    ADC_GetCalibrationStatus                 0x0800414d   Thumb Code    14  stm32f10x_adc.o(.text)
    ADC_SoftwareStartConvCmd                 0x0800415b   Thumb Code    20  stm32f10x_adc.o(.text)
    ADC_GetSoftwareStartConvStatus           0x0800416f   Thumb Code    14  stm32f10x_adc.o(.text)
    ADC_DiscModeChannelCountConfig           0x0800417d   Thumb Code    16  stm32f10x_adc.o(.text)
    ADC_DiscModeCmd                          0x0800418d   Thumb Code    20  stm32f10x_adc.o(.text)
    ADC_RegularChannelConfig                 0x080041a1   Thumb Code   116  stm32f10x_adc.o(.text)
    ADC_ExternalTrigConvCmd                  0x08004215   Thumb Code    20  stm32f10x_adc.o(.text)
    ADC_GetConversionValue                   0x08004229   Thumb Code     6  stm32f10x_adc.o(.text)
    ADC_GetDualModeConversionValue           0x0800422f   Thumb Code     6  stm32f10x_adc.o(.text)
    ADC_AutoInjectedConvCmd                  0x08004235   Thumb Code    20  stm32f10x_adc.o(.text)
    ADC_InjectedDiscModeCmd                  0x08004249   Thumb Code    20  stm32f10x_adc.o(.text)
    ADC_ExternalTrigInjectedConvConfig       0x0800425d   Thumb Code    12  stm32f10x_adc.o(.text)
    ADC_ExternalTrigInjectedConvCmd          0x08004269   Thumb Code    20  stm32f10x_adc.o(.text)
    ADC_SoftwareStartInjectedConvCmd         0x0800427d   Thumb Code    20  stm32f10x_adc.o(.text)
    ADC_GetSoftwareStartInjectedConvCmdStatus 0x08004291   Thumb Code    14  stm32f10x_adc.o(.text)
    ADC_InjectedChannelConfig                0x0800429f   Thumb Code    74  stm32f10x_adc.o(.text)
    ADC_InjectedSequencerLengthConfig        0x080042e9   Thumb Code    16  stm32f10x_adc.o(.text)
    ADC_SetInjectedOffset                    0x080042f9   Thumb Code     4  stm32f10x_adc.o(.text)
    ADC_GetInjectedConversionValue           0x080042fd   Thumb Code     8  stm32f10x_adc.o(.text)
    ADC_AnalogWatchdogCmd                    0x08004305   Thumb Code    12  stm32f10x_adc.o(.text)
    ADC_AnalogWatchdogThresholdsConfig       0x08004311   Thumb Code     6  stm32f10x_adc.o(.text)
    ADC_AnalogWatchdogSingleChannelConfig    0x08004317   Thumb Code    12  stm32f10x_adc.o(.text)
    ADC_TempSensorVrefintCmd                 0x08004323   Thumb Code    26  stm32f10x_adc.o(.text)
    ADC_GetFlagStatus                        0x0800433d   Thumb Code    14  stm32f10x_adc.o(.text)
    ADC_ClearFlag                            0x0800434b   Thumb Code     6  stm32f10x_adc.o(.text)
    ADC_GetITStatus                          0x08004351   Thumb Code    28  stm32f10x_adc.o(.text)
    ADC_ClearITPendingBit                    0x0800436d   Thumb Code     8  stm32f10x_adc.o(.text)
    BKP_DeInit                               0x0800438d   Thumb Code    18  stm32f10x_bkp.o(.text)
    BKP_TamperPinLevelConfig                 0x0800439f   Thumb Code     6  stm32f10x_bkp.o(.text)
    BKP_TamperPinCmd                         0x080043a5   Thumb Code     6  stm32f10x_bkp.o(.text)
    BKP_ITConfig                             0x080043ab   Thumb Code     6  stm32f10x_bkp.o(.text)
    BKP_RTCOutputConfig                      0x080043b1   Thumb Code    16  stm32f10x_bkp.o(.text)
    BKP_SetRTCCalibrationValue               0x080043c1   Thumb Code    16  stm32f10x_bkp.o(.text)
    BKP_WriteBackupRegister                  0x080043d1   Thumb Code    10  stm32f10x_bkp.o(.text)
    BKP_ReadBackupRegister                   0x080043db   Thumb Code    10  stm32f10x_bkp.o(.text)
    BKP_GetFlagStatus                        0x080043e5   Thumb Code     8  stm32f10x_bkp.o(.text)
    BKP_ClearFlag                            0x080043ed   Thumb Code    12  stm32f10x_bkp.o(.text)
    BKP_GetITStatus                          0x080043f9   Thumb Code     8  stm32f10x_bkp.o(.text)
    BKP_ClearITPendingBit                    0x08004401   Thumb Code    12  stm32f10x_bkp.o(.text)
    RTC_ITConfig                             0x0800442d   Thumb Code    22  stm32f10x_rtc.o(.text)
    RTC_EnterConfigMode                      0x08004443   Thumb Code    12  stm32f10x_rtc.o(.text)
    RTC_ExitConfigMode                       0x0800444f   Thumb Code    12  stm32f10x_rtc.o(.text)
    RTC_GetCounter                           0x0800445b   Thumb Code    12  stm32f10x_rtc.o(.text)
    RTC_SetCounter                           0x08004467   Thumb Code    22  stm32f10x_rtc.o(.text)
    RTC_SetPrescaler                         0x0800447d   Thumb Code    24  stm32f10x_rtc.o(.text)
    RTC_SetAlarm                             0x08004495   Thumb Code    22  stm32f10x_rtc.o(.text)
    RTC_GetDivider                           0x080044ab   Thumb Code    16  stm32f10x_rtc.o(.text)
    RTC_WaitForLastTask                      0x080044bb   Thumb Code    12  stm32f10x_rtc.o(.text)
    RTC_WaitForSynchro                       0x080044c7   Thumb Code    24  stm32f10x_rtc.o(.text)
    RTC_GetFlagStatus                        0x080044df   Thumb Code    16  stm32f10x_rtc.o(.text)
    RTC_ClearFlag                            0x080044ef   Thumb Code    12  stm32f10x_rtc.o(.text)
    RTC_GetITStatus                          0x080044fb   Thumb Code    26  stm32f10x_rtc.o(.text)
    RTC_ClearITPendingBit                    0x08004515   Thumb Code    12  stm32f10x_rtc.o(.text)
    adc_init                                 0x0800453d   Thumb Code    26  adc.o(.text)
    adc_get_value                            0x08004557   Thumb Code    34  adc.o(.text)
    adc_dbg                                  0x08004579   Thumb Code    18  adc.o(.text)
    NVIC_Configuration                       0x0800460d   Thumb Code    76  drv_init.o(.text)
    RCC_Configuration                        0x08004659   Thumb Code   144  drv_init.o(.text)
    rfid_init                                0x080046e9   Thumb Code     4  drv_init.o(.text)
    drv_all_init                             0x080046ed   Thumb Code    32  drv_init.o(.text)
    gpio_init                                0x0800470d   Thumb Code    50  gpio.o(.text)
    led_init                                 0x08004741   Thumb Code    40  led.o(.text)
    get_led_state                            0x08004769   Thumb Code    40  led.o(.text)
    set_led_state                            0x08004791   Thumb Code    56  led.o(.text)
    led_off                                  0x080047c9   Thumb Code    32  led.o(.text)
    led_on                                   0x080047e9   Thumb Code    32  led.o(.text)
    ferror                                   0x08004811   Thumb Code     6  retarget.o(.text)
    _ttywrch                                 0x08004817   Thumb Code     2  retarget.o(.text)
    _sys_exit                                0x08004819   Thumb Code     2  retarget.o(.text)
    fgetc                                    0x0800481b   Thumb Code     4  retarget.o(.text)
    fputc                                    0x0800481f   Thumb Code     4  retarget.o(.text)
    __backspace                              0x08004823   Thumb Code    40  retarget.o(.text)
    rtc_init                                 0x080048c3   Thumb Code    66  rtc.o(.text)
    time                                     0x08004905   Thumb Code    16  rtc.o(.text)
    rtc_SetTime                              0x08004915   Thumb Code    30  rtc.o(.text)
    hwtm_nvic_config                         0x08004941   Thumb Code    34  tmr_drv.o(.text)
    hwtm_ctrl_config                         0x08004963   Thumb Code    90  tmr_drv.o(.text)
    hwtm_init                                0x080049bd   Thumb Code    14  tmr_drv.o(.text)
    hwtm_start                               0x080049cb   Thumb Code    66  tmr_drv.o(.text)
    hwtm_pause                               0x08004a0d   Thumb Code    26  tmr_drv.o(.text)
    hwtm_stop                                0x08004a27   Thumb Code    26  tmr_drv.o(.text)
    hwtm_get_cnt                             0x08004a41   Thumb Code     8  tmr_drv.o(.text)
    hwtm_set_isr2                            0x08004a49   Thumb Code    10  tmr_drv.o(.text)
    hwtm_isr                                 0x08004a53   Thumb Code    32  tmr_drv.o(.text)
    ZD1600_COMInit                           0x08004a79   Thumb Code   214  uart_drv.o(.text)
    uart_rx_itconf                           0x08004b4f   Thumb Code    18  uart_drv.o(.text)
    uart_rx_bufset                           0x08004b61   Thumb Code    26  uart_drv.o(.text)
    uart1_rx_isr                             0x08004b7b   Thumb Code    36  uart_drv.o(.text)
    uart1_tx_isr                             0x08004b9f   Thumb Code    46  uart_drv.o(.text)
    uart2_rx_isr                             0x08004bcd   Thumb Code    42  uart_drv.o(.text)
    uart2_tx_isr                             0x08004bf7   Thumb Code    48  uart_drv.o(.text)
    uart1_senddata                           0x08004c27   Thumb Code    54  uart_drv.o(.text)
    uart2_senddata                           0x08004c5d   Thumb Code    56  uart_drv.o(.text)
    main                                     0x08004ca9   Thumb Code    52  main.o(.text)
    gd_get_config                            0x08004cdd   Thumb Code     4  gd_config.o(.text)
    gd_task_config                           0x08004ce1   Thumb Code     6  gd_config.o(.text)
    gd_component_init                        0x08004ce7   Thumb Code    10  gd_com_init.o(.text)
    App_TaskCreateHook                       0x08004cf1   Thumb Code     2  gd_app_hook.o(.text)
    App_TaskDelHook                          0x08004cf3   Thumb Code     4  gd_app_hook.o(.text)
    App_TaskIdleHook                         0x08004cf7   Thumb Code     2  gd_app_hook.o(.text)
    App_TaskStatHook                         0x08004cf9   Thumb Code     8  gd_app_hook.o(.text)
    App_TaskSwHook                           0x08004d01   Thumb Code    28  gd_app_hook.o(.text)
    App_TCBInitHook                          0x08004d1d   Thumb Code     2  gd_app_hook.o(.text)
    App_TimeTickHook                         0x08004d1f   Thumb Code     2  gd_app_hook.o(.text)
    gd_task_led                              0x08004d2d   Thumb Code   186  gd_led.o(.text)
    Run_Task                                 0x08004de9   Thumb Code    66  gd_system.o(.text)
    gd_judge_work_mode                       0x08004e2b   Thumb Code    10  gd_system.o(.text)
    gd_start_tasks                           0x08004e35   Thumb Code    46  gd_system.o(.text)
    gd_system_init                           0x08004e63   Thumb Code   172  gd_system.o(.text)
    uart_init_3210e                          0x08004f29   Thumb Code    24  test.o(.text)
    App_test                                 0x08004f41   Thumb Code   112  test.o(.text)
    __I$use$semihosting                      0x08004fbd   Thumb Code     0  use_no_semi.o(.text)
    __use_no_semihosting_swi                 0x08004fbd   Thumb Code     2  use_no_semi.o(.text)
    __rt_ctype_table                         0x08004fc1   Thumb Code    16  rt_ctype_table.o(.text)
    __2printf                                0x08004fd1   Thumb Code    24  noretval__2printf.o(.text)
    _printf_str                              0x08004ff1   Thumb Code    82  _printf_str.o(.text)
    _printf_int_dec                          0x08005045   Thumb Code    98  _printf_dec.o(.text)
    __printf                                 0x080050b9   Thumb Code   412  __printf_flags_ss_wp.o(.text)
    abort                                    0x08005259   Thumb Code    16  abort.o(.text)
    strcpy                                   0x08005269   Thumb Code    74  strcpy.o(.text)
    __aeabi_memcpy                           0x080052b3   Thumb Code     0  rt_memcpy_v6.o(.text)
    __rt_memcpy                              0x080052b3   Thumb Code   140  rt_memcpy_v6.o(.text)
    _memcpy_lastbytes                        0x0800531b   Thumb Code     0  rt_memcpy_v6.o(.text)
    __aeabi_memset                           0x0800533f   Thumb Code    16  aeabi_memset.o(.text)
    __aeabi_memcpy4                          0x0800534f   Thumb Code     0  rt_memcpy_w.o(.text)
    __aeabi_memcpy8                          0x0800534f   Thumb Code     0  rt_memcpy_w.o(.text)
    __rt_memcpy_w                            0x0800534f   Thumb Code   100  rt_memcpy_w.o(.text)
    _memcpy_lastbytes_aligned                0x08005397   Thumb Code     0  rt_memcpy_w.o(.text)
    __aeabi_memclr4                          0x080053b3   Thumb Code     0  rt_memclr_w.o(.text)
    __aeabi_memclr8                          0x080053b3   Thumb Code     0  rt_memclr_w.o(.text)
    __rt_memclr_w                            0x080053b3   Thumb Code    78  rt_memclr_w.o(.text)
    _memset_w                                0x080053b7   Thumb Code     0  rt_memclr_w.o(.text)
    mktime                                   0x08005437   Thumb Code   352  mktime.o(.text)
    __use_two_region_memory                  0x080055a1   Thumb Code     2  heapauxi.o(.text)
    __rt_heap_escrow$2region                 0x080055a3   Thumb Code     2  heapauxi.o(.text)
    __rt_heap_expand$2region                 0x080055a5   Thumb Code     2  heapauxi.o(.text)
    __rt_locale                              0x080055a9   Thumb Code    12  rt_locale_intlibspace.o(.text)
    _printf_int_common                       0x080055b5   Thumb Code   180  _printf_intcommon.o(.text)
    _printf_char_common                      0x08005673   Thumb Code    34  _printf_char_common.o(.text)
    _printf_cs_common                        0x08005699   Thumb Code    20  _printf_char.o(.text)
    _printf_char                             0x080056ad   Thumb Code    16  _printf_char.o(.text)
    _printf_string                           0x080056bd   Thumb Code     8  _printf_char.o(.text)
    __rt_SIGABRT                             0x080056c5   Thumb Code    14  defsig_abrt_outer.o(.text)
    __aeabi_memclr                           0x080056d3   Thumb Code     0  rt_memclr.o(.text)
    __rt_memclr                              0x080056d3   Thumb Code    68  rt_memclr.o(.text)
    _memset                                  0x080056d7   Thumb Code     0  rt_memclr.o(.text)
    __rt_udiv10                              0x08005717   Thumb Code    16  rtudiv10.o(.text)
    __user_libspace                          0x08005729   Thumb Code     8  libspace.o(.text)
    __user_perproc_libspace                  0x08005729   Thumb Code     0  libspace.o(.text)
    __user_perthread_libspace                0x08005729   Thumb Code     0  libspace.o(.text)
    __sig_exit                               0x08005731   Thumb Code    10  defsig_exit.o(.text)
    __rt_SIGABRT_inner                       0x0800573d   Thumb Code    14  defsig_abrt_inner.o(.text)
    strcmp                                   0x0800576d   Thumb Code   128  strcmpv7m.o(.text)
    __user_setup_stackheap                   0x080057ed   Thumb Code    74  sys_stackheap_outer.o(.text)
    exit                                     0x08005837   Thumb Code    12  exit.o(.text)
    __default_signal_display                 0x08005843   Thumb Code    50  defsig_general.o(.text)
    __rt_fp_status_addr                      0x08005875   Thumb Code    12  rt_fp_status_addr_intlibspace.o(.text)
    _get_lc_ctype                            0x08005881   Thumb Code    44  lc_ctype_c.o(locale$$code)
    _fp_init                                 0x080058ad   Thumb Code    14  fpinit.o(x$fpl$fpinit)
    __fplib_config_pureend_doubles           0x080058b9   Thumb Code     0  fpinit.o(x$fpl$fpinit)
    OSUnMapTbl                               0x080058ba   Data         256  ucos_ii.o(.constdata)
    COM_WordLength                           0x080059d0   Data           4  uart_drv.o(.constdata)
    COM_TX_PIN                               0x080059d4   Data           6  uart_drv.o(.constdata)
    COM_RX_PIN                               0x080059da   Data           6  uart_drv.o(.constdata)
    COM_Parity                               0x080059e0   Data           6  uart_drv.o(.constdata)
    COM_StopBits                             0x080059e6   Data           8  uart_drv.o(.constdata)
    COM_HwFlowControl                        0x080059ee   Data           8  uart_drv.o(.constdata)
    COM_USART_CLK                            0x080059f8   Data          12  uart_drv.o(.constdata)
    COM_POR_CLK                              0x08005a04   Data          12  uart_drv.o(.constdata)
    _monlen                                  0x08005a21   Data          12  _monlen.o(.constdata)
    Region$$Table$$Base                      0x08005a74   Number         0  anon$$obj.o(Region$$Table)
    Region$$Table$$Limit                     0x08005a94   Number         0  anon$$obj.o(Region$$Table)
    __ctype                                  0x08005aa1   Data           0  lc_ctype_c.o(locale$$data)
    OSCPUUsage                               0x20000004   Data           1  ucos_ii.o(.data)
    OSStatRdy                                0x20000005   Data           1  ucos_ii.o(.data)
    OSIntNesting                             0x20000006   Data           1  ucos_ii.o(.data)
    OSLockNesting                            0x20000007   Data           1  ucos_ii.o(.data)
    OSPrioCur                                0x20000008   Data           1  ucos_ii.o(.data)
    OSPrioHighRdy                            0x20000009   Data           1  ucos_ii.o(.data)
    OSRdyGrp                                 0x2000000a   Data           1  ucos_ii.o(.data)
    OSRunning                                0x2000000b   Data           1  ucos_ii.o(.data)
    OSTaskCtr                                0x2000000c   Data           1  ucos_ii.o(.data)
    OSTickStepState                          0x2000000d   Data           1  ucos_ii.o(.data)
    OSTmrFree                                0x2000000e   Data           2  ucos_ii.o(.data)
    OSTmrUsed                                0x20000010   Data           2  ucos_ii.o(.data)
    OSCtxSwCtr                               0x20000014   Data           4  ucos_ii.o(.data)
    OSEventFreeList                          0x20000018   Data           4  ucos_ii.o(.data)
    OSIdleCtrMax                             0x2000001c   Data           4  ucos_ii.o(.data)
    OSIdleCtrRun                             0x20000020   Data           4  ucos_ii.o(.data)
    OSRdyTbl                                 0x20000024   Data           4  ucos_ii.o(.data)
    OSIdleCtr                                0x20000028   Data           4  ucos_ii.o(.data)
    OSTCBCur                                 0x2000002c   Data           4  ucos_ii.o(.data)
    OSTCBFreeList                            0x20000030   Data           4  ucos_ii.o(.data)
    OSTCBHighRdy                             0x20000034   Data           4  ucos_ii.o(.data)
    OSTCBList                                0x20000038   Data           4  ucos_ii.o(.data)
    OSMemFreeList                            0x2000003c   Data           4  ucos_ii.o(.data)
    OSQFreeList                              0x20000040   Data           4  ucos_ii.o(.data)
    OSTime                                   0x20000044   Data           4  ucos_ii.o(.data)
    OSTmrTime                                0x20000048   Data           4  ucos_ii.o(.data)
    OSTmrSem                                 0x2000004c   Data           4  ucos_ii.o(.data)
    OSTmrSemSignal                           0x20000050   Data           4  ucos_ii.o(.data)
    OSTmrFreeList                            0x20000054   Data           4  ucos_ii.o(.data)
    __stdout                                 0x20000068   Data           8  retarget.o(.data)
    tim_arr_val                              0x20000074   Data           2  tmr_drv.o(.data)
    hwtm_2nd_isr                             0x20000078   Data           4  tmr_drv.o(.data)
    usart1_send_position                     0x2000007c   Data           4  uart_drv.o(.data)
    usart2_send_position                     0x20000080   Data           4  uart_drv.o(.data)
    COM_USART                                0x20000084   Data          12  uart_drv.o(.data)
    COM_PORT                                 0x20000090   Data          12  uart_drv.o(.data)
    user_tasks                               0x2000009c   Data         176  gd_system.o(.data)
    rx_datalen_piont                         0x2000014c   Data           4  test.o(.data)
    OSEventTbl                               0x20000150   Data        1024  ucos_ii.o(.bss)
    OSTaskStatStk                            0x20000550   Data         512  ucos_ii.o(.bss)
    OSTaskIdleStk                            0x20000750   Data         512  ucos_ii.o(.bss)
    OSTCBPrioTbl                             0x20000950   Data         128  ucos_ii.o(.bss)
    OSTCBTbl                                 0x200009d0   Data        1936  ucos_ii.o(.bss)
    OSMemTbl                                 0x20001160   Data         576  ucos_ii.o(.bss)
    OSQTbl                                   0x200013a0   Data         384  ucos_ii.o(.bss)
    OSTmrTbl                                 0x20001520   Data         832  ucos_ii.o(.bss)
    OSTmrTaskStk                             0x20001860   Data         512  ucos_ii.o(.bss)
    OSTmrWheelTbl                            0x20001a60   Data          64  ucos_ii.o(.bss)
    uart1_buff                               0x20001aa0   Data          20  uart_drv.o(.bss)
    uart2_buff                               0x20001ab4   Data          20  uart_drv.o(.bss)
    gd_task_config_stk                       0x20001ac8   Data        2048  gd_config.o(.bss)
    gd_task_led_stk                          0x200022c8   Data         512  gd_led.o(.bss)
    gd_system                                0x200024c8   Data         172  gd_system.o(.bss)
    rx_testbuf                               0x20002574   Data        2048  test.o(.bss)
    tx_testbuf                               0x20002d74   Data        2048  test.o(.bss)
    App_TaskTestStk                          0x20003574   Data        2048  test.o(.bss)
    __libspace_start                         0x20003d74   Data          96  libspace.o(.bss)
    __temporary_stack_top$libspace           0x20003dd4   Data           0  libspace.o(.bss)



==============================================================================

Memory Map of the image

  Image Entry point : 0x08000131

  Load Region LR_IROM1 (Base: 0x08000000, Size: 0x00005cf4, Max: 0x00080000, ABSOLUTE, COMPRESSED[0x00005c1c])

    Execution Region ER_IROM1 (Base: 0x08000000, Size: 0x00005ba4, Max: 0x00080000, ABSOLUTE)

    Base Addr    Size         Type   Attr      Idx    E Section Name        Object

    0x08000000   0x00000130   Data   RO          121    RESET               stm32f10x_vector.o
    0x08000130   0x00000008   Code   RO         1078  * !!!main             __main.o(c_w.l)
    0x08000138   0x00000034   Code   RO         1271    !!!scatter          __scatter.o(c_w.l)
    0x0800016c   0x0000005a   Code   RO         1269    !!dczerorl2         __dczerorl2.o(c_w.l)
    0x080001c6   0x00000002   PAD
    0x080001c8   0x0000001c   Code   RO         1273    !!handler_zi        __scatter_zi.o(c_w.l)
    0x080001e4   0x00000000   Code   RO         1048    .ARM.Collect$$_printf_percent$$00000000  _printf_percent.o(c_w.l)
    0x080001e4   0x00000006   Code   RO         1046    .ARM.Collect$$_printf_percent$$00000009  _printf_d.o(c_w.l)
    0x080001ea   0x00000006   Code   RO         1042    .ARM.Collect$$_printf_percent$$00000014  _printf_s.o(c_w.l)
    0x080001f0   0x00000004   Code   RO         1097    .ARM.Collect$$_printf_percent$$00000017  _printf_percent_end.o(c_w.l)
    0x080001f4   0x00000006   Code   RO         1205    .ARM.Collect$$libinit$$00000000  libinit.o(c_w.l)
    0x080001fa   0x00000000   Code   RO         1115    .ARM.Collect$$libinit$$00000006  libinit2.o(c_w.l)
    0x080001fa   0x00000000   Code   RO         1117    .ARM.Collect$$libinit$$00000008  libinit2.o(c_w.l)
    0x080001fa   0x00000000   Code   RO         1119    .ARM.Collect$$libinit$$0000000A  libinit2.o(c_w.l)
    0x080001fa   0x00000006   Code   RO         1120    .ARM.Collect$$libinit$$0000000B  libinit2.o(c_w.l)
    0x08000200   0x00000000   Code   RO         1122    .ARM.Collect$$libinit$$0000000D  libinit2.o(c_w.l)
    0x08000200   0x0000000c   Code   RO         1123    .ARM.Collect$$libinit$$0000000E  libinit2.o(c_w.l)
    0x0800020c   0x00000000   Code   RO         1124    .ARM.Collect$$libinit$$0000000F  libinit2.o(c_w.l)
    0x0800020c   0x00000000   Code   RO         1126    .ARM.Collect$$libinit$$00000011  libinit2.o(c_w.l)
    0x0800020c   0x00000000   Code   RO         1128    .ARM.Collect$$libinit$$00000013  libinit2.o(c_w.l)
    0x0800020c   0x00000000   Code   RO         1130    .ARM.Collect$$libinit$$00000015  libinit2.o(c_w.l)
    0x0800020c   0x00000000   Code   RO         1132    .ARM.Collect$$libinit$$00000017  libinit2.o(c_w.l)
    0x0800020c   0x00000000   Code   RO         1134    .ARM.Collect$$libinit$$00000019  libinit2.o(c_w.l)
    0x0800020c   0x00000000   Code   RO         1136    .ARM.Collect$$libinit$$0000001B  libinit2.o(c_w.l)
    0x0800020c   0x00000000   Code   RO         1138    .ARM.Collect$$libinit$$0000001D  libinit2.o(c_w.l)
    0x0800020c   0x00000000   Code   RO         1140    .ARM.Collect$$libinit$$0000001F  libinit2.o(c_w.l)
    0x0800020c   0x00000000   Code   RO         1142    .ARM.Collect$$libinit$$00000021  libinit2.o(c_w.l)
    0x0800020c   0x00000000   Code   RO         1146    .ARM.Collect$$libinit$$00000028  libinit2.o(c_w.l)
    0x0800020c   0x00000000   Code   RO         1148    .ARM.Collect$$libinit$$0000002A  libinit2.o(c_w.l)
    0x0800020c   0x00000000   Code   RO         1150    .ARM.Collect$$libinit$$0000002C  libinit2.o(c_w.l)
    0x0800020c   0x00000000   Code   RO         1152    .ARM.Collect$$libinit$$0000002E  libinit2.o(c_w.l)
    0x0800020c   0x00000002   Code   RO         1153    .ARM.Collect$$libinit$$0000002F  libinit2.o(c_w.l)
    0x0800020e   0x00000002   Code   RO         1251    .ARM.Collect$$libshutdown$$00000000  libshutdown.o(c_w.l)
    0x08000210   0x00000000   Code   RO         1254    .ARM.Collect$$libshutdown$$00000003  libshutdown2.o(c_w.l)
    0x08000210   0x00000000   Code   RO         1257    .ARM.Collect$$libshutdown$$00000006  libshutdown2.o(c_w.l)
    0x08000210   0x00000000   Code   RO         1260    .ARM.Collect$$libshutdown$$00000009  libshutdown2.o(c_w.l)
    0x08000210   0x00000000   Code   RO         1262    .ARM.Collect$$libshutdown$$0000000B  libshutdown2.o(c_w.l)
    0x08000210   0x00000000   Code   RO         1265    .ARM.Collect$$libshutdown$$0000000E  libshutdown2.o(c_w.l)
    0x08000210   0x00000002   Code   RO         1266    .ARM.Collect$$libshutdown$$0000000F  libshutdown2.o(c_w.l)
    0x08000212   0x00000000   Code   RO         1080    .ARM.Collect$$rtentry$$00000000  rtentry.o(c_w.l)
    0x08000212   0x00000000   Code   RO         1158    .ARM.Collect$$rtentry$$00000002  rtentry2.o(c_w.l)
    0x08000212   0x00000006   Code   RO         1173    .ARM.Collect$$rtentry$$00000004  rtentry4.o(c_w.l)
    0x08000218   0x00000000   Code   RO         1160    .ARM.Collect$$rtentry$$00000009  rtentry2.o(c_w.l)
    0x08000218   0x00000004   Code   RO         1161    .ARM.Collect$$rtentry$$0000000A  rtentry2.o(c_w.l)
    0x0800021c   0x00000000   Code   RO         1163    .ARM.Collect$$rtentry$$0000000C  rtentry2.o(c_w.l)
    0x0800021c   0x00000008   Code   RO         1164    .ARM.Collect$$rtentry$$0000000D  rtentry2.o(c_w.l)
    0x08000224   0x00000002   Code   RO         1208    .ARM.Collect$$rtexit$$00000000  rtexit.o(c_w.l)
    0x08000226   0x00000000   Code   RO         1221    .ARM.Collect$$rtexit$$00000002  rtexit2.o(c_w.l)
    0x08000226   0x00000004   Code   RO         1222    .ARM.Collect$$rtexit$$00000003  rtexit2.o(c_w.l)
    0x0800022a   0x00000006   Code   RO         1223    .ARM.Collect$$rtexit$$00000004  rtexit2.o(c_w.l)
    0x08000230   0x0000007a   Code   RO            1    .text               cortexm3_macro.o
    0x080002aa   0x00000002   PAD
    0x080002ac   0x000001b4   Code   RO            6    .text               stm32f10x_it.o
    0x08000460   0x000000b8   Code   RO          122    .text               stm32f10x_vector.o
    0x08000518   0x000000a8   Code   RO          126    .text               os_cpu_a.o
    0x080005c0   0x000001d8   Code   RO          129    .text               os_cpu_c.o
    0x08000798   0x00000002   Code   RO          154    .text               os_dbg.o
    0x0800079a   0x00000002   PAD
    0x0800079c   0x000020e4   Code   RO          169    .text               ucos_ii.o
    0x08002880   0x000003e8   Code   RO          199    .text               stm32f10x_flash.o
    0x08002c68   0x00000238   Code   RO          226    .text               stm32f10x_gpio.o
    0x08002ea0   0x00000304   Code   RO          307    .text               stm32f10x_nvic.o
    0x080031a4   0x000002b8   Code   RO          319    .text               stm32f10x_rcc.o
    0x0800345c   0x000002d8   Code   RO          333    .text               stm32f10x_usart.o
    0x08003734   0x000000a8   Code   RO          345    .text               stm32f10x_pwr.o
    0x080037dc   0x0000088a   Code   RO          405    .text               stm32f10x_tim.o
    0x08004066   0x00000002   PAD
    0x08004068   0x00000324   Code   RO          430    .text               stm32f10x_adc.o
    0x0800438c   0x000000a0   Code   RO          442    .text               stm32f10x_bkp.o
    0x0800442c   0x00000110   Code   RO          454    .text               stm32f10x_rtc.o
    0x0800453c   0x000000d0   Code   RO          479    .text               adc.o
    0x0800460c   0x00000100   Code   RO          540    .text               drv_init.o
    0x0800470c   0x00000032   Code   RO          576    .text               gpio.o
    0x0800473e   0x00000002   PAD
    0x08004740   0x000000d0   Code   RO          629    .text               led.o
    0x08004810   0x00000040   Code   RO          658    .text               retarget.o
    0x08004850   0x000000f0   Code   RO          690    .text               rtc.o
    0x08004940   0x00000138   Code   RO          702    .text               tmr_drv.o
    0x08004a78   0x00000230   Code   RO          718    .text               uart_drv.o
    0x08004ca8   0x00000034   Code   RO          738    .text               main.o
    0x08004cdc   0x0000000a   Code   RO          784    .text               gd_config.o
    0x08004ce6   0x0000000a   Code   RO          808    .text               gd_com_init.o
    0x08004cf0   0x0000003c   Code   RO          820    .text               gd_app_hook.o
    0x08004d2c   0x000000ba   Code   RO          832    .text               gd_led.o
    0x08004de6   0x00000002   PAD
    0x08004de8   0x00000140   Code   RO          877    .text               gd_system.o
    0x08004f28   0x00000094   Code   RO          946    .text               test.o
    0x08004fbc   0x00000002   Code   RO          969    .text               use_no_semi.o(c_w.l)
    0x08004fbe   0x00000002   PAD
    0x08004fc0   0x00000010   Code   RO          971    .text               rt_ctype_table.o(c_w.l)
    0x08004fd0   0x00000020   Code   RO          979    .text               noretval__2printf.o(c_w.l)
    0x08004ff0   0x00000052   Code   RO          989    .text               _printf_str.o(c_w.l)
    0x08005042   0x00000002   PAD
    0x08005044   0x00000074   Code   RO          991    .text               _printf_dec.o(c_w.l)
    0x080050b8   0x000001a0   Code   RO         1038    .text               __printf_flags_ss_wp.o(c_w.l)
    0x08005258   0x00000010   Code   RO         1054    .text               abort.o(c_w.l)
    0x08005268   0x0000004a   Code   RO         1062    .text               strcpy.o(c_w.l)
    0x080052b2   0x0000008c   Code   RO         1066    .text               rt_memcpy_v6.o(c_w.l)
    0x0800533e   0x00000010   Code   RO         1068    .text               aeabi_memset.o(c_w.l)
    0x0800534e   0x00000064   Code   RO         1070    .text               rt_memcpy_w.o(c_w.l)
    0x080053b2   0x0000004e   Code   RO         1072    .text               rt_memclr_w.o(c_w.l)
    0x08005400   0x000001a0   Code   RO         1074    .text               mktime.o(c_w.l)
    0x080055a0   0x00000006   Code   RO         1076    .text               heapauxi.o(c_w.l)
    0x080055a6   0x00000002   PAD
    0x080055a8   0x0000000c   Code   RO         1085    .text               rt_locale_intlibspace.o(c_w.l)
    0x080055b4   0x000000b4   Code   RO         1087    .text               _printf_intcommon.o(c_w.l)
    0x08005668   0x00000030   Code   RO         1089    .text               _printf_char_common.o(c_w.l)
    0x08005698   0x0000002c   Code   RO         1093    .text               _printf_char.o(c_w.l)
    0x080056c4   0x0000000e   Code   RO         1104    .text               defsig_abrt_outer.o(c_w.l)
    0x080056d2   0x00000044   Code   RO         1108    .text               rt_memclr.o(c_w.l)
    0x08005716   0x00000010   Code   RO         1111    .text               rtudiv10.o(c_w.l)
    0x08005726   0x00000002   PAD
    0x08005728   0x00000008   Code   RO         1154    .text               libspace.o(c_w.l)
    0x08005730   0x0000000a   Code   RO         1179    .text               defsig_exit.o(c_w.l)
    0x0800573a   0x00000002   PAD
    0x0800573c   0x00000030   Code   RO         1181    .text               defsig_abrt_inner.o(c_w.l)
    0x0800576c   0x00000080   Code   RO         1183    .text               strcmpv7m.o(c_w.l)
    0x080057ec   0x0000004a   Code   RO         1187    .text               sys_stackheap_outer.o(c_w.l)
    0x08005836   0x0000000c   Code   RO         1189    .text               exit.o(c_w.l)
    0x08005842   0x00000032   Code   RO         1193    .text               defsig_general.o(c_w.l)
    0x08005874   0x0000000c   Code   RO         1231    .text               rt_fp_status_addr_intlibspace.o(c_w.l)
    0x08005880   0x0000002c   Code   RO         1102    locale$$code        lc_ctype_c.o(c_w.l)
    0x080058ac   0x0000000e   Code   RO         1218    x$fpl$fpinit        fpinit.o(fz_ws.l)
    0x080058ba   0x00000100   Data   RO          171    .constdata          ucos_ii.o
    0x080059ba   0x00000014   Data   RO          320    .constdata          stm32f10x_rcc.o
    0x080059ce   0x00000002   PAD
    0x080059d0   0x00000040   Data   RO          720    .constdata          uart_drv.o
    0x08005a10   0x00000011   Data   RO         1039    .constdata          __printf_flags_ss_wp.o(c_w.l)
    0x08005a21   0x0000000c   Data   RO         1110    .constdata          _monlen.o(c_w.l)
    0x08005a2d   0x00000047   Data   RO          879    .conststring        gd_system.o
    0x08005a74   0x00000020   Data   RO         1267    Region$$Table       anon$$obj.o
    0x08005a94   0x00000110   Data   RO         1101    locale$$data        lc_ctype_c.o(c_w.l)


    Execution Region RW_IRAM1 (Base: 0x20000000, Size: 0x000045d4, Max: 0x00010000, ABSOLUTE, COMPRESSED[0x00000078])

    Base Addr    Size         Type   Attr      Idx    E Section Name        Object

    0x20000000   0x00000002   Data   RW          130    .data               os_cpu_c.o
    0x20000002   0x00000002   PAD
    0x20000004   0x00000054   Data   RW          172    .data               ucos_ii.o
    0x20000058   0x00000010   Data   RW          630    .data               led.o
    0x20000068   0x00000008   Data   RW          662    .data               retarget.o
    0x20000070   0x00000004   Data   RW          665    .data               retarget.o
    0x20000074   0x00000008   Data   RW          703    .data               tmr_drv.o
    0x2000007c   0x00000020   Data   RW          721    .data               uart_drv.o
    0x2000009c   0x000000b0   Data   RW          880    .data               gd_system.o
    0x2000014c   0x00000004   Data   RW          949    .data               test.o
    0x20000150   0x00001950   Zero   RW          170    .bss                ucos_ii.o
    0x20001aa0   0x00000028   Zero   RW          719    .bss                uart_drv.o
    0x20001ac8   0x00000800   Zero   RW          785    .bss                gd_config.o
    0x200022c8   0x00000200   Zero   RW          833    .bss                gd_led.o
    0x200024c8   0x000000ac   Zero   RW          878    .bss                gd_system.o
    0x20002574   0x00001000   Zero   RW          947    .bss                test.o
    0x20003574   0x00000800   Zero   RW          948    .bss                test.o
    0x20003d74   0x00000060   Zero   RW         1155    .bss                libspace.o(c_w.l)
    0x20003dd4   0x00000000   Zero   RW          120    HEAP                stm32f10x_vector.o
    0x20003dd4   0x00000800   Zero   RW          119    STACK               stm32f10x_vector.o


    Execution Region RW_RAM1 (Base: 0x68000000, Size: 0x00000000, Max: 0x00020000, ABSOLUTE)

    **** No section assigned to this execution region ****


==============================================================================

Image component sizes


      Code (inc. data)   RO Data    RW Data    ZI Data      Debug   Object Name

       208         26          0          0          0       2399   adc.o
       122          0          0          0          0        328   cortexm3_macro.o
       256          0          0          0          0       2634   drv_init.o
        60         12          0          0          0       1263   gd_app_hook.o
        10          0          0          0          0        428   gd_com_init.o
        10          0          0          0       2048       1016   gd_config.o
       186          0          0          0        512        980   gd_led.o
       320         26         71        176        172       2695   gd_system.o
        50          0          0          0          0        952   gpio.o
       208          8          0         16          0       1582   led.o
        52          0          0          0          0       2807   main.o
       168         40          0          0          0        332   os_cpu_a.o
       472         76          0          2          0      14113   os_cpu_c.o
         2          0          0          0          0        454   os_dbg.o
        64          6          0         12          0       3104   retarget.o
       240         14          0          0          0       1520   rtc.o
       804         24          0          0          0      10801   stm32f10x_adc.o
       160         32          0          0          0       2244   stm32f10x_bkp.o
      1000         24          0          0          0     189710   stm32f10x_flash.o
       568         16          0          0          0      19279   stm32f10x_gpio.o
       436         16          0          0          0      20934   stm32f10x_it.o
         0          0          0          0          0      44268   stm32f10x_lib.o
       772         32          0          0          0       7216   stm32f10x_nvic.o
       168         18          0          0          0       1847   stm32f10x_pwr.o
       696         50         20          0          0       8608   stm32f10x_rcc.o
       272         28          0          0          0       3104   stm32f10x_rtc.o
      2186         16          0          0          0      24698   stm32f10x_tim.o
       728         12          0          0          0       7855   stm32f10x_usart.o
       184         86        304          0       2048        328   stm32f10x_vector.o
       148         12          0          4       6144       2126   test.o
       312          6          0          8          0       2527   tmr_drv.o
       560         20         64         32         40       3427   uart_drv.o
      8420        186        256         84       6480      45973   ucos_ii.o

    ----------------------------------------------------------------------
     19852        786        749        336      17444     431552   Object Totals
         0          0         32          0          0          0   (incl. Generated)
        10          0          2          2          0          0   (incl. Padding)

    ----------------------------------------------------------------------

      Code (inc. data)   RO Data    RW Data    ZI Data      Debug   Library Member Name

        90          0          0          0          0          0   __dczerorl2.o
         8          0          0          0          0         68   __main.o
       416          4         17          0          0         88   __printf_flags_ss_wp.o
        52          8          0          0          0          0   __scatter.o
        28          0          0          0          0          0   __scatter_zi.o
         0          0         12          0          0          0   _monlen.o
        44          0          0          0          0        108   _printf_char.o
        48          4          0          0          0         96   _printf_char_common.o
         6          0          0          0          0          0   _printf_d.o
       116         18          0          0          0         92   _printf_dec.o
       180          0          0          0          0         88   _printf_intcommon.o
         0          0          0          0          0          0   _printf_percent.o
         4          0          0          0          0          0   _printf_percent_end.o
         6          0          0          0          0          0   _printf_s.o
        82          0          0          0          0         80   _printf_str.o
        16          0          0          0          0         68   abort.o
        16          0          0          0          0         68   aeabi_memset.o
        48         34          0          0          0         76   defsig_abrt_inner.o
        14          0          0          0          0         80   defsig_abrt_outer.o
        10          0          0          0          0         68   defsig_exit.o
        50          0          0          0          0         84   defsig_general.o
        12          0          0          0          0         68   exit.o
        14          0          0          0          0         76   fpinit.o
         6          0          0          0          0        148   heapauxi.o
        44         10        272          0          0         76   lc_ctype_c.o
         6          0          0          0          0          0   libinit.o
        20          0          0          0          0          0   libinit2.o
         2          0          0          0          0          0   libshutdown.o
         2          0          0          0          0          0   libshutdown2.o
         8          4          0          0         96         68   libspace.o
       416         10          0          0          0        116   mktime.o
        32          8          0          0          0         80   noretval__2printf.o
        16          6          0          0          0         76   rt_ctype_table.o
        12          6          0          0          0         68   rt_fp_status_addr_intlibspace.o
        12          6          0          0          0         68   rt_locale_intlibspace.o
        68          0          0          0          0         68   rt_memclr.o
        78          0          0          0          0         76   rt_memclr_w.o
       140          0          0          0          0         68   rt_memcpy_v6.o
       100          0          0          0          0         80   rt_memcpy_w.o
         0          0          0          0          0          0   rtentry.o
        12          0          0          0          0          0   rtentry2.o
         6          0          0          0          0          0   rtentry4.o
         2          0          0          0          0          0   rtexit.o
        10          0          0          0          0          0   rtexit2.o
        16          0          0          0          0         68   rtudiv10.o
       128          2          0          0          0         68   strcmpv7m.o
        74          0          0          0          0         76   strcpy.o
        74          0          0          0          0         80   sys_stackheap_outer.o
         2          0          0          0          0         68   use_no_semi.o

    ----------------------------------------------------------------------
      2558        120        301          0         96       2560   Library Totals
        12          0          0          0          0          0   (incl. Padding)

    ----------------------------------------------------------------------

      Code (inc. data)   RO Data    RW Data    ZI Data      Debug   Library Name

      2532        120        301          0         96       2484   c_w.l
        14          0          0          0          0         76   fz_ws.l

    ----------------------------------------------------------------------
      2558        120        301          0         96       2560   Library Totals

    ----------------------------------------------------------------------

==============================================================================


      Code (inc. data)   RO Data    RW Data    ZI Data      Debug   

     22410        906       1050        336      17540     428712   Grand Totals
     22410        906       1050        120      17540     428712   ELF Image Totals (compressed)
     22410        906       1050        120          0          0   ROM Totals

==============================================================================

    Total RO  Size (Code + RO Data)                23460 (  22.91kB)
    Total RW  Size (RW Data + ZI Data)             17876 (  17.46kB)
    Total ROM Size (Code + RO Data + RW Data)      23580 (  23.03kB)

==============================================================================

