ARM Linker, RVCT4.0 [Build 728] [Standard]

==============================================================================

Section Cross References

    stm32f10x_it.o(.text) refers to os_cpu_a.o(.text) for OS_CPU_SR_Save
    stm32f10x_it.o(.text) refers to ucos_ii.o(.text) for OSIntExit
    stm32f10x_it.o(.text) refers to stm32f10x_usart.o(.text) for USART_GetITStatus
    stm32f10x_it.o(.text) refers to uart_drv.o(.text) for suart_rx_isr
    stm32f10x_it.o(.text) refers to ucos_ii.o(.data) for OSIntNesting
    stm32f10x_vector.o(STACK) refers (Special) to heapauxi.o(.text) for __use_two_region_memory
    stm32f10x_vector.o(HEAP) refers (Special) to heapauxi.o(.text) for __use_two_region_memory
    stm32f10x_vector.o(RESET) refers (Special) to heapauxi.o(.text) for __use_two_region_memory
    stm32f10x_vector.o(RESET) refers to stm32f10x_vector.o(STACK) for __initial_sp
    stm32f10x_vector.o(RESET) refers to stm32f10x_vector.o(.text) for Reset_Handler
    stm32f10x_vector.o(RESET) refers to stm32f10x_it.o(.text) for NMIException
    stm32f10x_vector.o(RESET) refers to os_cpu_a.o(.text) for OSPendSV
    stm32f10x_vector.o(RESET) refers to os_cpu_c.o(.text) for OS_CPU_SysTickHandler
    stm32f10x_vector.o(.text) refers (Special) to heapauxi.o(.text) for __use_two_region_memory
    stm32f10x_vector.o(.text) refers to hw_core.o(.text) for hardfault_isr
    stm32f10x_vector.o(.text) refers to __main.o(!!!main) for __main
    stm32f10x_vector.o(.text) refers to stm32f10x_vector.o(HEAP) for Heap_Mem
    stm32f10x_vector.o(.text) refers to stm32f10x_vector.o(STACK) for Stack_Mem
    os_cpu_a.o(.text) refers to os_cpu_c.o(.text) for OSTaskSwHook
    os_cpu_a.o(.text) refers to ucos_ii.o(.text) for OSIntExit
    os_cpu_a.o(.text) refers to ucos_ii.o(.data) for OSIntNesting
    os_cpu_c.o(.text) refers to _printf_percent.o(.ARM.Collect$$_printf_percent$$00000000) for _printf_percent
    os_cpu_c.o(.text) refers to _printf_d.o(.ARM.Collect$$_printf_percent$$00000009) for _printf_d
    os_cpu_c.o(.text) refers to _printf_s.o(.ARM.Collect$$_printf_percent$$00000014) for _printf_s
    os_cpu_c.o(.text) refers to _printf_dec.o(.text) for _printf_int_dec
    os_cpu_c.o(.text) refers to _printf_str.o(.text) for _printf_str
    os_cpu_c.o(.text) refers to gd_app_hook.o(.text) for App_TaskCreateHook
    os_cpu_c.o(.text) refers to ucos_ii.o(.text) for OSTaskNameGet
    os_cpu_c.o(.text) refers to noretval__2printf.o(.text) for __2printf
    os_cpu_c.o(.text) refers to os_cpu_a.o(.text) for OS_CPU_SR_Save
    os_cpu_c.o(.text) refers to os_cpu_c.o(.data) for .data
    os_cpu_c.o(.text) refers to ucos_ii.o(.data) for OSPrioCur
    ucos_ii.o(.text) refers to os_cpu_a.o(.text) for OS_CPU_SR_Save
    ucos_ii.o(.text) refers to ucos_ii.o(.data) for .data
    ucos_ii.o(.text) refers to ucos_ii.o(.constdata) for .constdata
    ucos_ii.o(.text) refers to ucos_ii.o(.bss) for .bss
    ucos_ii.o(.text) refers to os_cpu_c.o(.text) for OSTCBInitHook
    ucos_ii.o(.text) refers to os_dbg.o(.text) for OSDebugInit
    stm32f10x_gpio.o(.text) refers to stm32f10x_rcc.o(.text) for RCC_APB2PeriphResetCmd
    stm32f10x_nvic.o(.text) refers to cortexm3_macro.o(.text) for __SETPRIMASK
    stm32f10x_rcc.o(.text) refers to stm32f10x_rcc.o(.constdata) for .constdata
    stm32f10x_usart.o(.text) refers to stm32f10x_rcc.o(.text) for RCC_APB1PeriphResetCmd
    stm32f10x_tim.o(.text) refers to stm32f10x_rcc.o(.text) for RCC_APB1PeriphResetCmd
    stm32f10x_spi.o(.text) refers to stm32f10x_rcc.o(.text) for RCC_APB2PeriphResetCmd
    drv_init.o(.text) refers to stm32f10x_nvic.o(.text) for NVIC_SetVectorTable
    drv_init.o(.text) refers to stm32f10x_rcc.o(.text) for RCC_DeInit
    drv_init.o(.text) refers to stm32f10x_flash.o(.text) for FLASH_SetLatency
    drv_init.o(.text) refers to cortexm3_macro.o(.text) for __RESETPRIMASK
    drv_init.o(.text) refers to led.o(.text) for led_init
    gpio.o(.text) refers to stm32f10x_rcc.o(.text) for RCC_APB2PeriphClockCmd
    gpio.o(.text) refers to stm32f10x_gpio.o(.text) for GPIO_Init
    keys.o(.text) refers to stm32f10x_rcc.o(.text) for RCC_APB2PeriphClockCmd
    keys.o(.text) refers to stm32f10x_gpio.o(.text) for GPIO_Init
    keys.o(.text) refers to ucos_ii.o(.text) for OSQPost
    keys.o(.text) refers to keys.o(.data) for .data
    keys.o(.text) refers to keys.o(.bss) for .bss
    led.o(.text) refers to gpio.o(.text) for gpio_init
    led.o(.text) refers to stm32f10x_gpio.o(.text) for GPIO_ReadInputDataBit
    led.o(.text) refers to assert.o(.text) for __aeabi_assert
    led.o(.text) refers to led.o(.data) for .data
    retarget.o(.text) refers (Special) to use_no_semi.o(.text) for __use_no_semihosting_swi
    retarget.o(.text) refers to rt_ctype_table.o(.text) for __rt_ctype_table
    retarget.o(.text) refers to retarget.o(.data) for .data
    retarget.o(.bss) refers (Special) to use_no_semi.o(.text) for __use_no_semihosting_swi
[...]
    .data                                    0x20000074   Section       36  uart_drv.o(.data)
    .data                                    0x20000098   Section       32  hw_core.o(.data)
    .data                                    0x200000b8   Section        8  gd_mem.o(.data)
    .data                                    0x200000c0   Section        2  gd_network.o(.data)
    fail_tick                                0x200000c0   Data           1  gd_network.o(.data)
    counter                                  0x200000c1   Data           1  gd_network.o(.data)
    .data                                    0x200000c4   Section      352  gd_system.o(.data)
    .data                                    0x20000224   Section        4  gd_suart.o(.data)
    .data                                    0x20000228   Section        4  gd_guart.o(.data)
    gm_request_index                         0x20000228   Data           2  gd_guart.o(.data)
    frame_index                              0x2000022a   Data           2  gd_guart.o(.data)
    .data                                    0x2000022c   Section        1  gd_gm.o(.data)
    .bss                                     0x20000230   Section     6480  ucos_ii.o(.bss)
    .bss                                     0x20001b80   Section       40  uart_drv.o(.bss)
    .bss                                     0x20001ba8   Section     2048  gd_config.o(.bss)
    .bss                                     0x200023a8   Section      128  gd_led.o(.bss)
    .bss                                     0x20002428   Section     6144  gd_mem.o(.bss)
    .bss                                     0x20003c28   Section     8192  gd_mem.o(.bss)
    .bss                                     0x20005c28   Section     2048  gd_network.o(.bss)
    .bss                                     0x20006428   Section     5912  gd_system.o(.bss)
    .bss                                     0x20007b40   Section     1024  gd_system.o(.bss)
    .bss                                     0x20007f40   Section     1024  gd_suart.o(.bss)
    .bss                                     0x20008340   Section     2048  gd_guart.o(.bss)
    .bss                                     0x20008b40   Section     1024  gd_guart.o(.bss)
    .bss                                     0x20008f40   Section     2056  gd_guart.o(.bss)
    .bss                                     0x20009748   Section     4168  gd_gm.o(.bss)
    .bss                                     0x2000a790   Section       96  libspace.o(.bss)
    HEAP                                     0x2000a7f0   Section        0  stm32f10x_vector.o(HEAP)
    STACK                                    0x2000a7f0   Section     2048  stm32f10x_vector.o(STACK)
    Heap_Mem                                 0x2000a7f0   Data           0  stm32f10x_vector.o(HEAP)
    Stack_Mem                                0x2000a7f0   Data        2048  stm32f10x_vector.o(STACK)
    __initial_sp                             0x2000aff0   Data           0  stm32f10x_vector.o(STACK)

    Global Symbols

    Symbol Name                              Value     Ov Type        Size  Object(Section)

    BuildAttributes$$THM_ISAv4$P$D$K$B$S$PE$A:L22UL41UL21$X:L11$S22US41US21$IEEE1$IW$USESV6$~STKCKD$USESV7$~SHL$OSPACE$ROPI$EBA8$UX$STANDARDLIB$REQ8$PRES8$EABIv2 0x00000000   Number         0  anon$$obj.o ABSOLUTE
    __ARM_use_no_argv                        0x00000000   Number         0  main.o ABSOLUTE
    _printf_flags                            0x00000000   Number         0  printf_stubs.o ABSOLUTE
    _printf_return_value                     0x00000000   Number         0  printf_stubs.o ABSOLUTE
    _printf_sizespec                         0x00000000   Number         0  printf_stubs.o ABSOLUTE
    _printf_widthprec                        0x00000000   Number         0  printf_stubs.o ABSOLUTE
    __ARM_exceptions_init                     - Undefined Weak Reference
    __alloca_initialize                       - Undefined Weak Reference
    __cpp_initialize__aeabi_                  - Undefined Weak Reference
    __cxa_finalize                            - Undefined Weak Reference
    __sigvec_lookup                           - Undefined Weak Reference
    _atexit_init                              - Undefined Weak Reference
    _call_atexit_fns                          - Undefined Weak Reference
    _clock_init                               - Undefined Weak Reference
    _fp_trap_init                             - Undefined Weak Reference
    _fp_trap_shutdown                         - Undefined Weak Reference
    _get_lc_collate                           - Undefined Weak Reference
    _get_lc_monetary                          - Undefined Weak Reference
    _get_lc_numeric                           - Undefined Weak Reference
    _get_lc_time                              - Undefined Weak Reference
    _getenv_init                              - Undefined Weak Reference
    _handle_redirection                       - Undefined Weak Reference
    _init_alloc                               - Undefined Weak Reference
    _init_user_alloc                          - Undefined Weak Reference
    _initio                                   - Undefined Weak Reference
    _printf_mbtowc                            - Undefined Weak Reference
    _printf_truncate_signed                   - Undefined Weak Reference
    _printf_truncate_unsigned                 - Undefined Weak Reference
    _rand_init                                - Undefined Weak Reference
    _signal_finish                            - Undefined Weak Reference
    _signal_init                              - Undefined Weak Reference
    _terminate_alloc                          - Undefined Weak Reference
    _terminate_user_alloc                     - Undefined Weak Reference
    _terminateio                              - Undefined Weak Reference
    __Vectors                                0x08000000   Data           4  stm32f10x_vector.o(RESET)
    __main                                   0x08000131   Thumb Code     8  __main.o(!!!main)
    __scatterload                            0x08000139   Thumb Code     0  __scatter.o(!!!scatter)
    __scatterload_rt2                        0x08000139   Thumb Code    44  __scatter.o(!!!scatter)
    __scatterload_rt2_thumb_only             0x08000139   Thumb Code     0  __scatter.o(!!!scatter)
    __scatterload_null                       0x08000147   Thumb Code     0  __scatter.o(!!!scatter)
    __decompress                             0x0800016d   Thumb Code    90  __dczerorl2.o(!!dczerorl2)
    __decompress1                            0x0800016d   Thumb Code     0  __dczerorl2.o(!!dczerorl2)
    __scatterload_zeroinit                   0x080001c9   Thumb Code    28  __scatter_zi.o(!!handler_zi)
    _printf_d                                0x080001e5   Thumb Code     0  _printf_d.o(.ARM.Collect$$_printf_percent$$00000009)
    _printf_percent                          0x080001e5   Thumb Code     0  _printf_percent.o(.ARM.Collect$$_printf_percent$$00000000)
    _printf_c                                0x080001eb   Thumb Code     0  _printf_c.o(.ARM.Collect$$_printf_percent$$00000013)
    _printf_s                                0x080001f1   Thumb Code     0  _printf_s.o(.ARM.Collect$$_printf_percent$$00000014)
    _printf_percent_end                      0x080001f7   Thumb Code     0  _printf_percent_end.o(.ARM.Collect$$_printf_percent$$00000017)
    __rt_lib_init                            0x080001fb   Thumb Code     0  libinit.o(.ARM.Collect$$libinit$$00000000)
    __rt_lib_init_heap_1                     0x08000201   Thumb Code     0  libinit2.o(.ARM.Collect$$libinit$$00000006)
    __rt_lib_init_lc_common                  0x08000201   Thumb Code     0  libinit2.o(.ARM.Collect$$libinit$$0000000B)
    __rt_lib_init_rand_1                     0x08000201   Thumb Code     0  libinit2.o(.ARM.Collect$$libinit$$0000000A)
    __rt_lib_init_user_alloc_1               0x08000201   Thumb Code     0  libinit2.o(.ARM.Collect$$libinit$$00000008)
    __rt_lib_init_lc_collate_1               0x08000207   Thumb Code     0  libinit2.o(.ARM.Collect$$libinit$$0000000D)
    __rt_lib_init_lc_ctype_2                 0x08000207   Thumb Code     0  libinit2.o(.ARM.Collect$$libinit$$0000000E)
    __rt_lib_init_alloca_1                   0x08000213   Thumb Code     0  libinit2.o(.ARM.Collect$$libinit$$0000002A)
    __rt_lib_init_argv_1                     0x08000213   Thumb Code     0  libinit2.o(.ARM.Collect$$libinit$$00000028)
    __rt_lib_init_atexit_1                   0x08000213   Thumb Code     0  libinit2.o(.ARM.Collect$$libinit$$00000017)
    __rt_lib_init_clock_1                    0x08000213   Thumb Code     0  libinit2.o(.ARM.Collect$$libinit$$0000001D)
    __rt_lib_init_cpp_1                      0x08000213   Thumb Code     0  libinit2.o(.ARM.Collect$$libinit$$0000002E)
    __rt_lib_init_exceptions_1               0x08000213   Thumb Code     0  libinit2.o(.ARM.Collect$$libinit$$0000002C)
    __rt_lib_init_fp_trap_1                  0x08000213   Thumb Code     0  libinit2.o(.ARM.Collect$$libinit$$0000001B)
    __rt_lib_init_getenv_1                   0x08000213   Thumb Code     0  libinit2.o(.ARM.Collect$$libinit$$0000001F)
    __rt_lib_init_lc_ctype_1                 0x08000213   Thumb Code     0  libinit2.o(.ARM.Collect$$libinit$$0000000F)
    __rt_lib_init_lc_monetary_1              0x08000213   Thumb Code     0  libinit2.o(.ARM.Collect$$libinit$$00000011)
    __rt_lib_init_lc_numeric_1               0x08000213   Thumb Code     0  libinit2.o(.ARM.Collect$$libinit$$00000013)
    __rt_lib_init_lc_time_1                  0x08000213   Thumb Code     0  libinit2.o(.ARM.Collect$$libinit$$00000015)
    __rt_lib_init_return                     0x08000213   Thumb Code     0  libinit2.o(.ARM.Collect$$libinit$$0000002F)
    __rt_lib_init_signal_1                   0x08000213   Thumb Code     0  libinit2.o(.ARM.Collect$$libinit$$00000019)
    __rt_lib_init_stdio_1                    0x08000213   Thumb Code     0  libinit2.o(.ARM.Collect$$libinit$$00000021)
    __rt_lib_shutdown                        0x08000215   Thumb Code     0  libshutdown.o(.ARM.Collect$$libshutdown$$00000000)
    __rt_lib_shutdown_fp_trap_1              0x08000217   Thumb Code     0  libshutdown2.o(.ARM.Collect$$libshutdown$$00000006)
    __rt_lib_shutdown_heap_1                 0x08000217   Thumb Code     0  libshutdown2.o(.ARM.Collect$$libshutdown$$0000000E)
    __rt_lib_shutdown_return                 0x08000217   Thumb Code     0  libshutdown2.o(.ARM.Collect$$libshutdown$$0000000F)
    __rt_lib_shutdown_signal_1               0x08000217   Thumb Code     0  libshutdown2.o(.ARM.Collect$$libshutdown$$00000009)
    __rt_lib_shutdown_stdio_1                0x08000217   Thumb Code     0  libshutdown2.o(.ARM.Collect$$libshutdown$$00000003)
    __rt_lib_shutdown_user_alloc_1           0x08000217   Thumb Code     0  libshutdown2.o(.ARM.Collect$$libshutdown$$0000000B)
    __rt_entry                               0x08000219   Thumb Code     0  rtentry.o(.ARM.Collect$$rtentry$$00000000)
    __rt_entry_presh_1                       0x08000219   Thumb Code     0  rtentry2.o(.ARM.Collect$$rtentry$$00000002)
    __rt_entry_sh                            0x08000219   Thumb Code     0  rtentry4.o(.ARM.Collect$$rtentry$$00000004)
    __rt_entry_li                            0x0800021f   Thumb Code     0  rtentry2.o(.ARM.Collect$$rtentry$$0000000A)
    __rt_entry_postsh_1                      0x0800021f   Thumb Code     0  rtentry2.o(.ARM.Collect$$rtentry$$00000009)
    __rt_entry_main                          0x08000223   Thumb Code     0  rtentry2.o(.ARM.Collect$$rtentry$$0000000D)
    __rt_entry_postli_1                      0x08000223   Thumb Code     0  rtentry2.o(.ARM.Collect$$rtentry$$0000000C)
    __rt_exit                                0x0800022b   Thumb Code     0  rtexit.o(.ARM.Collect$$rtexit$$00000000)
    __rt_exit_ls                             0x0800022d   Thumb Code     0  rtexit2.o(.ARM.Collect$$rtexit$$00000003)
    __rt_exit_prels_1                        0x0800022d   Thumb Code     0  rtexit2.o(.ARM.Collect$$rtexit$$00000002)
    __rt_exit_exit                           0x08000231   Thumb Code     0  rtexit2.o(.ARM.Collect$$rtexit$$00000004)
    __WFI                                    0x08000239   Thumb Code     0  cortexm3_macro.o(.text)
    __WFE                                    0x0800023d   Thumb Code     0  cortexm3_macro.o(.text)
    __SEV                                    0x08000241   Thumb Code     0  cortexm3_macro.o(.text)
    __ISB                                    0x08000245   Thumb Code     0  cortexm3_macro.o(.text)
    __DSB                                    0x0800024b   Thumb Code     0  cortexm3_macro.o(.text)
    __DMB                                    0x08000251   Thumb Code     0  cortexm3_macro.o(.text)
    __SVC                                    0x08000257   Thumb Code     0  cortexm3_macro.o(.text)
    __MRS_CONTROL                            0x0800025b   Thumb Code     0  cortexm3_macro.o(.text)
    __MSR_CONTROL                            0x08000261   Thumb Code     0  cortexm3_macro.o(.text)
    __MRS_PSP                                0x0800026b   Thumb Code     0  cortexm3_macro.o(.text)
    __MSR_PSP                                0x08000271   Thumb Code     0  cortexm3_macro.o(.text)
    __MRS_MSP                                0x08000277   Thumb Code     0  cortexm3_macro.o(.text)
    __MSR_MSP                                0x0800027d   Thumb Code     0  cortexm3_macro.o(.text)
    __RESETPRIMASK                           0x08000283   Thumb Code     0  cortexm3_macro.o(.text)
    __SETPRIMASK                             0x08000287   Thumb Code     0  cortexm3_macro.o(.text)
    __READ_PRIMASK                           0x0800028b   Thumb Code     0  cortexm3_macro.o(.text)
    __SETFAULTMASK                           0x08000291   Thumb Code     0  cortexm3_macro.o(.text)
    __RESETFAULTMASK                         0x08000295   Thumb Code     0  cortexm3_macro.o(.text)
    __READ_FAULTMASK                         0x08000299   Thumb Code     0  cortexm3_macro.o(.text)
    __BASEPRICONFIG                          0x0800029f   Thumb Code     0  cortexm3_macro.o(.text)
    __GetBASEPRI                             0x080002a5   Thumb Code     0  cortexm3_macro.o(.text)
    __REV_HalfWord                           0x080002ab   Thumb Code     0  cortexm3_macro.o(.text)
    __REV_Word                               0x080002af   Thumb Code     0  cortexm3_macro.o(.text)
    NMIException                             0x080002b5   Thumb Code     2  stm32f10x_it.o(.text)
    HardFaultException                       0x080002b7   Thumb Code     2  stm32f10x_it.o(.text)
    MemManageException                       0x080002b9   Thumb Code     2  stm32f10x_it.o(.text)
    BusFaultException                        0x080002bb   Thumb Code     2  stm32f10x_it.o(.text)
    UsageFaultException                      0x080002bd   Thumb Code     2  stm32f10x_it.o(.text)
    DebugMonitor                             0x080002bf   Thumb Code     2  stm32f10x_it.o(.text)
    SVCHandler                               0x080002c1   Thumb Code     2  stm32f10x_it.o(.text)
    PendSVC                                  0x080002c3   Thumb Code     2  stm32f10x_it.o(.text)
    SysTickHandler                           0x080002c5   Thumb Code     2  stm32f10x_it.o(.text)
    WWDG_IRQHandler                          0x080002c7   Thumb Code     2  stm32f10x_it.o(.text)
    PVD_IRQHandler                           0x080002c9   Thumb Code     2  stm32f10x_it.o(.text)
    TAMPER_IRQHandler                        0x080002cb   Thumb Code     2  stm32f10x_it.o(.text)
    RTC_IRQHandler                           0x080002cd   Thumb Code     2  stm32f10x_it.o(.text)
    FLASH_IRQHandler                         0x080002cf   Thumb Code     2  stm32f10x_it.o(.text)
    RCC_IRQHandler                           0x080002d1   Thumb Code     2  stm32f10x_it.o(.text)
    EXTI0_IRQHandler                         0x080002d3   Thumb Code     2  stm32f10x_it.o(.text)
    EXTI1_IRQHandler                         0x080002d5   Thumb Code     2  stm32f10x_it.o(.text)
    EXTI2_IRQHandler                         0x080002d7   Thumb Code     2  stm32f10x_it.o(.text)
    EXTI3_IRQHandler                         0x080002d9   Thumb Code    26  stm32f10x_it.o(.text)
    EXTI4_IRQHandler                         0x080002f3   Thumb Code     2  stm32f10x_it.o(.text)
    DMA1_Channel1_IRQHandler                 0x080002f5   Thumb Code     2  stm32f10x_it.o(.text)
    DMA1_Channel2_IRQHandler                 0x080002f7   Thumb Code     2  stm32f10x_it.o(.text)
    DMA1_Channel3_IRQHandler                 0x080002f9   Thumb Code     2  stm32f10x_it.o(.text)
    DMA1_Channel4_IRQHandler                 0x080002fb   Thumb Code     2  stm32f10x_it.o(.text)
    DMA1_Channel5_IRQHandler                 0x080002fd   Thumb Code     2  stm32f10x_it.o(.text)
    DMA1_Channel6_IRQHandler                 0x080002ff   Thumb Code     2  stm32f10x_it.o(.text)
    DMA1_Channel7_IRQHandler                 0x08000301   Thumb Code     2  stm32f10x_it.o(.text)
    ADC1_2_IRQHandler                        0x08000303   Thumb Code     2  stm32f10x_it.o(.text)
    USB_HP_CAN_TX_IRQHandler                 0x08000305   Thumb Code     2  stm32f10x_it.o(.text)
    USB_LP_CAN_RX0_IRQHandler                0x08000307   Thumb Code     2  stm32f10x_it.o(.text)
    CAN_RX1_IRQHandler                       0x08000309   Thumb Code     2  stm32f10x_it.o(.text)
    CAN_SCE_IRQHandler                       0x0800030b   Thumb Code     2  stm32f10x_it.o(.text)
    EXTI9_5_IRQHandler                       0x0800030d   Thumb Code    26  stm32f10x_it.o(.text)
    TIM1_BRK_IRQHandler                      0x08000327   Thumb Code     2  stm32f10x_it.o(.text)
    TIM1_UP_IRQHandler                       0x08000329   Thumb Code     2  stm32f10x_it.o(.text)
    TIM1_TRG_COM_IRQHandler                  0x0800032b   Thumb Code     2  stm32f10x_it.o(.text)
    TIM1_CC_IRQHandler                       0x0800032d   Thumb Code     2  stm32f10x_it.o(.text)
    TIM2_IRQHandler                          0x0800032f   Thumb Code    26  stm32f10x_it.o(.text)
    TIM3_IRQHandler                          0x08000349   Thumb Code     2  stm32f10x_it.o(.text)
    TIM4_IRQHandler                          0x0800034b   Thumb Code     2  stm32f10x_it.o(.text)
    I2C1_EV_IRQHandler                       0x0800034d   Thumb Code     2  stm32f10x_it.o(.text)
    I2C1_ER_IRQHandler                       0x0800034f   Thumb Code     2  stm32f10x_it.o(.text)
    I2C2_EV_IRQHandler                       0x08000351   Thumb Code     2  stm32f10x_it.o(.text)
    I2C2_ER_IRQHandler                       0x08000353   Thumb Code     2  stm32f10x_it.o(.text)
    SPI1_IRQHandler                          0x08000355   Thumb Code     2  stm32f10x_it.o(.text)
    SPI2_IRQHandler                          0x08000357   Thumb Code     2  stm32f10x_it.o(.text)
    USART1_IRQHandler                        0x08000359   Thumb Code    60  stm32f10x_it.o(.text)
    USART2_IRQHandler                        0x08000395   Thumb Code    60  stm32f10x_it.o(.text)
    USART3_IRQHandler                        0x080003d1   Thumb Code    48  stm32f10x_it.o(.text)
    EXTI15_10_IRQHandler                     0x08000401   Thumb Code    26  stm32f10x_it.o(.text)
    RTCAlarm_IRQHandler                      0x0800041b   Thumb Code     2  stm32f10x_it.o(.text)
    USBWakeUp_IRQHandler                     0x0800041d   Thumb Code     2  stm32f10x_it.o(.text)
    TIM8_BRK_IRQHandler                      0x0800041f   Thumb Code     2  stm32f10x_it.o(.text)
    TIM8_UP_IRQHandler                       0x08000421   Thumb Code     2  stm32f10x_it.o(.text)
    TIM8_TRG_COM_IRQHandler                  0x08000423   Thumb Code     2  stm32f10x_it.o(.text)
    TIM8_CC_IRQHandler                       0x08000425   Thumb Code     2  stm32f10x_it.o(.text)
    ADC3_IRQHandler                          0x08000427   Thumb Code     2  stm32f10x_it.o(.text)
    FSMC_IRQHandler                          0x08000429   Thumb Code     2  stm32f10x_it.o(.text)
    SDIO_IRQHandler                          0x0800042b   Thumb Code    26  stm32f10x_it.o(.text)
    TIM5_IRQHandler                          0x08000445   Thumb Code     2  stm32f10x_it.o(.text)
    SPI3_IRQHandler                          0x08000447   Thumb Code     2  stm32f10x_it.o(.text)
    UART4_IRQHandler                         0x08000449   Thumb Code     2  stm32f10x_it.o(.text)
    UART5_IRQHandler                         0x0800044b   Thumb Code     2  stm32f10x_it.o(.text)
    TIM6_IRQHandler                          0x0800044d   Thumb Code     2  stm32f10x_it.o(.text)
    TIM7_IRQHandler                          0x0800044f   Thumb Code     2  stm32f10x_it.o(.text)
    DMA2_Channel1_IRQHandler                 0x08000451   Thumb Code     2  stm32f10x_it.o(.text)
    DMA2_Channel2_IRQHandler                 0x08000453   Thumb Code     2  stm32f10x_it.o(.text)
    DMA2_Channel3_IRQHandler                 0x08000455   Thumb Code     2  stm32f10x_it.o(.text)
    DMA2_Channel4_5_IRQHandler               0x08000457   Thumb Code     2  stm32f10x_it.o(.text)
    Reset_Handler                            0x0800047b   Thumb Code    88  stm32f10x_vector.o(.text)
    __user_initial_stackheap                 0x080004d5   Thumb Code     0  stm32f10x_vector.o(.text)
    OS_CPU_SR_Save                           0x08000535   Thumb Code     0  os_cpu_a.o(.text)
    OS_CPU_SR_Restore                        0x0800053d   Thumb Code     0  os_cpu_a.o(.text)
    OSStartHighRdy                           0x08000543   Thumb Code     0  os_cpu_a.o(.text)
    OSCtxSw                                  0x08000563   Thumb Code     0  os_cpu_a.o(.text)
    OSIntCtxSw                               0x0800056d   Thumb Code     0  os_cpu_a.o(.text)
    OSPendSV                                 0x08000577   Thumb Code     0  os_cpu_a.o(.text)
    OSInitHookBegin                          0x080005dd   Thumb Code     8  os_cpu_c.o(.text)
    OSInitHookEnd                            0x080005e5   Thumb Code     2  os_cpu_c.o(.text)
    OSTaskCreateHook                         0x080005e7   Thumb Code     4  os_cpu_c.o(.text)
    OSTaskDelHook                            0x080005eb   Thumb Code     4  os_cpu_c.o(.text)
    OSTaskIdleHook                           0x080005ef   Thumb Code     4  os_cpu_c.o(.text)
    OSTaskStatHook                           0x080005f3   Thumb Code     4  os_cpu_c.o(.text)
    OSTaskEndSelf                            0x080005f7   Thumb Code    70  os_cpu_c.o(.text)
    OSTaskStkInit                            0x0800063d   Thumb Code   114  os_cpu_c.o(.text)
    OSTaskSwHook                             0x080006af   Thumb Code     4  os_cpu_c.o(.text)
    OSTCBInitHook                            0x080006b3   Thumb Code     4  os_cpu_c.o(.text)
    OSTimeTickHook                           0x080006b7   Thumb Code    34  os_cpu_c.o(.text)
    OS_CPU_SysTickHandler                    0x080006d9   Thumb Code    30  os_cpu_c.o(.text)
    OS_CPU_ClkFreq                           0x080006f7   Thumb Code    74  os_cpu_c.o(.text)
    OS_CPU_SysTickInit                       0x08000741   Thumb Code    40  os_cpu_c.o(.text)
    OSDebugInit                              0x080007b5   Thumb Code     2  os_dbg.o(.text)
    OS_StrCopy                               0x080007b9   Thumb Code    28  ucos_ii.o(.text)
    OSEventNameGet                           0x080007d5   Thumb Code   110  ucos_ii.o(.text)
    OS_StrLen                                0x08000843   Thumb Code    20  ucos_ii.o(.text)
    OSEventNameSet                           0x08000857   Thumb Code   116  ucos_ii.o(.text)
    OS_EventTaskRemoveMulti                  0x080008cb   Thumb Code    42  ucos_ii.o(.text)
    OS_Sched                                 0x0800090d   Thumb Code    64  ucos_ii.o(.text)
    OS_EventTaskWaitMulti                    0x0800094d   Thumb Code    92  ucos_ii.o(.text)
    OSEventPendMulti                         0x080009a9   Thumb Code   508  ucos_ii.o(.text)
    OSTaskNameSet                            0x08000ba5   Thumb Code   162  ucos_ii.o(.text)
    OS_EventTaskRemove                       0x08000c47   Thumb Code    36  ucos_ii.o(.text)
    OS_EventTaskRdy                          0x08000c6b   Thumb Code   108  ucos_ii.o(.text)
    OSSemPost                                0x08000cd7   Thumb Code    90  ucos_ii.o(.text)
    OS_EventTaskWait                         0x08000dc3   Thumb Code    80  ucos_ii.o(.text)
    OSSemPend                                0x08000e13   Thumb Code   192  ucos_ii.o(.text)
    OS_TCBInit                               0x08000f4b   Thumb Code   222  ucos_ii.o(.text)
    OS_TaskStkClr                            0x08001029   Thumb Code    22  ucos_ii.o(.text)
    OSTaskCreateExt                          0x0800103f   Thumb Code   162  ucos_ii.o(.text)
    OS_EventWaitListInit                     0x08001117   Thumb Code    22  ucos_ii.o(.text)
    OSSemCreate                              0x0800112d   Thumb Code    58  ucos_ii.o(.text)
    OS_MemClr                                0x08001167   Thumb Code    18  ucos_ii.o(.text)
    OSTmr_Init                               0x08001179   Thumb Code   134  ucos_ii.o(.text)
    OSTimeDly                                0x080011ff   Thumb Code    72  ucos_ii.o(.text)
    OSTaskStkChk                             0x08001247   Thumb Code   124  ucos_ii.o(.text)
    OS_TaskStatStkChk                        0x080012c3   Thumb Code    50  ucos_ii.o(.text)
    OSTaskSuspend                            0x080012f5   Thumb Code   148  ucos_ii.o(.text)
    OS_TaskStat                              0x08001389   Thumb Code    84  ucos_ii.o(.text)
    OS_TaskIdle                              0x08001413   Thumb Code    24  ucos_ii.o(.text)
    OS_QInit                                 0x080014c9   Thumb Code    46  ucos_ii.o(.text)
    OS_MemInit                               0x080014f7   Thumb Code    58  ucos_ii.o(.text)
    OSInit                                   0x080015f5   Thumb Code    54  ucos_ii.o(.text)
    OSIntEnter                               0x0800162b   Thumb Code    20  ucos_ii.o(.text)
    OSIntExit                                0x0800163f   Thumb Code    82  ucos_ii.o(.text)
    OSSchedLock                              0x08001691   Thumb Code    38  ucos_ii.o(.text)
    OSSchedUnlock                            0x080016b7   Thumb Code    68  ucos_ii.o(.text)
    OSStart                                  0x080016fb   Thumb Code    40  ucos_ii.o(.text)
    OSStatInit                               0x08001723   Thumb Code    48  ucos_ii.o(.text)
    OSTimeTick                               0x08001753   Thumb Code   172  ucos_ii.o(.text)
    OSVersion                                0x080017ff   Thumb Code     6  ucos_ii.o(.text)
    OS_Dummy                                 0x08001805   Thumb Code     2  ucos_ii.o(.text)
    OS_MemCopy                               0x08001807   Thumb Code    20  ucos_ii.o(.text)
    OSMemCreate                              0x0800181b   Thumb Code   140  ucos_ii.o(.text)
    OSMemGet                                 0x080018a7   Thumb Code    86  ucos_ii.o(.text)
    OSMemNameGet                             0x080018fd   Thumb Code    82  ucos_ii.o(.text)
    OSMemNameSet                             0x0800194f   Thumb Code    92  ucos_ii.o(.text)
    OSMemPut                                 0x080019ab   Thumb Code    58  ucos_ii.o(.text)
    OSMemQuery                               0x080019e5   Thumb Code    58  ucos_ii.o(.text)
    OSQAccept                                0x08001a1f   Thumb Code    90  ucos_ii.o(.text)
    OSQCreate                                0x08001a79   Thumb Code   110  ucos_ii.o(.text)
    OSQFlush                                 0x08001ae7   Thumb Code    46  ucos_ii.o(.text)
    OSQPend                                  0x08001b15   Thumb Code   234  ucos_ii.o(.text)
    OSQPendAbort                             0x08001bff   Thumb Code   128  ucos_ii.o(.text)
    OSQPost                                  0x08001c7f   Thumb Code   114  ucos_ii.o(.text)
    OSQPostFront                             0x08001cf1   Thumb Code   120  ucos_ii.o(.text)
    OSQPostOpt                               0x08001d69   Thumb Code   174  ucos_ii.o(.text)
    OSSemAccept                              0x08001e17   Thumb Code    40  ucos_ii.o(.text)
    OSSemPendAbort                           0x08001e3f   Thumb Code   128  ucos_ii.o(.text)
    OSTaskChangePrio                         0x08001ebf   Thumb Code   354  ucos_ii.o(.text)
    OSTaskCreate                             0x08002021   Thumb Code   130  ucos_ii.o(.text)
    OSTaskDel                                0x080020a3   Thumb Code   268  ucos_ii.o(.text)
    OSTaskDelReq                             0x080021af   Thumb Code    94  ucos_ii.o(.text)
    OSTaskNameGet                            0x0800220d   Thumb Code   140  ucos_ii.o(.text)
    OSTaskResume                             0x08002299   Thumb Code   148  ucos_ii.o(.text)
    OSTaskQuery                              0x0800232d   Thumb Code    92  ucos_ii.o(.text)
    OSTimeDlyHMSM                            0x08002389   Thumb Code   128  ucos_ii.o(.text)
    OSTimeGet                                0x08002409   Thumb Code    18  ucos_ii.o(.text)
    OSTimeSet                                0x0800241b   Thumb Code    20  ucos_ii.o(.text)
    OSTmrCreate                              0x08002451   Thumb Code   186  ucos_ii.o(.text)
    OSTmrDel                                 0x0800253f   Thumb Code   136  ucos_ii.o(.text)
    OSTmrNameGet                             0x080025c7   Thumb Code   132  ucos_ii.o(.text)
    OSTmrRemainGet                           0x0800264b   Thumb Code   170  ucos_ii.o(.text)
    OSTmrStateGet                            0x080026f5   Thumb Code    90  ucos_ii.o(.text)
    OSTmrStart                               0x0800274f   Thumb Code   140  ucos_ii.o(.text)
    OSTmrStop                                0x080027db   Thumb Code   180  ucos_ii.o(.text)
    OSTmrSignal                              0x0800288f   Thumb Code     8  ucos_ii.o(.text)
    FLASH_SetLatency                         0x0800289d   Thumb Code    18  stm32f10x_flash.o(.text)
    FLASH_HalfCycleAccessCmd                 0x080028af   Thumb Code    18  stm32f10x_flash.o(.text)
    FLASH_PrefetchBufferCmd                  0x080028c1   Thumb Code    18  stm32f10x_flash.o(.text)
    FLASH_Unlock                             0x080028d3   Thumb Code    12  stm32f10x_flash.o(.text)
    FLASH_Lock                               0x080028df   Thumb Code    12  stm32f10x_flash.o(.text)
    FLASH_GetStatus                          0x080028eb   Thumb Code    34  stm32f10x_flash.o(.text)
    FLASH_WaitForLastOperation               0x08002919   Thumb Code    36  stm32f10x_flash.o(.text)
    FLASH_ErasePage                          0x0800293d   Thumb Code    60  stm32f10x_flash.o(.text)
    FLASH_EraseAllPages                      0x08002979   Thumb Code    56  stm32f10x_flash.o(.text)
    FLASH_EraseOptionBytes                   0x080029b1   Thumb Code   112  stm32f10x_flash.o(.text)
    FLASH_ProgramWord                        0x08002a21   Thumb Code    80  stm32f10x_flash.o(.text)
    FLASH_ProgramHalfWord                    0x08002a71   Thumb Code    50  stm32f10x_flash.o(.text)
    FLASH_ProgramOptionByteData              0x08002aa3   Thumb Code    58  stm32f10x_flash.o(.text)
    FLASH_EnableWriteProtection              0x08002add   Thumb Code   150  stm32f10x_flash.o(.text)
    FLASH_ReadOutProtection                  0x08002b73   Thumb Code   124  stm32f10x_flash.o(.text)
    FLASH_UserOptionByteConfig               0x08002bef   Thumb Code    74  stm32f10x_flash.o(.text)
    FLASH_GetUserOptionByte                  0x08002c39   Thumb Code     8  stm32f10x_flash.o(.text)
    FLASH_GetWriteProtectionOptionByte       0x08002c41   Thumb Code     6  stm32f10x_flash.o(.text)
    FLASH_GetReadOutProtectionStatus         0x08002c47   Thumb Code    14  stm32f10x_flash.o(.text)
    FLASH_GetPrefetchBufferStatus            0x08002c55   Thumb Code    14  stm32f10x_flash.o(.text)
    FLASH_ITConfig                           0x08002c63   Thumb Code    20  stm32f10x_flash.o(.text)
    FLASH_GetFlagStatus                      0x08002c77   Thumb Code    56  stm32f10x_flash.o(.text)
    FLASH_ClearFlag                          0x08002caf   Thumb Code     6  stm32f10x_flash.o(.text)
    GPIO_DeInit                              0x08002cb9   Thumb Code   188  stm32f10x_gpio.o(.text)
    GPIO_AFIODeInit                          0x08002d75   Thumb Code    22  stm32f10x_gpio.o(.text)
    GPIO_Init                                0x08002d8b   Thumb Code   164  stm32f10x_gpio.o(.text)
    GPIO_StructInit                          0x08002e2f   Thumb Code    16  stm32f10x_gpio.o(.text)
    GPIO_ReadInputDataBit                    0x08002e3f   Thumb Code    14  stm32f10x_gpio.o(.text)
    GPIO_ReadInputData                       0x08002e4d   Thumb Code     6  stm32f10x_gpio.o(.text)
    GPIO_ReadOutputDataBit                   0x08002e53   Thumb Code    14  stm32f10x_gpio.o(.text)
    GPIO_ReadOutputData                      0x08002e61   Thumb Code     6  stm32f10x_gpio.o(.text)
    GPIO_SetBits                             0x08002e67   Thumb Code     4  stm32f10x_gpio.o(.text)
    GPIO_ResetBits                           0x08002e6b   Thumb Code     4  stm32f10x_gpio.o(.text)
    GPIO_WriteBit                            0x08002e6f   Thumb Code    10  stm32f10x_gpio.o(.text)
    GPIO_Write                               0x08002e79   Thumb Code     4  stm32f10x_gpio.o(.text)
    GPIO_PinLockConfig                       0x08002e7d   Thumb Code    16  stm32f10x_gpio.o(.text)
    GPIO_EventOutputConfig                   0x08002e8d   Thumb Code    22  stm32f10x_gpio.o(.text)
    GPIO_EventOutputCmd                      0x08002ea3   Thumb Code     6  stm32f10x_gpio.o(.text)
    GPIO_PinRemapConfig                      0x08002ea9   Thumb Code    70  stm32f10x_gpio.o(.text)
    GPIO_EXTILineConfig                      0x08002eef   Thumb Code    34  stm32f10x_gpio.o(.text)
    NVIC_DeInit                              0x08002f21   Thumb Code    44  stm32f10x_nvic.o(.text)
    NVIC_SCBDeInit                           0x08002f4d   Thumb Code    58  stm32f10x_nvic.o(.text)
    NVIC_PriorityGroupConfig                 0x08002f87   Thumb Code    10  stm32f10x_nvic.o(.text)
    NVIC_Init                                0x08002f91   Thumb Code   116  stm32f10x_nvic.o(.text)
    NVIC_StructInit                          0x08003005   Thumb Code    12  stm32f10x_nvic.o(.text)
    NVIC_SETPRIMASK                          0x08003011   Thumb Code     4  stm32f10x_nvic.o(.text)
    NVIC_RESETPRIMASK                        0x08003015   Thumb Code     4  stm32f10x_nvic.o(.text)
    NVIC_SETFAULTMASK                        0x08003019   Thumb Code     4  stm32f10x_nvic.o(.text)
    NVIC_RESETFAULTMASK                      0x0800301d   Thumb Code     4  stm32f10x_nvic.o(.text)
    NVIC_BASEPRICONFIG                       0x08003021   Thumb Code     6  stm32f10x_nvic.o(.text)
    NVIC_GetBASEPRI                          0x08003027   Thumb Code     4  stm32f10x_nvic.o(.text)
    NVIC_GetCurrentPendingIRQChannel         0x0800302b   Thumb Code    10  stm32f10x_nvic.o(.text)
    NVIC_GetIRQChannelPendingBitStatus       0x08003035   Thumb Code    34  stm32f10x_nvic.o(.text)
    NVIC_SetIRQChannelPendingBit             0x08003057   Thumb Code     6  stm32f10x_nvic.o(.text)
    NVIC_ClearIRQChannelPendingBit           0x0800305d   Thumb Code    24  stm32f10x_nvic.o(.text)
    NVIC_GetCurrentActiveHandler             0x08003075   Thumb Code    10  stm32f10x_nvic.o(.text)
    NVIC_GetIRQChannelActiveBitStatus        0x0800307f   Thumb Code    34  stm32f10x_nvic.o(.text)
    NVIC_GetCPUID                            0x080030a1   Thumb Code     6  stm32f10x_nvic.o(.text)
    NVIC_SetVectorTable                      0x080030a7   Thumb Code    12  stm32f10x_nvic.o(.text)
    NVIC_GenerateSystemReset                 0x080030b3   Thumb Code    10  stm32f10x_nvic.o(.text)
    NVIC_GenerateCoreReset                   0x080030bd   Thumb Code    10  stm32f10x_nvic.o(.text)
    NVIC_SystemLPConfig                      0x080030c7   Thumb Code    30  stm32f10x_nvic.o(.text)
    NVIC_SystemHandlerConfig                 0x080030e5   Thumb Code    38  stm32f10x_nvic.o(.text)
    NVIC_SystemHandlerPriorityConfig         0x0800310b   Thumb Code    80  stm32f10x_nvic.o(.text)
    NVIC_GetSystemHandlerPendingBitStatus    0x0800315b   Thumb Code    30  stm32f10x_nvic.o(.text)
    NVIC_SetSystemHandlerPendingBit          0x08003179   Thumb Code    24  stm32f10x_nvic.o(.text)
    NVIC_ClearSystemHandlerPendingBit        0x08003191   Thumb Code    28  stm32f10x_nvic.o(.text)
    NVIC_GetSystemHandlerActiveBitStatus     0x080031ad   Thumb Code    28  stm32f10x_nvic.o(.text)
    NVIC_GetFaultHandlerSources              0x080031c9   Thumb Code    52  stm32f10x_nvic.o(.text)
    NVIC_GetFaultAddress                     0x080031fd   Thumb Code    22  stm32f10x_nvic.o(.text)
    RCC_DeInit                               0x08003235   Thumb Code    48  stm32f10x_rcc.o(.text)
    RCC_HSEConfig                            0x08003265   Thumb Code    50  stm32f10x_rcc.o(.text)
    RCC_GetFlagStatus                        0x08003297   Thumb Code    42  stm32f10x_rcc.o(.text)
    RCC_WaitForHSEStartUp                    0x080032c1   Thumb Code    38  stm32f10x_rcc.o(.text)
    RCC_AdjustHSICalibrationValue            0x080032e7   Thumb Code    16  stm32f10x_rcc.o(.text)
    RCC_HSICmd                               0x080032f7   Thumb Code     6  stm32f10x_rcc.o(.text)
    RCC_PLLConfig                            0x080032fd   Thumb Code    16  stm32f10x_rcc.o(.text)
    RCC_PLLCmd                               0x0800330d   Thumb Code     6  stm32f10x_rcc.o(.text)
    RCC_SYSCLKConfig                         0x08003313   Thumb Code    14  stm32f10x_rcc.o(.text)
    RCC_GetSYSCLKSource                      0x08003321   Thumb Code    10  stm32f10x_rcc.o(.text)
    RCC_HCLKConfig                           0x0800332b   Thumb Code    14  stm32f10x_rcc.o(.text)
    RCC_PCLK1Config                          0x08003339   Thumb Code    14  stm32f10x_rcc.o(.text)
    RCC_PCLK2Config                          0x08003347   Thumb Code    16  stm32f10x_rcc.o(.text)
    RCC_ITConfig                             0x08003357   Thumb Code    20  stm32f10x_rcc.o(.text)
    RCC_USBCLKConfig                         0x0800336b   Thumb Code     6  stm32f10x_rcc.o(.text)
    RCC_ADCCLKConfig                         0x08003371   Thumb Code    14  stm32f10x_rcc.o(.text)
    RCC_LSEConfig                            0x0800337f   Thumb Code    34  stm32f10x_rcc.o(.text)
    RCC_LSICmd                               0x080033a1   Thumb Code     6  stm32f10x_rcc.o(.text)
    RCC_RTCCLKConfig                         0x080033a7   Thumb Code    10  stm32f10x_rcc.o(.text)
    RCC_RTCCLKCmd                            0x080033b1   Thumb Code     6  stm32f10x_rcc.o(.text)
    RCC_GetClocksFreq                        0x080033b7   Thumb Code   152  stm32f10x_rcc.o(.text)
    RCC_AHBPeriphClockCmd                    0x0800344f   Thumb Code    20  stm32f10x_rcc.o(.text)
    RCC_APB2PeriphClockCmd                   0x08003463   Thumb Code    20  stm32f10x_rcc.o(.text)
    RCC_APB1PeriphClockCmd                   0x08003477   Thumb Code    20  stm32f10x_rcc.o(.text)
    RCC_APB2PeriphResetCmd                   0x0800348b   Thumb Code    20  stm32f10x_rcc.o(.text)
    RCC_APB1PeriphResetCmd                   0x0800349f   Thumb Code    20  stm32f10x_rcc.o(.text)
    RCC_BackupResetCmd                       0x080034b3   Thumb Code     6  stm32f10x_rcc.o(.text)
    RCC_ClockSecuritySystemCmd               0x080034b9   Thumb Code     6  stm32f10x_rcc.o(.text)
    RCC_MCOConfig                            0x080034bf   Thumb Code     6  stm32f10x_rcc.o(.text)
    RCC_ClearFlag                            0x080034c5   Thumb Code    12  stm32f10x_rcc.o(.text)
    RCC_GetITStatus                          0x080034d1   Thumb Code    16  stm32f10x_rcc.o(.text)
    RCC_ClearITPendingBit                    0x080034e1   Thumb Code     6  stm32f10x_rcc.o(.text)
    USART_DeInit                             0x08003519   Thumb Code   146  stm32f10x_usart.o(.text)
    USART_Init                               0x080035ab   Thumb Code   134  stm32f10x_usart.o(.text)
    USART_StructInit                         0x08003631   Thumb Code    22  stm32f10x_usart.o(.text)
    USART_ClockInit                          0x08003647   Thumb Code    30  stm32f10x_usart.o(.text)
    USART_ClockStructInit                    0x08003665   Thumb Code    12  stm32f10x_usart.o(.text)
    USART_Cmd                                0x08003671   Thumb Code    22  stm32f10x_usart.o(.text)
    USART_ITConfig                           0x08003687   Thumb Code    50  stm32f10x_usart.o(.text)
    USART_DMACmd                             0x080036b9   Thumb Code    18  stm32f10x_usart.o(.text)
    USART_SetAddress                         0x080036cb   Thumb Code    16  stm32f10x_usart.o(.text)
    USART_WakeUpConfig                       0x080036db   Thumb Code    16  stm32f10x_usart.o(.text)
    USART_ReceiverWakeUpCmd                  0x080036eb   Thumb Code    22  stm32f10x_usart.o(.text)
    USART_LINBreakDetectLengthConfig         0x08003701   Thumb Code    16  stm32f10x_usart.o(.text)
    USART_LINCmd                             0x08003711   Thumb Code    22  stm32f10x_usart.o(.text)
    USART_SendData                           0x08003727   Thumb Code     8  stm32f10x_usart.o(.text)
    USART_ReceiveData                        0x0800372f   Thumb Code     8  stm32f10x_usart.o(.text)
    USART_SendBreak                          0x08003737   Thumb Code    10  stm32f10x_usart.o(.text)
    USART_SetGuardTime                       0x08003741   Thumb Code    16  stm32f10x_usart.o(.text)
    USART_SetPrescaler                       0x08003751   Thumb Code    16  stm32f10x_usart.o(.text)
    USART_SmartCardCmd                       0x08003761   Thumb Code    22  stm32f10x_usart.o(.text)
    USART_SmartCardNACKCmd                   0x08003777   Thumb Code    22  stm32f10x_usart.o(.text)
    USART_HalfDuplexCmd                      0x0800378d   Thumb Code    22  stm32f10x_usart.o(.text)
    USART_IrDAConfig                         0x080037a3   Thumb Code    16  stm32f10x_usart.o(.text)
    USART_IrDACmd                            0x080037b3   Thumb Code    22  stm32f10x_usart.o(.text)
    USART_GetFlagStatus                      0x080037c9   Thumb Code    14  stm32f10x_usart.o(.text)
    USART_ClearFlag                          0x080037d7   Thumb Code     6  stm32f10x_usart.o(.text)
    USART_GetITStatus                        0x080037dd   Thumb Code    60  stm32f10x_usart.o(.text)
    USART_ClearITPendingBit                  0x08003819   Thumb Code    12  stm32f10x_usart.o(.text)
    NVIC_Configuration                       0x08003831   Thumb Code    74  drv_init.o(.text)
    RCC_Configuration                        0x0800387b   Thumb Code   138  drv_init.o(.text)
    drv_all_init                             0x08003905   Thumb Code    20  drv_init.o(.text)
    gpio_init                                0x08003919   Thumb Code    50  gpio.o(.text)
    led_init                                 0x0800394d   Thumb Code    40  led.o(.text)
    get_led_state                            0x08003975   Thumb Code    46  led.o(.text)
    set_led_state                            0x080039a3   Thumb Code    64  led.o(.text)
    led_off                                  0x080039e3   Thumb Code    36  led.o(.text)
    led_on                                   0x08003a07   Thumb Code    36  led.o(.text)
    ferror                                   0x08003a69   Thumb Code     6  retarget.o(.text)
    _ttywrch                                 0x08003a6f   Thumb Code     2  retarget.o(.text)
    _sys_exit                                0x08003a71   Thumb Code     2  retarget.o(.text)
    fgetc                                    0x08003a73   Thumb Code     4  retarget.o(.text)
    fputc                                    0x08003a77   Thumb Code     4  retarget.o(.text)
    __backspace                              0x08003a7b   Thumb Code    40  retarget.o(.text)
    ZD1600_COMInit                           0x08003aa9   Thumb Code   214  uart_drv.o(.text)
    uart_rx_itconf                           0x08003b7f   Thumb Code    18  uart_drv.o(.text)
    uart_rx_bufset                           0x08003b91   Thumb Code    38  uart_drv.o(.text)
    suart_rx_isr                             0x08003bb7   Thumb Code    36  uart_drv.o(.text)
    suart_tx_isr                             0x08003bdb   Thumb Code    48  uart_drv.o(.text)
    suart_send_data                          0x08003c0b   Thumb Code    54  uart_drv.o(.text)
    guart_send_data                          0x08003c41   Thumb Code    56  uart_drv.o(.text)
    guart_tx_isr                             0x08003c79   Thumb Code    50  uart_drv.o(.text)
    guart_rx_isr                             0x08003cab   Thumb Code    76  uart_drv.o(.text)
    system_reset                             0x08003d0d   Thumb Code    14  hw_core.o(.text)
    hardfault_isr                            0x08003d1b   Thumb Code    36  hw_core.o(.text)
    store_to_flash                           0x08003d45   Thumb Code   144  flash.o(.text)
    load_from_flash                          0x08003dd5   Thumb Code    42  flash.o(.text)
    main                                     0x08003e05   Thumb Code    40  main.o(.text)
    check_string                             0x08003e2d   Thumb Code    68  gd_string.o(.text)
    ascii_to_hex                             0x08003e71   Thumb Code    90  gd_string.o(.text)
    hex_to_ascii                             0x08003ecb   Thumb Code    66  gd_string.o(.text)
    char_to_int                              0x08003f0d   Thumb Code    52  gd_string.o(.text)
    check_sum_16                             0x08003f41   Thumb Code    42  gd_string.o(.text)
    gd_heart_beat_init                       0x08003f6b   Thumb Code   108  gd_string.o(.text)
    gd_data_init                             0x08003fd7   Thumb Code    70  gd_string.o(.text)
    gd_frame_data_init                       0x0800401d   Thumb Code    90  gd_string.o(.text)
    gd_frame_data_resolve                    0x08004077   Thumb Code   110  gd_string.o(.text)
    gd_get_config                            0x0800413d   Thumb Code   130  gd_config.o(.text)
    error_command                            0x080041bf   Thumb Code    32  gd_config.o(.text)
    command_ok                               0x080041df   Thumb Code    32  gd_config.o(.text)
    retmain_config                           0x080041ff   Thumb Code    30  gd_config.o(.text)
    com_config                               0x0800421d   Thumb Code   110  gd_config.o(.text)
    sim_config                               0x0800428b   Thumb Code    36  gd_config.o(.text)
    wakeup_config                            0x080042af   Thumb Code    86  gd_config.o(.text)
    smsc_config                              0x08004305   Thumb Code    36  gd_config.o(.text)
    server_config                            0x08004329   Thumb Code   266  gd_config.o(.text)
    config_require                           0x08004433   Thumb Code  2084  gd_config.o(.text)
    pollint_config                           0x08004c57   Thumb Code    20  gd_config.o(.text)
    mode_config                              0x08004c6b   Thumb Code    94  gd_config.o(.text)
    did_config                               0x08004cc9   Thumb Code    34  gd_config.o(.text)
    dataint_config                           0x08004ceb   Thumb Code    18  gd_config.o(.text)
    apn_config                               0x08004cfd   Thumb Code   154  gd_config.o(.text)
    acti_config                              0x08004d97   Thumb Code   146  gd_config.o(.text)
    at_dispose                               0x08004e29   Thumb Code   988  gd_config.o(.text)
    gd_task_config                           0x08005205   Thumb Code   136  gd_config.o(.text)
    gd_uart_init                             0x08005385   Thumb Code    50  gd_com_init.o(.text)
    gd_component_init                        0x080053b7   Thumb Code    18  gd_com_init.o(.text)
    App_TaskCreateHook                       0x080053c9   Thumb Code     2  gd_app_hook.o(.text)
    App_TaskDelHook                          0x080053cb   Thumb Code     4  gd_app_hook.o(.text)
    App_TaskIdleHook                         0x080053cf   Thumb Code     2  gd_app_hook.o(.text)
    App_TaskStatHook                         0x080053d1   Thumb Code     8  gd_app_hook.o(.text)
    App_TaskSwHook                           0x080053d9   Thumb Code    28  gd_app_hook.o(.text)
    App_TCBInitHook                          0x080053f5   Thumb Code     2  gd_app_hook.o(.text)
    App_TimeTickHook                         0x080053f7   Thumb Code     2  gd_app_hook.o(.text)
    gd_task_led                              0x08005405   Thumb Code   198  gd_led.o(.text)
    InitPSRAM                                0x080054cd   Thumb Code    70  gd_mem.o(.text)
    PutAddress                               0x08005513   Thumb Code    60  gd_mem.o(.text)
    PutPSRAM                                 0x0800554f   Thumb Code    50  gd_mem.o(.text)
    GetPSRAM                                 0x08005581   Thumb Code    38  gd_mem.o(.text)
    sp2gm_buf_full_process                   0x080055a7   Thumb Code    62  gd_mem.o(.text)
    sp2gm_adjust_buf_pos                     0x080055e5   Thumb Code    70  gd_mem.o(.text)
    sp2gm_cache_frame                        0x0800562b   Thumb Code   182  gd_mem.o(.text)
    sp2gm_remove_frame                       0x080056e1   Thumb Code   126  gd_mem.o(.text)
    network_tcpip_state_change               0x08005785   Thumb Code   118  gd_network.o(.text)
    network_no_signal                        0x080057fb   Thumb Code   106  gd_network.o(.text)
    network_heart_beat                       0x08005865   Thumb Code   252  gd_network.o(.text)
    network_tcpip_creat                      0x08005961   Thumb Code   256  gd_network.o(.text)
    network_tcpip_mode                       0x08005a61   Thumb Code   134  gd_network.o(.text)
    network_tcpip_init                       0x08005ae7   Thumb Code   124  gd_network.o(.text)
    network_gm_init                          0x08005b63   Thumb Code   150  gd_network.o(.text)
    network_gm_reset                         0x08005bf9   Thumb Code    88  gd_network.o(.text)
    gd_task_network                          0x08005c51   Thumb Code   154  gd_network.o(.text)
    Run_Task                                 0x08005cfd   Thumb Code    68  gd_system.o(.text)
    gd_judge_work_mode                       0x08005d41   Thumb Code    14  gd_system.o(.text)
    gd_start_tasks                           0x08005d4f   Thumb Code    48  gd_system.o(.text)
    gd_config_link_info                      0x08005d7f   Thumb Code    90  gd_system.o(.text)
    gd_config_info_store                     0x08005dd9   Thumb Code    18  gd_system.o(.text)
    gd_config_info_init                      0x08005deb   Thumb Code   398  gd_system.o(.text)
    gd_task_init                             0x08005f79   Thumb Code    44  gd_system.o(.text)
    gd_start_init_task                       0x08005fa5   Thumb Code     6  gd_system.o(.text)
    gd_system_init                           0x08005fab   Thumb Code  1014  gd_system.o(.text)
    gd_msg_malloc                            0x080063a1   Thumb Code    42  gd_system.o(.text)
    suart_msg_process                        0x080063d1   Thumb Code   136  gd_suart.o(.text)
    gd_task_suart                            0x08006459   Thumb Code   256  gd_suart.o(.text)
    unrequest_at_dispose                     0x08006565   Thumb Code   138  gd_guart.o(.text)
    gd_task_guart_rx                         0x080065ef   Thumb Code   260  gd_guart.o(.text)
    guart_recv_data_process                  0x080066f3   Thumb Code   296  gd_guart.o(.text)
    guart_send_data_process                  0x0800681b   Thumb Code   194  gd_guart.o(.text)
    guart_msg_process                        0x080068dd   Thumb Code    94  gd_guart.o(.text)
    gd_task_guart                            0x0800693b   Thumb Code   164  gd_guart.o(.text)
    gm_recvpacket_request                    0x080069df   Thumb Code    86  gd_guart.o(.text)
    recvAT                                   0x08006a39   Thumb Code    56  gd_gm.o(.text)
    delays                                   0x08006a71   Thumb Code    12  gd_gm.o(.text)
    at_at                                    0x08006a7d   Thumb Code    42  gd_gm.o(.text)
    at_ate0                                  0x08006aa7   Thumb Code    42  gd_gm.o(.text)
    at_ate1                                  0x08006ad1   Thumb Code    42  gd_gm.o(.text)
    at_tsim                                  0x08006afb   Thumb Code    56  gd_gm.o(.text)
    at_csq                                   0x08006b33   Thumb Code    92  gd_gm.o(.text)
    at_iomode                                0x08006b8f   Thumb Code    74  gd_gm.o(.text)
    at_iomode_check                          0x08006bd9   Thumb Code   126  gd_gm.o(.text)
    gprsmodule_shutdown                      0x08006c57   Thumb Code     8  gd_gm.o(.text)
    gprsmodule_reset                         0x08006c5f   Thumb Code    40  gd_gm.o(.text)
    gprs_bps_set                             0x08006c87   Thumb Code    62  gd_gm.o(.text)
    gprsmodule_init                          0x08006cc5   Thumb Code   156  gd_gm.o(.text)
    gprs_tcpip_init                          0x08006d61   Thumb Code   570  gd_gm.o(.text)
    gprs_tcpip_mode_init                     0x08006f9b   Thumb Code    46  gd_gm.o(.text)
    gprs_tcpip_creat_connection              0x08006fc9   Thumb Code   142  gd_gm.o(.text)
    gprs_tcpip_creat_connection_n            0x08007057   Thumb Code   172  gd_gm.o(.text)
    gprs_tcpip_close_connection              0x08007103   Thumb Code    64  gd_gm.o(.text)
    gprs_tcpip_send                          0x08007143   Thumb Code   162  gd_gm.o(.text)
    gprs_tcpip_request_data                  0x080071e5   Thumb Code   198  gd_gm.o(.text)
    gprs_tcpip_recvbuf_query                 0x080072ab   Thumb Code   120  gd_gm.o(.text)
    gprs_tcpip_recvbuf_delete                0x08007323   Thumb Code   290  gd_gm.o(.text)
    gprs_unrequest_code_dispose              0x08007445   Thumb Code    80  gd_gm.o(.text)
    __I$use$semihosting                      0x080074b1   Thumb Code     0  use_no_semi.o(.text)
    __use_no_semihosting_swi                 0x080074b1   Thumb Code     2  use_no_semi.o(.text)
    __rt_ctype_table                         0x080074b5   Thumb Code    16  rt_ctype_table.o(.text)
    __2printf                                0x080074c5   Thumb Code    24  noretval__2printf.o(.text)
    __2sprintf                               0x080074e5   Thumb Code    34  noretval__2sprintf.o(.text)
    _printf_pre_padding                      0x0800750d   Thumb Code    44  _printf_pad.o(.text)
    _printf_post_padding                     0x08007539   Thumb Code    36  _printf_pad.o(.text)
    _printf_str                              0x0800755d   Thumb Code    82  _printf_str.o(.text)
    _printf_int_dec                          0x080075b1   Thumb Code    98  _printf_dec.o(.text)
    __printf                                 0x08007625   Thumb Code   326  __printf_flags_wp.o(.text)
    __aeabi_assert                           0x08007771   Thumb Code    84  assert.o(.text)
    __assert                                 0x08007771   Thumb Code     0  assert.o(.text)
    strcat                                   0x080077ed   Thumb Code    24  strcat.o(.text)
    strcpy                                   0x08007805   Thumb Code    74  strcpy.o(.text)
    strlen                                   0x0800784f   Thumb Code    62  strlen.o(.text)
    __aeabi_memcpy                           0x0800788d   Thumb Code     0  rt_memcpy_v6.o(.text)
    __rt_memcpy                              0x0800788d   Thumb Code   140  rt_memcpy_v6.o(.text)
    _memcpy_lastbytes                        0x080078f5   Thumb Code     0  rt_memcpy_v6.o(.text)
    __aeabi_memcpy4                          0x08007919   Thumb Code     0  rt_memcpy_w.o(.text)
    __aeabi_memcpy8                          0x08007919   Thumb Code     0  rt_memcpy_w.o(.text)
    __rt_memcpy_w                            0x08007919   Thumb Code   100  rt_memcpy_w.o(.text)
    _memcpy_lastbytes_aligned                0x08007961   Thumb Code     0  rt_memcpy_w.o(.text)
    __aeabi_memclr4                          0x0800797d   Thumb Code     0  rt_memclr_w.o(.text)
    __aeabi_memclr8                          0x0800797d   Thumb Code     0  rt_memclr_w.o(.text)
    __rt_memclr_w                            0x0800797d   Thumb Code    78  rt_memclr_w.o(.text)
    _memset_w                                0x08007981   Thumb Code     0  rt_memclr_w.o(.text)
    __use_two_region_memory                  0x080079cb   Thumb Code     2  heapauxi.o(.text)
    __rt_heap_escrow$2region                 0x080079cd   Thumb Code     2  heapauxi.o(.text)
    __rt_heap_expand$2region                 0x080079cf   Thumb Code     2  heapauxi.o(.text)
    __rt_locale                              0x080079d1   Thumb Code    12  rt_locale_intlibspace.o(.text)
    _printf_int_common                       0x080079dd   Thumb Code   180  _printf_intcommon.o(.text)
    _printf_char_common                      0x08007a9b   Thumb Code    34  _printf_char_common.o(.text)
    _sputc                                   0x08007ac1   Thumb Code    10  _sputc.o(.text)
    _printf_cs_common                        0x08007acb   Thumb Code    20  _printf_char.o(.text)
    _printf_char                             0x08007adf   Thumb Code    16  _printf_char.o(.text)
    _printf_string                           0x08007aef   Thumb Code     8  _printf_char.o(.text)
    abort                                    0x08007af7   Thumb Code    16  abort.o(.text)
    __assert_puts                            0x08007b07   Thumb Code    20  assert_puts.o(.text)
    __rt_udiv10                              0x08007b1b   Thumb Code    16  rtudiv10.o(.text)
    __user_libspace                          0x08007b2d   Thumb Code     8  libspace.o(.text)
    __user_perproc_libspace                  0x08007b2d   Thumb Code     0  libspace.o(.text)
    __user_perthread_libspace                0x08007b2d   Thumb Code     0  libspace.o(.text)
    __rt_SIGABRT                             0x08007b35   Thumb Code    14  defsig_abrt_outer.o(.text)
    strcmp                                   0x08007b45   Thumb Code   128  strcmpv7m.o(.text)
    __user_setup_stackheap                   0x08007bc5   Thumb Code    74  sys_stackheap_outer.o(.text)
    exit                                     0x08007c0f   Thumb Code    12  exit.o(.text)
    __sig_exit                               0x08007c1b   Thumb Code    10  defsig_exit.o(.text)
    __rt_SIGABRT_inner                       0x08007c25   Thumb Code    14  defsig_abrt_inner.o(.text)
    __default_signal_display                 0x08007c55   Thumb Code    50  defsig_general.o(.text)
    __rt_fp_status_addr                      0x08007c89   Thumb Code    12  rt_fp_status_addr_intlibspace.o(.text)
    _get_lc_ctype                            0x08007c95   Thumb Code    44  lc_ctype_c.o(locale$$code)
    _fp_init                                 0x08007cc1   Thumb Code    14  fpinit.o(x$fpl$fpinit)
    __fplib_config_pureend_doubles           0x08007ccd   Thumb Code     0  fpinit.o(x$fpl$fpinit)
    OSUnMapTbl                               0x08007cce   Data         256  ucos_ii.o(.constdata)
    COM_WordLength                           0x08007de4   Data           4  uart_drv.o(.constdata)
    COM_TX_PIN                               0x08007de8   Data           6  uart_drv.o(.constdata)
    COM_RX_PIN                               0x08007dee   Data           6  uart_drv.o(.constdata)
    COM_Parity                               0x08007df4   Data           6  uart_drv.o(.constdata)
    COM_StopBits                             0x08007dfa   Data           8  uart_drv.o(.constdata)
    COM_HwFlowControl                        0x08007e02   Data           8  uart_drv.o(.constdata)
    COM_USART_CLK                            0x08007e0c   Data          12  uart_drv.o(.constdata)
    COM_POR_CLK                              0x08007e18   Data          12  uart_drv.o(.constdata)
    GD_DEVMAC                                0x08007e24   Data           6  gd_system.o(.constdata)
    Region$$Table$$Base                      0x08007f04   Number         0  anon$$obj.o(Region$$Table)
    Region$$Table$$Limit                     0x08007f24   Number         0  anon$$obj.o(Region$$Table)
    __ctype                                  0x08007f31   Data           0  lc_ctype_c.o(locale$$data)
    OSCPUUsage                               0x20000004   Data           1  ucos_ii.o(.data)
    OSStatRdy                                0x20000005   Data           1  ucos_ii.o(.data)
    OSIntNesting                             0x20000006   Data           1  ucos_ii.o(.data)
    OSLockNesting                            0x20000007   Data           1  ucos_ii.o(.data)
    OSPrioCur                                0x20000008   Data           1  ucos_ii.o(.data)
    OSPrioHighRdy                            0x20000009   Data           1  ucos_ii.o(.data)
    OSRdyGrp                                 0x2000000a   Data           1  ucos_ii.o(.data)
    OSRunning                                0x2000000b   Data           1  ucos_ii.o(.data)
    OSTaskCtr                                0x2000000c   Data           1  ucos_ii.o(.data)
    OSTickStepState                          0x2000000d   Data           1  ucos_ii.o(.data)
    OSTmrFree                                0x2000000e   Data           2  ucos_ii.o(.data)
    OSTmrUsed                                0x20000010   Data           2  ucos_ii.o(.data)
    OSCtxSwCtr                               0x20000014   Data           4  ucos_ii.o(.data)
    OSEventFreeList                          0x20000018   Data           4  ucos_ii.o(.data)
    OSIdleCtrMax                             0x2000001c   Data           4  ucos_ii.o(.data)
    OSIdleCtrRun                             0x20000020   Data           4  ucos_ii.o(.data)
    OSRdyTbl                                 0x20000024   Data           4  ucos_ii.o(.data)
    OSIdleCtr                                0x20000028   Data           4  ucos_ii.o(.data)
    OSTCBCur                                 0x2000002c   Data           4  ucos_ii.o(.data)
    OSTCBFreeList                            0x20000030   Data           4  ucos_ii.o(.data)
    OSTCBHighRdy                             0x20000034   Data           4  ucos_ii.o(.data)
    OSTCBList                                0x20000038   Data           4  ucos_ii.o(.data)
    OSMemFreeList                            0x2000003c   Data           4  ucos_ii.o(.data)
    OSQFreeList                              0x20000040   Data           4  ucos_ii.o(.data)
    OSTime                                   0x20000044   Data           4  ucos_ii.o(.data)
    OSTmrTime                                0x20000048   Data           4  ucos_ii.o(.data)
    OSTmrSem                                 0x2000004c   Data           4  ucos_ii.o(.data)
    OSTmrSemSignal                           0x20000050   Data           4  ucos_ii.o(.data)
    OSTmrFreeList                            0x20000054   Data           4  ucos_ii.o(.data)
    __stdout                                 0x20000068   Data           8  retarget.o(.data)
    guart_rx_dp                              0x20000074   Data           4  uart_drv.o(.data)
    usart1_send_position                     0x20000078   Data           4  uart_drv.o(.data)
    usart2_send_position                     0x2000007c   Data           4  uart_drv.o(.data)
    COM_USART                                0x20000080   Data          12  uart_drv.o(.data)
    COM_PORT                                 0x2000008c   Data          12  uart_drv.o(.data)
    stacked_r0                               0x20000098   Data           4  hw_core.o(.data)
    stacked_r1                               0x2000009c   Data           4  hw_core.o(.data)
    stacked_r2                               0x200000a0   Data           4  hw_core.o(.data)
    stacked_r3                               0x200000a4   Data           4  hw_core.o(.data)
    stacked_r12                              0x200000a8   Data           4  hw_core.o(.data)
    stacked_lr                               0x200000ac   Data           4  hw_core.o(.data)
    stacked_pc                               0x200000b0   Data           4  hw_core.o(.data)
    stacked_psr                              0x200000b4   Data           4  hw_core.o(.data)
    sp2gm_start_pos                          0x200000b8   Data           4  gd_mem.o(.data)
    sp2gm_free_pos                           0x200000bc   Data           4  gd_mem.o(.data)
    user_tasks                               0x200000c4   Data         352  gd_system.o(.data)
    frame_msg_count                          0x20000224   Data           4  gd_suart.o(.data)
    GPRS_TCPIP_IOMODE                        0x2000022c   Data           1  gd_gm.o(.data)
    OSEventTbl                               0x20000230   Data        1024  ucos_ii.o(.bss)
    OSTaskStatStk                            0x20000630   Data         512  ucos_ii.o(.bss)
    OSTaskIdleStk                            0x20000830   Data         512  ucos_ii.o(.bss)
    OSTCBPrioTbl                             0x20000a30   Data         128  ucos_ii.o(.bss)
    OSTCBTbl                                 0x20000ab0   Data        1936  ucos_ii.o(.bss)
    OSMemTbl                                 0x20001240   Data         576  ucos_ii.o(.bss)
    OSQTbl                                   0x20001480   Data         384  ucos_ii.o(.bss)
    OSTmrTbl                                 0x20001600   Data         832  ucos_ii.o(.bss)
    OSTmrTaskStk                             0x20001940   Data         512  ucos_ii.o(.bss)
    OSTmrWheelTbl                            0x20001b40   Data          64  ucos_ii.o(.bss)
    uart1_buff                               0x20001b80   Data          20  uart_drv.o(.bss)
    uart2_buff                               0x20001b94   Data          20  uart_drv.o(.bss)
    gd_task_config_stk                       0x20001ba8   Data        2048  gd_config.o(.bss)
    gd_task_led_stk                          0x200023a8   Data         128  gd_led.o(.bss)
    sp2gm_buf_partition                      0x20002428   Data        6144  gd_mem.o(.bss)
    sp2gm_buf                                0x20003c28   Data        8192  gd_mem.o(.bss)
    gd_task_network_stk                      0x20005c28   Data        2048  gd_network.o(.bss)
    gd_system                                0x20006428   Data        5784  gd_system.o(.bss)
    gd_msg_partition                         0x20007ac0   Data         128  gd_system.o(.bss)
    gd_task_init_stk                         0x20007b40   Data        1024  gd_system.o(.bss)
    gd_task_suart_stk                        0x20007f40   Data        1024  gd_suart.o(.bss)
    gd_task_guart_stk                        0x20008340   Data        2048  gd_guart.o(.bss)
    gd_task_guart_rx_stk                     0x20008b40   Data        1024  gd_guart.o(.bss)
    gm2sp_frame                              0x20008f40   Data        2056  gd_guart.o(.bss)
    gprs_databuf                             0x20009748   Data        4168  gd_gm.o(.bss)
    __libspace_start                         0x2000a790   Data          96  libspace.o(.bss)
    __temporary_stack_top$libspace           0x2000a7f0   Data           0  libspace.o(.bss)



==============================================================================

Memory Map of the image

  Image Entry point : 0x08000131

  Load Region LR_IROM1 (Base: 0x08000000, Size: 0x00008264, Max: 0x00080000, ABSOLUTE, COMPRESSED[0x00008110])

    Execution Region ER_IROM1 (Base: 0x08000000, Size: 0x00008034, Max: 0x00080000, ABSOLUTE)

    Base Addr    Size         Type   Attr      Idx    E Section Name        Object

    0x08000000   0x00000130   Data   RO          125    RESET               stm32f10x_vector.o
    0x08000130   0x00000008   Code   RO          933  * !!!main             __main.o(c_w.l)
    0x08000138   0x00000034   Code   RO         1122    !!!scatter          __scatter.o(c_w.l)
    0x0800016c   0x0000005a   Code   RO         1120    !!dczerorl2         __dczerorl2.o(c_w.l)
    0x080001c6   0x00000002   PAD
    0x080001c8   0x0000001c   Code   RO         1124    !!handler_zi        __scatter_zi.o(c_w.l)
    0x080001e4   0x00000000   Code   RO          916    .ARM.Collect$$_printf_percent$$00000000  _printf_percent.o(c_w.l)
    0x080001e4   0x00000006   Code   RO          915    .ARM.Collect$$_printf_percent$$00000009  _printf_d.o(c_w.l)
    0x080001ea   0x00000006   Code   RO          913    .ARM.Collect$$_printf_percent$$00000013  _printf_c.o(c_w.l)
    0x080001f0   0x00000006   Code   RO          914    .ARM.Collect$$_printf_percent$$00000014  _printf_s.o(c_w.l)
    0x080001f6   0x00000004   Code   RO          950    .ARM.Collect$$_printf_percent$$00000017  _printf_percent_end.o(c_w.l)
    0x080001fa   0x00000006   Code   RO         1048    .ARM.Collect$$libinit$$00000000  libinit.o(c_w.l)
    0x08000200   0x00000000   Code   RO          991    .ARM.Collect$$libinit$$00000006  libinit2.o(c_w.l)
    0x08000200   0x00000000   Code   RO          993    .ARM.Collect$$libinit$$00000008  libinit2.o(c_w.l)
    0x08000200   0x00000000   Code   RO          995    .ARM.Collect$$libinit$$0000000A  libinit2.o(c_w.l)
    0x08000200   0x00000006   Code   RO          996    .ARM.Collect$$libinit$$0000000B  libinit2.o(c_w.l)
    0x08000206   0x00000000   Code   RO          998    .ARM.Collect$$libinit$$0000000D  libinit2.o(c_w.l)
    0x08000206   0x0000000c   Code   RO          999    .ARM.Collect$$libinit$$0000000E  libinit2.o(c_w.l)
    0x08000212   0x00000000   Code   RO         1000    .ARM.Collect$$libinit$$0000000F  libinit2.o(c_w.l)
    0x08000212   0x00000000   Code   RO         1002    .ARM.Collect$$libinit$$00000011  libinit2.o(c_w.l)
    0x08000212   0x00000000   Code   RO         1004    .ARM.Collect$$libinit$$00000013  libinit2.o(c_w.l)
    0x08000212   0x00000000   Code   RO         1006    .ARM.Collect$$libinit$$00000015  libinit2.o(c_w.l)
    0x08000212   0x00000000   Code   RO         1008    .ARM.Collect$$libinit$$00000017  libinit2.o(c_w.l)
    0x08000212   0x00000000   Code   RO         1010    .ARM.Collect$$libinit$$00000019  libinit2.o(c_w.l)
    0x08000212   0x00000000   Code   RO         1012    .ARM.Collect$$libinit$$0000001B  libinit2.o(c_w.l)
    0x08000212   0x00000000   Code   RO         1014    .ARM.Collect$$libinit$$0000001D  libinit2.o(c_w.l)
    0x08000212   0x00000000   Code   RO         1016    .ARM.Collect$$libinit$$0000001F  libinit2.o(c_w.l)
    0x08000212   0x00000000   Code   RO         1018    .ARM.Collect$$libinit$$00000021  libinit2.o(c_w.l)
    0x08000212   0x00000000   Code   RO         1022    .ARM.Collect$$libinit$$00000028  libinit2.o(c_w.l)
    0x08000212   0x00000000   Code   RO         1024    .ARM.Collect$$libinit$$0000002A  libinit2.o(c_w.l)
    0x08000212   0x00000000   Code   RO         1026    .ARM.Collect$$libinit$$0000002C  libinit2.o(c_w.l)
    0x08000212   0x00000000   Code   RO         1028    .ARM.Collect$$libinit$$0000002E  libinit2.o(c_w.l)
    0x08000212   0x00000002   Code   RO         1029    .ARM.Collect$$libinit$$0000002F  libinit2.o(c_w.l)
    0x08000214   0x00000002   Code   RO         1102    .ARM.Collect$$libshutdown$$00000000  libshutdown.o(c_w.l)
    0x08000216   0x00000000   Code   RO         1105    .ARM.Collect$$libshutdown$$00000003  libshutdown2.o(c_w.l)
    0x08000216   0x00000000   Code   RO         1108    .ARM.Collect$$libshutdown$$00000006  libshutdown2.o(c_w.l)
    0x08000216   0x00000000   Code   RO         1111    .ARM.Collect$$libshutdown$$00000009  libshutdown2.o(c_w.l)
    0x08000216   0x00000000   Code   RO         1113    .ARM.Collect$$libshutdown$$0000000B  libshutdown2.o(c_w.l)
    0x08000216   0x00000000   Code   RO         1116    .ARM.Collect$$libshutdown$$0000000E  libshutdown2.o(c_w.l)
    0x08000216   0x00000002   Code   RO         1117    .ARM.Collect$$libshutdown$$0000000F  libshutdown2.o(c_w.l)
    0x08000218   0x00000000   Code   RO          935    .ARM.Collect$$rtentry$$00000000  rtentry.o(c_w.l)
    0x08000218   0x00000000   Code   RO          964    .ARM.Collect$$rtentry$$00000002  rtentry2.o(c_w.l)
    0x08000218   0x00000006   Code   RO          979    .ARM.Collect$$rtentry$$00000004  rtentry4.o(c_w.l)
    0x0800021e   0x00000000   Code   RO          966    .ARM.Collect$$rtentry$$00000009  rtentry2.o(c_w.l)
    0x0800021e   0x00000004   Code   RO          967    .ARM.Collect$$rtentry$$0000000A  rtentry2.o(c_w.l)
    0x08000222   0x00000000   Code   RO          969    .ARM.Collect$$rtentry$$0000000C  rtentry2.o(c_w.l)
    0x08000222   0x00000008   Code   RO          970    .ARM.Collect$$rtentry$$0000000D  rtentry2.o(c_w.l)
    0x0800022a   0x00000002   Code   RO         1049    .ARM.Collect$$rtexit$$00000000  rtexit.o(c_w.l)
    0x0800022c   0x00000000   Code   RO         1064    .ARM.Collect$$rtexit$$00000002  rtexit2.o(c_w.l)
    0x0800022c   0x00000004   Code   RO         1065    .ARM.Collect$$rtexit$$00000003  rtexit2.o(c_w.l)
    0x08000230   0x00000006   Code   RO         1066    .ARM.Collect$$rtexit$$00000004  rtexit2.o(c_w.l)
    0x08000236   0x00000002   PAD
    0x08000238   0x0000007a   Code   RO            1    .text               cortexm3_macro.o
    0x080002b2   0x00000002   PAD
    0x080002b4   0x000001b4   Code   RO            6    .text               stm32f10x_it.o
    0x08000468   0x000000cc   Code   RO          126    .text               stm32f10x_vector.o
    0x08000534   0x000000a8   Code   RO          130    .text               os_cpu_a.o
    0x080005dc   0x000001d8   Code   RO          133    .text               os_cpu_c.o
    0x080007b4   0x00000002   Code   RO          158    .text               os_dbg.o
    0x080007b6   0x00000002   PAD
    0x080007b8   0x000020e4   Code   RO          173    .text               ucos_ii.o
    0x0800289c   0x0000041c   Code   RO          201    .text               stm32f10x_flash.o
    0x08002cb8   0x00000268   Code   RO          228    .text               stm32f10x_gpio.o
    0x08002f20   0x00000314   Code   RO          309    .text               stm32f10x_nvic.o
    0x08003234   0x000002e4   Code   RO          321    .text               stm32f10x_rcc.o
    0x08003518   0x00000318   Code   RO          335    .text               stm32f10x_usart.o
    0x08003830   0x000000e8   Code   RO          419    .text               drv_init.o
    0x08003918   0x00000032   Code   RO          469    .text               gpio.o
    0x0800394a   0x00000002   PAD
    0x0800394c   0x0000011c   Code   RO          496    .text               led.o
    0x08003a68   0x00000040   Code   RO          513    .text               retarget.o
    0x08003aa8   0x00000264   Code   RO          545    .text               uart_drv.o
    0x08003d0c   0x00000038   Code   RO          568    .text               hw_core.o
    0x08003d44   0x000000c0   Code   RO          586    .text               flash.o
    0x08003e04   0x00000028   Code   RO          601    .text               main.o
    0x08003e2c   0x00000310   Code   RO          654    .text               gd_string.o
    0x0800413c   0x00001248   Code   RO          676    .text               gd_config.o
    0x08005384   0x00000044   Code   RO          701    .text               gd_com_init.o
    0x080053c8   0x0000003c   Code   RO          716    .text               gd_app_hook.o
    0x08005404   0x000000c6   Code   RO          728    .text               gd_led.o
    0x080054ca   0x00000002   PAD
    0x080054cc   0x000002b8   Code   RO          743    .text               gd_mem.o
    0x08005784   0x00000578   Code   RO          760    .text               gd_network.o
    0x08005cfc   0x000006d4   Code   RO          776    .text               gd_system.o
    0x080063d0   0x00000194   Code   RO          806    .text               gd_suart.o
    0x08006564   0x000004d4   Code   RO          826    .text               gd_guart.o
    0x08006a38   0x00000a78   Code   RO          854    .text               gd_gm.o
    0x080074b0   0x00000002   Code   RO          875    .text               use_no_semi.o(c_w.l)
    0x080074b2   0x00000002   PAD
    0x080074b4   0x00000010   Code   RO          877    .text               rt_ctype_table.o(c_w.l)
    0x080074c4   0x00000020   Code   RO          883    .text               noretval__2printf.o(c_w.l)
    0x080074e4   0x00000028   Code   RO          885    .text               noretval__2sprintf.o(c_w.l)
    0x0800750c   0x00000050   Code   RO          889    .text               _printf_pad.o(c_w.l)
    0x0800755c   0x00000052   Code   RO          891    .text               _printf_str.o(c_w.l)
    0x080075ae   0x00000002   PAD
    0x080075b0   0x00000074   Code   RO          893    .text               _printf_dec.o(c_w.l)
    0x08007624   0x0000014c   Code   RO          905    .text               __printf_flags_wp.o(c_w.l)
    0x08007770   0x0000007c   Code   RO          917    .text               assert.o(c_w.l)
    0x080077ec   0x00000018   Code   RO          919    .text               strcat.o(c_w.l)
    0x08007804   0x0000004a   Code   RO          921    .text               strcpy.o(c_w.l)
    0x0800784e   0x0000003e   Code   RO          923    .text               strlen.o(c_w.l)
    0x0800788c   0x0000008c   Code   RO          925    .text               rt_memcpy_v6.o(c_w.l)
    0x08007918   0x00000064   Code   RO          927    .text               rt_memcpy_w.o(c_w.l)
    0x0800797c   0x0000004e   Code   RO          929    .text               rt_memclr_w.o(c_w.l)
    0x080079ca   0x00000006   Code   RO          931    .text               heapauxi.o(c_w.l)
    0x080079d0   0x0000000c   Code   RO          940    .text               rt_locale_intlibspace.o(c_w.l)
    0x080079dc   0x000000b4   Code   RO          942    .text               _printf_intcommon.o(c_w.l)
    0x08007a90   0x00000030   Code   RO          944    .text               _printf_char_common.o(c_w.l)
    0x08007ac0   0x0000000a   Code   RO          946    .text               _sputc.o(c_w.l)
    0x08007aca   0x0000002c   Code   RO          948    .text               _printf_char.o(c_w.l)
    0x08007af6   0x00000010   Code   RO          954    .text               abort.o(c_w.l)
    0x08007b06   0x00000014   Code   RO          956    .text               assert_puts.o(c_w.l)
    0x08007b1a   0x00000010   Code   RO          958    .text               rtudiv10.o(c_w.l)
    0x08007b2a   0x00000002   PAD
    0x08007b2c   0x00000008   Code   RO          960    .text               libspace.o(c_w.l)
    0x08007b34   0x0000000e   Code   RO          983    .text               defsig_abrt_outer.o(c_w.l)
    0x08007b42   0x00000002   PAD
    0x08007b44   0x00000080   Code   RO          987    .text               strcmpv7m.o(c_w.l)
    0x08007bc4   0x0000004a   Code   RO         1030    .text               sys_stackheap_outer.o(c_w.l)
    0x08007c0e   0x0000000c   Code   RO         1034    .text               exit.o(c_w.l)
    0x08007c1a   0x0000000a   Code   RO         1036    .text               defsig_exit.o(c_w.l)
    0x08007c24   0x00000030   Code   RO         1038    .text               defsig_abrt_inner.o(c_w.l)
    0x08007c54   0x00000032   Code   RO         1053    .text               defsig_general.o(c_w.l)
    0x08007c86   0x00000002   PAD
    0x08007c88   0x0000000c   Code   RO         1074    .text               rt_fp_status_addr_intlibspace.o(c_w.l)
    0x08007c94   0x0000002c   Code   RO          952    locale$$code        lc_ctype_c.o(c_w.l)
    0x08007cc0   0x0000000e   Code   RO         1059    x$fpl$fpinit        fpinit.o(fz_ws.l)
    0x08007cce   0x00000100   Data   RO          175    .constdata          ucos_ii.o
    0x08007dce   0x00000014   Data   RO          322    .constdata          stm32f10x_rcc.o
    0x08007de2   0x00000002   PAD
    0x08007de4   0x00000040   Data   RO          547    .constdata          uart_drv.o
    0x08007e24   0x00000006   Data   RO          779    .constdata          gd_system.o
    0x08007e2a   0x00000011   Data   RO          906    .constdata          __printf_flags_wp.o(c_w.l)
    0x08007e3b   0x000000c8   Data   RO          780    .conststring        gd_system.o
    0x08007f03   0x00000001   PAD
    0x08007f04   0x00000020   Data   RO         1118    Region$$Table       anon$$obj.o
    0x08007f24   0x00000110   Data   RO          951    locale$$data        lc_ctype_c.o(c_w.l)


    Execution Region RW_IRAM1 (Base: 0x20000000, Size: 0x0000aff0, Max: 0x00010000, ABSOLUTE, COMPRESSED[0x000000dc])

    Base Addr    Size         Type   Attr      Idx    E Section Name        Object

    0x20000000   0x00000002   Data   RW          134    .data               os_cpu_c.o
    0x20000002   0x00000002   PAD
    0x20000004   0x00000054   Data   RW          176    .data               ucos_ii.o
    0x20000058   0x00000010   Data   RW          497    .data               led.o
    0x20000068   0x00000008   Data   RW          517    .data               retarget.o
    0x20000070   0x00000004   Data   RW          520    .data               retarget.o
    0x20000074   0x00000024   Data   RW          548    .data               uart_drv.o
    0x20000098   0x00000020   Data   RW          569    .data               hw_core.o
    0x200000b8   0x00000008   Data   RW          746    .data               gd_mem.o
    0x200000c0   0x00000002   Data   RW          762    .data               gd_network.o
    0x200000c2   0x00000002   PAD
    0x200000c4   0x00000160   Data   RW          781    .data               gd_system.o
    0x20000224   0x00000004   Data   RW          808    .data               gd_suart.o
    0x20000228   0x00000004   Data   RW          830    .data               gd_guart.o
    0x2000022c   0x00000001   Data   RW          856    .data               gd_gm.o
    0x2000022d   0x00000003   PAD
    0x20000230   0x00001950   Zero   RW          174    .bss                ucos_ii.o
    0x20001b80   0x00000028   Zero   RW          546    .bss                uart_drv.o
    0x20001ba8   0x00000800   Zero   RW          677    .bss                gd_config.o
    0x200023a8   0x00000080   Zero   RW          729    .bss                gd_led.o
    0x20002428   0x00001800   Zero   RW          744    .bss                gd_mem.o
    0x20003c28   0x00002000   Zero   RW          745    .bss                gd_mem.o
    0x20005c28   0x00000800   Zero   RW          761    .bss                gd_network.o
    0x20006428   0x00001718   Zero   RW          777    .bss                gd_system.o
    0x20007b40   0x00000400   Zero   RW          778    .bss                gd_system.o
    0x20007f40   0x00000400   Zero   RW          807    .bss                gd_suart.o
    0x20008340   0x00000800   Zero   RW          827    .bss                gd_guart.o
    0x20008b40   0x00000400   Zero   RW          828    .bss                gd_guart.o
    0x20008f40   0x00000808   Zero   RW          829    .bss                gd_guart.o
    0x20009748   0x00001048   Zero   RW          855    .bss                gd_gm.o
    0x2000a790   0x00000060   Zero   RW          961    .bss                libspace.o(c_w.l)
    0x2000a7f0   0x00000000   Zero   RW          124    HEAP                stm32f10x_vector.o
    0x2000a7f0   0x00000800   Zero   RW          123    STACK               stm32f10x_vector.o


    Execution Region RW_RAM1 (Base: 0x68000000, Size: 0x00000000, Max: 0x00020000, ABSOLUTE)

    **** No section assigned to this execution region ****


==============================================================================

Image component sizes


      Code (inc. data)   RO Data    RW Data    ZI Data      Debug   Object Name

       122          0          0          0          0        328   cortexm3_macro.o
       232          0          0          0          0        892   drv_init.o
       192          6          0          0          0       1893   flash.o
        60         12          0          0          0       1255   gd_app_hook.o
        68          0          0          0          0       1049   gd_com_init.o
      4680        640          0          0       2048      10524   gd_config.o
      2680        498          0          1       4168       9180   gd_gm.o
      1236         62          0          4       5128       4143   gd_guart.o
       198          0          0          0        128        964   gd_led.o
       696         38          0          8      14336       3989   gd_mem.o
      1400         74          0          2       2048       4259   gd_network.o
       784         88          0          0          0       4691   gd_string.o
       404         12          0          4       1024       1942   gd_suart.o
      1748        844        206        352       6936       6581   gd_system.o
        50          0          0          0          0        932   gpio.o
        56          6          0         32          0       1341   hw_core.o
       284         62          0         16          0       1690   led.o
        40          0          0          0          0       8325   main.o
       168         40          0          0          0        332   os_cpu_a.o
       472         76          0          2          0      14077   os_cpu_c.o
         2          0          0          0          0        454   os_dbg.o
        64          6          0         12          0       3084   retarget.o
      1052         30          0          0          0     188690   stm32f10x_flash.o
       616         16          0          0          0      19491   stm32f10x_gpio.o
       436         16          0          0          0      21720   stm32f10x_it.o
         0          0          0          0          0      13788   stm32f10x_lib.o
       788         34          0          0          0       7264   stm32f10x_nvic.o
       740         50         20          0          0       8912   stm32f10x_rcc.o
       792         12          0          0          0       7991   stm32f10x_usart.o
       204         88        304          0       2048        360   stm32f10x_vector.o
       612         22         64         36         40       4229   uart_drv.o
      8420        182        256         84       6480      45755   ucos_ii.o

    ----------------------------------------------------------------------
     29304       2914        885        560      44384     400125   Object Totals
         0          0         32          0          0          0   (incl. Generated)
         8          0          3          7          0          1   (incl. Padding)

    ----------------------------------------------------------------------

      Code (inc. data)   RO Data    RW Data    ZI Data      Debug   Library Member Name

        90          0          0          0          0          0   __dczerorl2.o
         8          0          0          0          0         68   __main.o
       332          6         17          0          0         88   __printf_flags_wp.o
        52          8          0          0          0          0   __scatter.o
        28          0          0          0          0          0   __scatter_zi.o
         6          0          0          0          0          0   _printf_c.o
        44          0          0          0          0        108   _printf_char.o
        48          4          0          0          0         96   _printf_char_common.o
         6          0          0          0          0          0   _printf_d.o
       116         18          0          0          0         92   _printf_dec.o
       180          0          0          0          0         88   _printf_intcommon.o
        80          0          0          0          0        104   _printf_pad.o
         0          0          0          0          0          0   _printf_percent.o
         4          0          0          0          0          0   _printf_percent_end.o
         6          0          0          0          0          0   _printf_s.o
        82          0          0          0          0         80   _printf_str.o
        10          0          0          0          0         68   _sputc.o
        16          0          0          0          0         68   abort.o
       124         40          0          0          0         72   assert.o
        20          0          0          0          0         76   assert_puts.o
        48         34          0          0          0         76   defsig_abrt_inner.o
        14          0          0          0          0         80   defsig_abrt_outer.o
        10          0          0          0          0         68   defsig_exit.o
        50          0          0          0          0         84   defsig_general.o
        12          0          0          0          0         68   exit.o
        14          0          0          0          0         76   fpinit.o
         6          0          0          0          0        148   heapauxi.o
        44         10        272          0          0         76   lc_ctype_c.o
         6          0          0          0          0          0   libinit.o
        20          0          0          0          0          0   libinit2.o
         2          0          0          0          0          0   libshutdown.o
         2          0          0          0          0          0   libshutdown2.o
         8          4          0          0         96         68   libspace.o
        32          8          0          0          0         80   noretval__2printf.o
        40          6          0          0          0         80   noretval__2sprintf.o
        16          6          0          0          0         76   rt_ctype_table.o
        12          6          0          0          0         68   rt_fp_status_addr_intlibspace.o
        12          6          0          0          0         68   rt_locale_intlibspace.o
        78          0          0          0          0         76   rt_memclr_w.o
       140          0          0          0          0         68   rt_memcpy_v6.o
       100          0          0          0          0         80   rt_memcpy_w.o
         0          0          0          0          0          0   rtentry.o
        12          0          0          0          0          0   rtentry2.o
         6          0          0          0          0          0   rtentry4.o
         2          0          0          0          0          0   rtexit.o
        10          0          0          0          0          0   rtexit2.o
        16          0          0          0          0         68   rtudiv10.o
        24          0          0          0          0         68   strcat.o
       128          2          0          0          0         68   strcmpv7m.o
        74          0          0          0          0         76   strcpy.o
        62          0          0          0          0         76   strlen.o
        74          0          0          0          0         80   sys_stackheap_outer.o
         2          0          0          0          0         68   use_no_semi.o

    ----------------------------------------------------------------------
      2342        158        289          0         96       2852   Library Totals
        14          0          0          0          0          0   (incl. Padding)

    ----------------------------------------------------------------------

      Code (inc. data)   RO Data    RW Data    ZI Data      Debug   Library Name

      2314        158        289          0         96       2776   c_w.l
        14          0          0          0          0         76   fz_ws.l

    ----------------------------------------------------------------------
      2342        158        289          0         96       2852   Library Totals

    ----------------------------------------------------------------------

==============================================================================


      Code (inc. data)   RO Data    RW Data    ZI Data      Debug   

     31646       3072       1174        560      44480     398628   Grand Totals
     31646       3072       1174        220      44480     398628   ELF Image Totals (compressed)
     31646       3072       1174        220          0          0   ROM Totals

==============================================================================

    Total RO  Size (Code + RO Data)                32820 (  32.05kB)
    Total RW  Size (RW Data + ZI Data)             45040 (  43.98kB)
    Total ROM Size (Code + RO Data + RW Data)      33040 (  32.27kB)

==============================================================================

