ARM Linker, RVCT4.0 [Build 728] [Standard]

==============================================================================

Section Cross References

    stm32f10x_it.o(.text) refers to os_cpu_a.o(.text) for OS_CPU_SR_Save
    stm32f10x_it.o(.text) refers to ucos_ii.o(.text) for OSIntExit
    stm32f10x_it.o(.text) refers to stm32f10x_usart.o(.text) for USART_GetITStatus
    stm32f10x_it.o(.text) refers to uart_drv.o(.text) for uart1_rx_isr
    stm32f10x_it.o(.text) refers to ucos_ii.o(.data) for OSIntNesting
    stm32f10x_vector.o(STACK) refers (Special) to heapauxi.o(.text) for __use_two_region_memory
    stm32f10x_vector.o(HEAP) refers (Special) to heapauxi.o(.text) for __use_two_region_memory
    stm32f10x_vector.o(RESET) refers (Special) to heapauxi.o(.text) for __use_two_region_memory
    stm32f10x_vector.o(RESET) refers to stm32f10x_vector.o(STACK) for __initial_sp
    stm32f10x_vector.o(RESET) refers to stm32f10x_vector.o(.text) for Reset_Handler
    stm32f10x_vector.o(RESET) refers to stm32f10x_it.o(.text) for NMIException
    stm32f10x_vector.o(.text) refers (Special) to heapauxi.o(.text) for __use_two_region_memory
    stm32f10x_vector.o(.text) refers to __main.o(!!!main) for __main
    stm32f10x_vector.o(.text) refers to stm32f10x_vector.o(HEAP) for Heap_Mem
    stm32f10x_vector.o(.text) refers to stm32f10x_vector.o(STACK) for Stack_Mem
    os_cpu_a.o(.text) refers to os_cpu_c.o(.text) for OSTaskSwHook
    os_cpu_a.o(.text) refers to ucos_ii.o(.text) for OSIntExit
    os_cpu_a.o(.text) refers to ucos_ii.o(.data) for OSIntNesting
    os_cpu_c.o(.text) refers to _printf_percent.o(.ARM.Collect$$_printf_percent$$00000000) for _printf_percent
    os_cpu_c.o(.text) refers to _printf_d.o(.ARM.Collect$$_printf_percent$$00000009) for _printf_d
    os_cpu_c.o(.text) refers to _printf_s.o(.ARM.Collect$$_printf_percent$$00000014) for _printf_s
    os_cpu_c.o(.text) refers to _printf_dec.o(.text) for _printf_int_dec
    os_cpu_c.o(.text) refers to _printf_str.o(.text) for _printf_str
    os_cpu_c.o(.text) refers to app_hook.o(.text) for App_TaskCreateHook
    os_cpu_c.o(.text) refers to ucos_ii.o(.text) for OSTaskNameGet
    os_cpu_c.o(.text) refers to noretval__2printf.o(.text) for __2printf
    os_cpu_c.o(.text) refers to os_cpu_a.o(.text) for OS_CPU_SR_Save
    os_cpu_c.o(.text) refers to os_cpu_c.o(.data) for .data
    os_cpu_c.o(.text) refers to ucos_ii.o(.data) for OSPrioCur
    ucos_ii.o(.text) refers to os_cpu_a.o(.text) for OS_CPU_SR_Save
    ucos_ii.o(.text) refers to ucos_ii.o(.data) for .data
    ucos_ii.o(.text) refers to ucos_ii.o(.bss) for .bss
    ucos_ii.o(.text) refers to os_cpu_c.o(.text) for OSTCBInitHook
    ucos_ii.o(.text) refers to ucos_ii.o(.constdata) for .constdata
    ucos_ii.o(.text) refers to os_dbg.o(.text) for OSDebugInit
    stm32f10x_gpio.o(.text) refers to stm32f10x_rcc.o(.text) for RCC_APB2PeriphResetCmd
    stm32f10x_nvic.o(.text) refers to cortexm3_macro.o(.text) for __SETPRIMASK
    stm32f10x_rcc.o(.text) refers to stm32f10x_rcc.o(.constdata) for .constdata
    stm32f10x_usart.o(.text) refers to stm32f10x_rcc.o(.text) for RCC_APB2PeriphResetCmd
    stm32f10x_pwr.o(.text) refers to stm32f10x_rcc.o(.text) for RCC_APB1PeriphResetCmd
    stm32f10x_pwr.o(.text) refers to cortexm3_macro.o(.text) for __WFI
    stm32f10x_tim.o(.text) refers to stm32f10x_rcc.o(.text) for RCC_APB1PeriphResetCmd
    stm32f10x_dac.o(.text) refers to stm32f10x_rcc.o(.text) for RCC_APB1PeriphResetCmd
    stm32f10x_adc.o(.text) refers to stm32f10x_rcc.o(.text) for RCC_APB2PeriphResetCmd
    stm32f10x_bkp.o(.text) refers to stm32f10x_rcc.o(.text) for RCC_BackupResetCmd
    stm32f10x_spi.o(.text) refers to stm32f10x_rcc.o(.text) for RCC_APB2PeriphResetCmd
    led.o(.text) refers to gpio.o(.text) for gpio_init
    led.o(.text) refers to abort.o(.text) for abort
    led.o(.text) refers to stm32f10x_gpio.o(.text) for GPIO_ReadInputDataBit
    led.o(.text) refers to led.o(.data) for .data
    keys.o(.text) refers to stm32f10x_gpio.o(.text) for GPIO_ReadInputDataBit
    keys.o(.text) refers to ucos_ii.o(.text) for OSQPost
    keys.o(.text) refers to stm32f10x_rcc.o(.text) for RCC_APB2PeriphClockCmd
    keys.o(.text) refers to keys.o(.data) for .data
    keys.o(.text) refers to keys.o(.bss) for .bss
    aux_lib.o(.text) refers to _printf_percent.o(.ARM.Collect$$_printf_percent$$00000000) for _printf_percent
    aux_lib.o(.text) refers to _printf_d.o(.ARM.Collect$$_printf_percent$$00000009) for _printf_d
    aux_lib.o(.text) refers to _printf_s.o(.ARM.Collect$$_printf_percent$$00000014) for _printf_s
    aux_lib.o(.text) refers to _printf_dec.o(.text) for _printf_int_dec
    aux_lib.o(.text) refers to _printf_str.o(.text) for _printf_str
    aux_lib.o(.text) refers to _printf_pad.o(.text) for _printf_pre_padding
    aux_lib.o(.text) refers to _printf_x.o(.ARM.Collect$$_printf_percent$$0000000C) for _printf_x
[...]
    __initial_sp                             0x20002928   Data           0  stm32f10x_vector.o(STACK)

    Global Symbols

    Symbol Name                              Value     Ov Type        Size  Object(Section)

    BuildAttributes$$THM_ISAv4$P$D$K$B$S$PE$A:L22UL41UL21$X:L11$S22US41US21$IEEE1$IW$USESV6$~STKCKD$USESV7$~SHL$OSPACE$ROPI$EBA8$UX$STANDARDLIB$REQ8$PRES8$EABIv2 0x00000000   Number         0  anon$$obj.o ABSOLUTE
    __ARM_use_no_argv                        0x00000000   Number         0  main.o ABSOLUTE
    _printf_flags                            0x00000000   Number         0  printf_stubs.o ABSOLUTE
    _printf_return_value                     0x00000000   Number         0  printf_stubs.o ABSOLUTE
    _printf_sizespec                         0x00000000   Number         0  printf_stubs.o ABSOLUTE
    _printf_widthprec                        0x00000000   Number         0  printf_stubs.o ABSOLUTE
    __ARM_exceptions_init                     - Undefined Weak Reference
    __alloca_initialize                       - Undefined Weak Reference
    __cpp_initialize__aeabi_                  - Undefined Weak Reference
    __cxa_finalize                            - Undefined Weak Reference
    __sigvec_lookup                           - Undefined Weak Reference
    _atexit_init                              - Undefined Weak Reference
    _call_atexit_fns                          - Undefined Weak Reference
    _clock_init                               - Undefined Weak Reference
    _fp_trap_init                             - Undefined Weak Reference
    _fp_trap_shutdown                         - Undefined Weak Reference
    _get_lc_collate                           - Undefined Weak Reference
    _get_lc_monetary                          - Undefined Weak Reference
    _get_lc_numeric                           - Undefined Weak Reference
    _get_lc_time                              - Undefined Weak Reference
    _getenv_init                              - Undefined Weak Reference
    _handle_redirection                       - Undefined Weak Reference
    _init_alloc                               - Undefined Weak Reference
    _init_user_alloc                          - Undefined Weak Reference
    _initio                                   - Undefined Weak Reference
    _printf_mbtowc                            - Undefined Weak Reference
    _printf_wc                                - Undefined Weak Reference
    _signal_finish                            - Undefined Weak Reference
    _signal_init                              - Undefined Weak Reference
    _terminate_alloc                          - Undefined Weak Reference
    _terminate_user_alloc                     - Undefined Weak Reference
    _terminateio                              - Undefined Weak Reference
    __Vectors                                0x08000000   Data           4  stm32f10x_vector.o(RESET)
    __main                                   0x080000ed   Thumb Code     8  __main.o(!!!main)
    __scatterload                            0x080000f5   Thumb Code     0  __scatter.o(!!!scatter)
    __scatterload_rt2                        0x080000f5   Thumb Code    44  __scatter.o(!!!scatter)
    __scatterload_rt2_thumb_only             0x080000f5   Thumb Code     0  __scatter.o(!!!scatter)
    __scatterload_null                       0x08000103   Thumb Code     0  __scatter.o(!!!scatter)
    __decompress                             0x08000129   Thumb Code    90  __dczerorl2.o(!!dczerorl2)
    __decompress1                            0x08000129   Thumb Code     0  __dczerorl2.o(!!dczerorl2)
    __scatterload_zeroinit                   0x08000185   Thumb Code    28  __scatter_zi.o(!!handler_zi)
    _printf_d                                0x080001a1   Thumb Code     0  _printf_d.o(.ARM.Collect$$_printf_percent$$00000009)
    _printf_percent                          0x080001a1   Thumb Code     0  _printf_percent.o(.ARM.Collect$$_printf_percent$$00000000)
    _printf_s                                0x080001a7   Thumb Code     0  _printf_s.o(.ARM.Collect$$_printf_percent$$00000014)
    _printf_percent_end                      0x080001ad   Thumb Code     0  _printf_percent_end.o(.ARM.Collect$$_printf_percent$$00000017)
    __rt_lib_init                            0x080001b1   Thumb Code     0  libinit.o(.ARM.Collect$$libinit$$00000000)
    __rt_lib_init_heap_1                     0x080001b7   Thumb Code     0  libinit2.o(.ARM.Collect$$libinit$$00000006)
    __rt_lib_init_lc_common                  0x080001b7   Thumb Code     0  libinit2.o(.ARM.Collect$$libinit$$0000000B)
    __rt_lib_init_rand_1                     0x080001b7   Thumb Code     0  libinit2.o(.ARM.Collect$$libinit$$0000000A)
    __rt_lib_init_user_alloc_1               0x080001b7   Thumb Code     0  libinit2.o(.ARM.Collect$$libinit$$00000008)
    __rt_lib_init_lc_collate_1               0x080001bd   Thumb Code     0  libinit2.o(.ARM.Collect$$libinit$$0000000D)
    __rt_lib_init_lc_ctype_2                 0x080001bd   Thumb Code     0  libinit2.o(.ARM.Collect$$libinit$$0000000E)
    __rt_lib_init_alloca_1                   0x080001c9   Thumb Code     0  libinit2.o(.ARM.Collect$$libinit$$0000002A)
    __rt_lib_init_argv_1                     0x080001c9   Thumb Code     0  libinit2.o(.ARM.Collect$$libinit$$00000028)
    __rt_lib_init_atexit_1                   0x080001c9   Thumb Code     0  libinit2.o(.ARM.Collect$$libinit$$00000017)
    __rt_lib_init_clock_1                    0x080001c9   Thumb Code     0  libinit2.o(.ARM.Collect$$libinit$$0000001D)
    __rt_lib_init_cpp_1                      0x080001c9   Thumb Code     0  libinit2.o(.ARM.Collect$$libinit$$0000002E)
    __rt_lib_init_exceptions_1               0x080001c9   Thumb Code     0  libinit2.o(.ARM.Collect$$libinit$$0000002C)
    __rt_lib_init_fp_trap_1                  0x080001c9   Thumb Code     0  libinit2.o(.ARM.Collect$$libinit$$0000001B)
    __rt_lib_init_getenv_1                   0x080001c9   Thumb Code     0  libinit2.o(.ARM.Collect$$libinit$$0000001F)
    __rt_lib_init_lc_ctype_1                 0x080001c9   Thumb Code     0  libinit2.o(.ARM.Collect$$libinit$$0000000F)
    __rt_lib_init_lc_monetary_1              0x080001c9   Thumb Code     0  libinit2.o(.ARM.Collect$$libinit$$00000011)
    __rt_lib_init_lc_numeric_1               0x080001c9   Thumb Code     0  libinit2.o(.ARM.Collect$$libinit$$00000013)
    __rt_lib_init_lc_time_1                  0x080001c9   Thumb Code     0  libinit2.o(.ARM.Collect$$libinit$$00000015)
    __rt_lib_init_return                     0x080001c9   Thumb Code     0  libinit2.o(.ARM.Collect$$libinit$$0000002F)
    __rt_lib_init_signal_1                   0x080001c9   Thumb Code     0  libinit2.o(.ARM.Collect$$libinit$$00000019)
    __rt_lib_init_stdio_1                    0x080001c9   Thumb Code     0  libinit2.o(.ARM.Collect$$libinit$$00000021)
    __rt_lib_shutdown                        0x080001cb   Thumb Code     0  libshutdown.o(.ARM.Collect$$libshutdown$$00000000)
    __rt_lib_shutdown_fp_trap_1              0x080001cd   Thumb Code     0  libshutdown2.o(.ARM.Collect$$libshutdown$$00000006)
    __rt_lib_shutdown_heap_1                 0x080001cd   Thumb Code     0  libshutdown2.o(.ARM.Collect$$libshutdown$$0000000E)
    __rt_lib_shutdown_return                 0x080001cd   Thumb Code     0  libshutdown2.o(.ARM.Collect$$libshutdown$$0000000F)
    __rt_lib_shutdown_signal_1               0x080001cd   Thumb Code     0  libshutdown2.o(.ARM.Collect$$libshutdown$$00000009)
    __rt_lib_shutdown_stdio_1                0x080001cd   Thumb Code     0  libshutdown2.o(.ARM.Collect$$libshutdown$$00000003)
    __rt_lib_shutdown_user_alloc_1           0x080001cd   Thumb Code     0  libshutdown2.o(.ARM.Collect$$libshutdown$$0000000B)
    __rt_entry                               0x080001cf   Thumb Code     0  rtentry.o(.ARM.Collect$$rtentry$$00000000)
    __rt_entry_presh_1                       0x080001cf   Thumb Code     0  rtentry2.o(.ARM.Collect$$rtentry$$00000002)
    __rt_entry_sh                            0x080001cf   Thumb Code     0  rtentry4.o(.ARM.Collect$$rtentry$$00000004)
    __rt_entry_li                            0x080001d5   Thumb Code     0  rtentry2.o(.ARM.Collect$$rtentry$$0000000A)
    __rt_entry_postsh_1                      0x080001d5   Thumb Code     0  rtentry2.o(.ARM.Collect$$rtentry$$00000009)
    __rt_entry_main                          0x080001d9   Thumb Code     0  rtentry2.o(.ARM.Collect$$rtentry$$0000000D)
    __rt_entry_postli_1                      0x080001d9   Thumb Code     0  rtentry2.o(.ARM.Collect$$rtentry$$0000000C)
    __rt_exit                                0x080001e1   Thumb Code     0  rtexit.o(.ARM.Collect$$rtexit$$00000000)
    __rt_exit_ls                             0x080001e3   Thumb Code     0  rtexit2.o(.ARM.Collect$$rtexit$$00000003)
    __rt_exit_prels_1                        0x080001e3   Thumb Code     0  rtexit2.o(.ARM.Collect$$rtexit$$00000002)
    __rt_exit_exit                           0x080001e7   Thumb Code     0  rtexit2.o(.ARM.Collect$$rtexit$$00000004)
    __WFI                                    0x080001ed   Thumb Code     0  cortexm3_macro.o(.text)
    __WFE                                    0x080001f1   Thumb Code     0  cortexm3_macro.o(.text)
    __SEV                                    0x080001f5   Thumb Code     0  cortexm3_macro.o(.text)
    __ISB                                    0x080001f9   Thumb Code     0  cortexm3_macro.o(.text)
    __DSB                                    0x080001ff   Thumb Code     0  cortexm3_macro.o(.text)
    __DMB                                    0x08000205   Thumb Code     0  cortexm3_macro.o(.text)
    __SVC                                    0x0800020b   Thumb Code     0  cortexm3_macro.o(.text)
    __MRS_CONTROL                            0x0800020f   Thumb Code     0  cortexm3_macro.o(.text)
    __MSR_CONTROL                            0x08000215   Thumb Code     0  cortexm3_macro.o(.text)
    __MRS_PSP                                0x0800021f   Thumb Code     0  cortexm3_macro.o(.text)
    __MSR_PSP                                0x08000225   Thumb Code     0  cortexm3_macro.o(.text)
    __MRS_MSP                                0x0800022b   Thumb Code     0  cortexm3_macro.o(.text)
    __MSR_MSP                                0x08000231   Thumb Code     0  cortexm3_macro.o(.text)
    __SETPRIMASK                             0x08000237   Thumb Code     0  cortexm3_macro.o(.text)
    __RESETPRIMASK                           0x0800023b   Thumb Code     0  cortexm3_macro.o(.text)
    __SETFAULTMASK                           0x0800023f   Thumb Code     0  cortexm3_macro.o(.text)
    __RESETFAULTMASK                         0x08000243   Thumb Code     0  cortexm3_macro.o(.text)
    __BASEPRICONFIG                          0x08000247   Thumb Code     0  cortexm3_macro.o(.text)
    __GetBASEPRI                             0x0800024d   Thumb Code     0  cortexm3_macro.o(.text)
    __REV_HalfWord                           0x08000253   Thumb Code     0  cortexm3_macro.o(.text)
    __REV_Word                               0x08000257   Thumb Code     0  cortexm3_macro.o(.text)
    NMIException                             0x0800025d   Thumb Code     2  stm32f10x_it.o(.text)
    HardFaultException                       0x0800025f   Thumb Code     2  stm32f10x_it.o(.text)
    MemManageException                       0x08000261   Thumb Code     2  stm32f10x_it.o(.text)
    BusFaultException                        0x08000263   Thumb Code     2  stm32f10x_it.o(.text)
    UsageFaultException                      0x08000265   Thumb Code     2  stm32f10x_it.o(.text)
    DebugMonitor                             0x08000267   Thumb Code     2  stm32f10x_it.o(.text)
    SVCHandler                               0x08000269   Thumb Code     2  stm32f10x_it.o(.text)
    PendSVC                                  0x0800026b   Thumb Code     2  stm32f10x_it.o(.text)
    SysTickHandler                           0x0800026d   Thumb Code     2  stm32f10x_it.o(.text)
    WWDG_IRQHandler                          0x0800026f   Thumb Code     2  stm32f10x_it.o(.text)
    PVD_IRQHandler                           0x08000271   Thumb Code     2  stm32f10x_it.o(.text)
    TAMPER_IRQHandler                        0x08000273   Thumb Code     2  stm32f10x_it.o(.text)
    RTC_IRQHandler                           0x08000275   Thumb Code     2  stm32f10x_it.o(.text)
    FLASH_IRQHandler                         0x08000277   Thumb Code     2  stm32f10x_it.o(.text)
    RCC_IRQHandler                           0x08000279   Thumb Code     2  stm32f10x_it.o(.text)
    EXTI0_IRQHandler                         0x0800027b   Thumb Code     2  stm32f10x_it.o(.text)
    EXTI1_IRQHandler                         0x0800027d   Thumb Code     2  stm32f10x_it.o(.text)
    EXTI2_IRQHandler                         0x0800027f   Thumb Code     2  stm32f10x_it.o(.text)
    EXTI3_IRQHandler                         0x08000281   Thumb Code    26  stm32f10x_it.o(.text)
    EXTI4_IRQHandler                         0x0800029b   Thumb Code     2  stm32f10x_it.o(.text)
    DMA1_Channel1_IRQHandler                 0x0800029d   Thumb Code     2  stm32f10x_it.o(.text)
    DMA1_Channel2_IRQHandler                 0x0800029f   Thumb Code     2  stm32f10x_it.o(.text)
    DMA1_Channel3_IRQHandler                 0x080002a1   Thumb Code     2  stm32f10x_it.o(.text)
    DMA1_Channel4_IRQHandler                 0x080002a3   Thumb Code     2  stm32f10x_it.o(.text)
    DMA1_Channel5_IRQHandler                 0x080002a5   Thumb Code     2  stm32f10x_it.o(.text)
    DMA1_Channel6_IRQHandler                 0x080002a7   Thumb Code     2  stm32f10x_it.o(.text)
    DMA1_Channel7_IRQHandler                 0x080002a9   Thumb Code     2  stm32f10x_it.o(.text)
    ADC1_2_IRQHandler                        0x080002ab   Thumb Code     2  stm32f10x_it.o(.text)
    USB_HP_CAN_TX_IRQHandler                 0x080002ad   Thumb Code     2  stm32f10x_it.o(.text)
    USB_LP_CAN_RX0_IRQHandler                0x080002af   Thumb Code     2  stm32f10x_it.o(.text)
    CAN_RX1_IRQHandler                       0x080002b1   Thumb Code     2  stm32f10x_it.o(.text)
    CAN_SCE_IRQHandler                       0x080002b3   Thumb Code     2  stm32f10x_it.o(.text)
    EXTI9_5_IRQHandler                       0x080002b5   Thumb Code    26  stm32f10x_it.o(.text)
    TIM1_BRK_IRQHandler                      0x080002cf   Thumb Code     2  stm32f10x_it.o(.text)
    TIM1_UP_IRQHandler                       0x080002d1   Thumb Code     2  stm32f10x_it.o(.text)
    TIM1_TRG_COM_IRQHandler                  0x080002d3   Thumb Code     2  stm32f10x_it.o(.text)
    TIM1_CC_IRQHandler                       0x080002d5   Thumb Code     2  stm32f10x_it.o(.text)
    TIM2_IRQHandler                          0x080002d7   Thumb Code    26  stm32f10x_it.o(.text)
    TIM3_IRQHandler                          0x080002f1   Thumb Code     2  stm32f10x_it.o(.text)
    TIM4_IRQHandler                          0x080002f3   Thumb Code     2  stm32f10x_it.o(.text)
    I2C1_EV_IRQHandler                       0x080002f5   Thumb Code     2  stm32f10x_it.o(.text)
    I2C1_ER_IRQHandler                       0x080002f7   Thumb Code     2  stm32f10x_it.o(.text)
    I2C2_EV_IRQHandler                       0x080002f9   Thumb Code     2  stm32f10x_it.o(.text)
    I2C2_ER_IRQHandler                       0x080002fb   Thumb Code     2  stm32f10x_it.o(.text)
    SPI1_IRQHandler                          0x080002fd   Thumb Code     2  stm32f10x_it.o(.text)
    SPI2_IRQHandler                          0x080002ff   Thumb Code     2  stm32f10x_it.o(.text)
    USART1_IRQHandler                        0x08000301   Thumb Code    60  stm32f10x_it.o(.text)
    USART2_IRQHandler                        0x0800033d   Thumb Code    60  stm32f10x_it.o(.text)
    USART3_IRQHandler                        0x08000379   Thumb Code    48  stm32f10x_it.o(.text)
    EXTI15_10_IRQHandler                     0x080003a9   Thumb Code    26  stm32f10x_it.o(.text)
    RTCAlarm_IRQHandler                      0x080003c3   Thumb Code     2  stm32f10x_it.o(.text)
    USBWakeUp_IRQHandler                     0x080003c5   Thumb Code     2  stm32f10x_it.o(.text)
    TIM8_BRK_IRQHandler                      0x080003c7   Thumb Code     2  stm32f10x_it.o(.text)
    TIM8_UP_IRQHandler                       0x080003c9   Thumb Code     2  stm32f10x_it.o(.text)
    TIM8_TRG_COM_IRQHandler                  0x080003cb   Thumb Code     2  stm32f10x_it.o(.text)
    TIM8_CC_IRQHandler                       0x080003cd   Thumb Code     2  stm32f10x_it.o(.text)
    ADC3_IRQHandler                          0x080003cf   Thumb Code     2  stm32f10x_it.o(.text)
    FSMC_IRQHandler                          0x080003d1   Thumb Code     2  stm32f10x_it.o(.text)
    SDIO_IRQHandler                          0x080003d3   Thumb Code    26  stm32f10x_it.o(.text)
    TIM5_IRQHandler                          0x080003ed   Thumb Code     2  stm32f10x_it.o(.text)
    SPI3_IRQHandler                          0x080003ef   Thumb Code     2  stm32f10x_it.o(.text)
    UART4_IRQHandler                         0x080003f1   Thumb Code     2  stm32f10x_it.o(.text)
    UART5_IRQHandler                         0x080003f3   Thumb Code     2  stm32f10x_it.o(.text)
    TIM6_IRQHandler                          0x080003f5   Thumb Code     2  stm32f10x_it.o(.text)
    TIM7_IRQHandler                          0x080003f7   Thumb Code     2  stm32f10x_it.o(.text)
    DMA2_Channel1_IRQHandler                 0x080003f9   Thumb Code     2  stm32f10x_it.o(.text)
    DMA2_Channel2_IRQHandler                 0x080003fb   Thumb Code     2  stm32f10x_it.o(.text)
    DMA2_Channel3_IRQHandler                 0x080003fd   Thumb Code     2  stm32f10x_it.o(.text)
    DMA2_Channel4_5_IRQHandler               0x080003ff   Thumb Code     2  stm32f10x_it.o(.text)
    Reset_Handler                            0x08000411   Thumb Code     4  stm32f10x_vector.o(.text)
    __user_initial_stackheap                 0x08000415   Thumb Code     0  stm32f10x_vector.o(.text)
    OS_CPU_SR_Save                           0x08000435   Thumb Code     0  os_cpu_a.o(.text)
    OS_CPU_SR_Restore                        0x0800043d   Thumb Code     0  os_cpu_a.o(.text)
    OSStartHighRdy                           0x08000443   Thumb Code     0  os_cpu_a.o(.text)
    OSCtxSw                                  0x08000463   Thumb Code     0  os_cpu_a.o(.text)
    OSIntCtxSw                               0x0800046d   Thumb Code     0  os_cpu_a.o(.text)
    OSPendSV                                 0x08000477   Thumb Code     0  os_cpu_a.o(.text)
    OSInitHookBegin                          0x080004dd   Thumb Code     8  os_cpu_c.o(.text)
    OSInitHookEnd                            0x080004e5   Thumb Code     2  os_cpu_c.o(.text)
    OSTaskCreateHook                         0x080004e7   Thumb Code     4  os_cpu_c.o(.text)
    OSTaskDelHook                            0x080004eb   Thumb Code     4  os_cpu_c.o(.text)
    OSTaskIdleHook                           0x080004ef   Thumb Code     4  os_cpu_c.o(.text)
    OSTaskStatHook                           0x080004f3   Thumb Code     4  os_cpu_c.o(.text)
    OSTaskEndSelf                            0x080004f7   Thumb Code    66  os_cpu_c.o(.text)
    OSTaskStkInit                            0x08000539   Thumb Code   114  os_cpu_c.o(.text)
    OSTaskSwHook                             0x080005ab   Thumb Code     4  os_cpu_c.o(.text)
    OSTCBInitHook                            0x080005af   Thumb Code     4  os_cpu_c.o(.text)
    OSTimeTickHook                           0x080005b3   Thumb Code    34  os_cpu_c.o(.text)
    OS_CPU_SysTickHandler                    0x080005d5   Thumb Code    30  os_cpu_c.o(.text)
    OS_CPU_ClkFreq                           0x080005f3   Thumb Code    78  os_cpu_c.o(.text)
    OS_CPU_SysTickInit                       0x08000641   Thumb Code    40  os_cpu_c.o(.text)
    OSDebugInit                              0x080006b5   Thumb Code     2  os_dbg.o(.text)
    OS_StrCopy                               0x080006b9   Thumb Code    28  ucos_ii.o(.text)
    OSEventNameGet                           0x080006d5   Thumb Code    96  ucos_ii.o(.text)
    OS_StrLen                                0x08000735   Thumb Code    20  ucos_ii.o(.text)
    OSEventNameSet                           0x08000749   Thumb Code   104  ucos_ii.o(.text)
    OS_EventTaskRemoveMulti                  0x080007b1   Thumb Code    42  ucos_ii.o(.text)
    OS_Sched                                 0x080007db   Thumb Code    64  ucos_ii.o(.text)
    OS_EventTaskWaitMulti                    0x0800081b   Thumb Code    92  ucos_ii.o(.text)
    OSEventPendMulti                         0x08000877   Thumb Code   472  ucos_ii.o(.text)
    OSTaskNameSet                            0x08000a4f   Thumb Code   126  ucos_ii.o(.text)
    OS_EventTaskRemove                       0x08000acd   Thumb Code    44  ucos_ii.o(.text)
    OS_EventTaskRdy                          0x08000af9   Thumb Code   110  ucos_ii.o(.text)
    OSSemPost                                0x08000b67   Thumb Code    88  ucos_ii.o(.text)
    OS_EventTaskWait                         0x08000c37   Thumb Code    80  ucos_ii.o(.text)
    OSSemPend                                0x08000c87   Thumb Code   184  ucos_ii.o(.text)
    OS_TCBInit                               0x08000da5   Thumb Code   234  ucos_ii.o(.text)
    OS_TaskStkClr                            0x08000e8f   Thumb Code    22  ucos_ii.o(.text)
    OSTaskCreateExt                          0x08000ea5   Thumb Code   166  ucos_ii.o(.text)
    OS_EventWaitListInit                     0x08000f4b   Thumb Code    22  ucos_ii.o(.text)
    OSSemCreate                              0x08000f61   Thumb Code    58  ucos_ii.o(.text)
    OS_MemClr                                0x08000f9b   Thumb Code    18  ucos_ii.o(.text)
    OSTmr_Init                               0x08000fad   Thumb Code   176  ucos_ii.o(.text)
    OSTimeDly                                0x0800105d   Thumb Code    72  ucos_ii.o(.text)
    OSTaskStkChk                             0x080010a5   Thumb Code   116  ucos_ii.o(.text)
    OS_TaskStatStkChk                        0x08001119   Thumb Code    50  ucos_ii.o(.text)
    OSTaskSuspend                            0x0800114b   Thumb Code   144  ucos_ii.o(.text)
    OS_TaskStat                              0x080011db   Thumb Code    84  ucos_ii.o(.text)
    OS_TaskIdle                              0x0800122f   Thumb Code    24  ucos_ii.o(.text)
    OS_QInit                                 0x08001247   Thumb Code    46  ucos_ii.o(.text)
    OS_MemInit                               0x08001275   Thumb Code    60  ucos_ii.o(.text)
    OSInit                                   0x080012b1   Thumb Code   376  ucos_ii.o(.text)
    OSIntEnter                               0x08001429   Thumb Code    20  ucos_ii.o(.text)
    OSIntExit                                0x0800143d   Thumb Code    82  ucos_ii.o(.text)
    OSSchedLock                              0x0800148f   Thumb Code    38  ucos_ii.o(.text)
    OSSchedUnlock                            0x080014b5   Thumb Code    54  ucos_ii.o(.text)
    OSStart                                  0x080014eb   Thumb Code    38  ucos_ii.o(.text)
    OSStatInit                               0x08001511   Thumb Code    48  ucos_ii.o(.text)
    OSTimeTick                               0x08001541   Thumb Code   168  ucos_ii.o(.text)
    OSVersion                                0x080015e9   Thumb Code     6  ucos_ii.o(.text)
    OS_Dummy                                 0x080015ef   Thumb Code     2  ucos_ii.o(.text)
    OS_MemCopy                               0x080015f1   Thumb Code    20  ucos_ii.o(.text)
    OSMboxAccept                             0x08001605   Thumb Code    34  ucos_ii.o(.text)
    OSMboxCreate                             0x08001627   Thumb Code    58  ucos_ii.o(.text)
    OSMboxDel                                0x08001661   Thumb Code   212  ucos_ii.o(.text)
    OSMboxPend                               0x08001735   Thumb Code   258  ucos_ii.o(.text)
    OSMboxPendAbort                          0x08001837   Thumb Code   116  ucos_ii.o(.text)
    OSMboxPost                               0x080018ab   Thumb Code    88  ucos_ii.o(.text)
    OSMboxPostOpt                            0x08001903   Thumb Code   120  ucos_ii.o(.text)
    OSMboxQuery                              0x0800197b   Thumb Code    74  ucos_ii.o(.text)
    OSMemCreate                              0x080019c5   Thumb Code   116  ucos_ii.o(.text)
    OSMemGet                                 0x08001a39   Thumb Code    58  ucos_ii.o(.text)
    OSMemNameGet                             0x08001a73   Thumb Code    72  ucos_ii.o(.text)
    OSMemNameSet                             0x08001abb   Thumb Code    82  ucos_ii.o(.text)
    OSMemPut                                 0x08001b0d   Thumb Code    58  ucos_ii.o(.text)
    OSMemQuery                               0x08001b47   Thumb Code    58  ucos_ii.o(.text)
    OSMutexAccept                            0x08001b81   Thumb Code   114  ucos_ii.o(.text)
    OSMutexCreate                            0x08001bf3   Thumb Code   134  ucos_ii.o(.text)
    OSMutexDel                               0x08001cd7   Thumb Code   266  ucos_ii.o(.text)
    OSMutexPend                              0x08001de1   Thumb Code   442  ucos_ii.o(.text)
    OSMutexPost                              0x08001f9b   Thumb Code   164  ucos_ii.o(.text)
    OSMutexQuery                             0x0800203f   Thumb Code    98  ucos_ii.o(.text)
    OSQAccept                                0x080020a1   Thumb Code    84  ucos_ii.o(.text)
    OSQCreate                                0x080020f5   Thumb Code   112  ucos_ii.o(.text)
    OSQDel                                   0x08002165   Thumb Code   244  ucos_ii.o(.text)
    OSQFlush                                 0x08002259   Thumb Code    44  ucos_ii.o(.text)
    OSQPend                                  0x08002285   Thumb Code   218  ucos_ii.o(.text)
    OSQPendAbort                             0x0800235f   Thumb Code   116  ucos_ii.o(.text)
    OSQPost                                  0x080023d3   Thumb Code   112  ucos_ii.o(.text)
    OSQPostFront                             0x08002443   Thumb Code   110  ucos_ii.o(.text)
    OSQPostOpt                               0x080024b1   Thumb Code   168  ucos_ii.o(.text)
    OSQQuery                                 0x08002559   Thumb Code    90  ucos_ii.o(.text)
    OSSemAccept                              0x080025b3   Thumb Code    36  ucos_ii.o(.text)
    OSSemDel                                 0x080025d7   Thumb Code   216  ucos_ii.o(.text)
    OSSemPendAbort                           0x080026af   Thumb Code   116  ucos_ii.o(.text)
    OSSemQuery                               0x08002723   Thumb Code    74  ucos_ii.o(.text)
    OSSemSet                                 0x0800276d   Thumb Code    60  ucos_ii.o(.text)
    OSTaskChangePrio                         0x080027a9   Thumb Code   328  ucos_ii.o(.text)
    OSTaskCreate                             0x080028f1   Thumb Code   130  ucos_ii.o(.text)
    OSTaskDel                                0x08002973   Thumb Code   262  ucos_ii.o(.text)
    OSTaskDelReq                             0x08002a79   Thumb Code    90  ucos_ii.o(.text)
    OSTaskNameGet                            0x08002ad3   Thumb Code   112  ucos_ii.o(.text)
    OSTaskResume                             0x08002b43   Thumb Code   142  ucos_ii.o(.text)
    OSTaskQuery                              0x08002bd1   Thumb Code    92  ucos_ii.o(.text)
    OSTimeDlyHMSM                            0x08002c2d   Thumb Code   128  ucos_ii.o(.text)
    OSTimeDlyResume                          0x08002cad   Thumb Code   140  ucos_ii.o(.text)
    OSTimeGet                                0x08002d39   Thumb Code    18  ucos_ii.o(.text)
    OSTimeSet                                0x08002d4b   Thumb Code    20  ucos_ii.o(.text)
    OSTmrCreate                              0x08002d5f   Thumb Code   198  ucos_ii.o(.text)
    OSTmrDel                                 0x08002e59   Thumb Code   102  ucos_ii.o(.text)
    OSTmrNameGet                             0x08002ebf   Thumb Code   110  ucos_ii.o(.text)
    OSTmrRemainGet                           0x08002f2d   Thumb Code   130  ucos_ii.o(.text)
    OSTmrStateGet                            0x08002faf   Thumb Code    88  ucos_ii.o(.text)
    OSTmrStart                               0x08003007   Thumb Code   104  ucos_ii.o(.text)
    OSTmrStop                                0x0800306f   Thumb Code   150  ucos_ii.o(.text)
    OSTmrSignal                              0x08003105   Thumb Code     8  ucos_ii.o(.text)
    FLASH_SetLatency                         0x08003145   Thumb Code    18  stm32f10x_flash.o(.text)
    FLASH_HalfCycleAccessCmd                 0x08003157   Thumb Code    18  stm32f10x_flash.o(.text)
    FLASH_PrefetchBufferCmd                  0x08003169   Thumb Code    18  stm32f10x_flash.o(.text)
    FLASH_Unlock                             0x0800317b   Thumb Code    12  stm32f10x_flash.o(.text)
    FLASH_Lock                               0x08003187   Thumb Code    12  stm32f10x_flash.o(.text)
    FLASH_GetStatus                          0x08003193   Thumb Code    34  stm32f10x_flash.o(.text)
    FLASH_WaitForLastOperation               0x080031b5   Thumb Code    40  stm32f10x_flash.o(.text)
    FLASH_ErasePage                          0x080031dd   Thumb Code    60  stm32f10x_flash.o(.text)
    FLASH_EraseAllPages                      0x08003219   Thumb Code    56  stm32f10x_flash.o(.text)
    FLASH_EraseOptionBytes                   0x08003251   Thumb Code   100  stm32f10x_flash.o(.text)
    FLASH_ProgramWord                        0x080032b5   Thumb Code    64  stm32f10x_flash.o(.text)
    FLASH_ProgramHalfWord                    0x080032f5   Thumb Code    50  stm32f10x_flash.o(.text)
    FLASH_ProgramOptionByteData              0x08003327   Thumb Code    58  stm32f10x_flash.o(.text)
    FLASH_EnableWriteProtection              0x08003361   Thumb Code   150  stm32f10x_flash.o(.text)
    FLASH_ReadOutProtection                  0x080033f7   Thumb Code   120  stm32f10x_flash.o(.text)
    FLASH_UserOptionByteConfig               0x0800346f   Thumb Code    72  stm32f10x_flash.o(.text)
    FLASH_GetUserOptionByte                  0x080034b7   Thumb Code     8  stm32f10x_flash.o(.text)
    FLASH_GetWriteProtectionOptionByte       0x080034bf   Thumb Code     6  stm32f10x_flash.o(.text)
    FLASH_GetReadOutProtectionStatus         0x080034c5   Thumb Code    14  stm32f10x_flash.o(.text)
    FLASH_GetPrefetchBufferStatus            0x080034d3   Thumb Code    14  stm32f10x_flash.o(.text)
    FLASH_ITConfig                           0x080034e1   Thumb Code    18  stm32f10x_flash.o(.text)
    FLASH_GetFlagStatus                      0x080034f3   Thumb Code    28  stm32f10x_flash.o(.text)
    FLASH_ClearFlag                          0x0800350f   Thumb Code     6  stm32f10x_flash.o(.text)
    GPIO_DeInit                              0x0800352d   Thumb Code   152  stm32f10x_gpio.o(.text)
    GPIO_AFIODeInit                          0x080035c5   Thumb Code    22  stm32f10x_gpio.o(.text)
    GPIO_Init                                0x080035db   Thumb Code   156  stm32f10x_gpio.o(.text)
    GPIO_StructInit                          0x08003677   Thumb Code    16  stm32f10x_gpio.o(.text)
    GPIO_ReadInputDataBit                    0x08003687   Thumb Code    14  stm32f10x_gpio.o(.text)
    GPIO_ReadInputData                       0x08003695   Thumb Code     6  stm32f10x_gpio.o(.text)
    GPIO_ReadOutputDataBit                   0x0800369b   Thumb Code    14  stm32f10x_gpio.o(.text)
    GPIO_ReadOutputData                      0x080036a9   Thumb Code     6  stm32f10x_gpio.o(.text)
    GPIO_SetBits                             0x080036af   Thumb Code     4  stm32f10x_gpio.o(.text)
    GPIO_ResetBits                           0x080036b3   Thumb Code     4  stm32f10x_gpio.o(.text)
    GPIO_WriteBit                            0x080036b7   Thumb Code    10  stm32f10x_gpio.o(.text)
    GPIO_Write                               0x080036c1   Thumb Code     4  stm32f10x_gpio.o(.text)
    GPIO_PinLockConfig                       0x080036c5   Thumb Code    16  stm32f10x_gpio.o(.text)
    GPIO_EventOutputConfig                   0x080036d5   Thumb Code    22  stm32f10x_gpio.o(.text)
    GPIO_EventOutputCmd                      0x080036eb   Thumb Code     6  stm32f10x_gpio.o(.text)
    GPIO_PinRemapConfig                      0x080036f1   Thumb Code    66  stm32f10x_gpio.o(.text)
    GPIO_EXTILineConfig                      0x08003733   Thumb Code    34  stm32f10x_gpio.o(.text)
    NVIC_DeInit                              0x08003765   Thumb Code    44  stm32f10x_nvic.o(.text)
    NVIC_SCBDeInit                           0x08003791   Thumb Code    58  stm32f10x_nvic.o(.text)
    NVIC_PriorityGroupConfig                 0x080037cb   Thumb Code    10  stm32f10x_nvic.o(.text)
    NVIC_Init                                0x080037d5   Thumb Code   116  stm32f10x_nvic.o(.text)
    NVIC_StructInit                          0x08003849   Thumb Code    12  stm32f10x_nvic.o(.text)
    NVIC_SETPRIMASK                          0x08003855   Thumb Code     4  stm32f10x_nvic.o(.text)
    NVIC_RESETPRIMASK                        0x08003859   Thumb Code     4  stm32f10x_nvic.o(.text)
    NVIC_SETFAULTMASK                        0x0800385d   Thumb Code     4  stm32f10x_nvic.o(.text)
    NVIC_RESETFAULTMASK                      0x08003861   Thumb Code     4  stm32f10x_nvic.o(.text)
    NVIC_BASEPRICONFIG                       0x08003865   Thumb Code     6  stm32f10x_nvic.o(.text)
    NVIC_GetBASEPRI                          0x0800386b   Thumb Code     4  stm32f10x_nvic.o(.text)
    NVIC_GetCurrentPendingIRQChannel         0x0800386f   Thumb Code    10  stm32f10x_nvic.o(.text)
    NVIC_GetIRQChannelPendingBitStatus       0x08003879   Thumb Code    34  stm32f10x_nvic.o(.text)
    NVIC_SetIRQChannelPendingBit             0x0800389b   Thumb Code     6  stm32f10x_nvic.o(.text)
    NVIC_ClearIRQChannelPendingBit           0x080038a1   Thumb Code    24  stm32f10x_nvic.o(.text)
    NVIC_GetCurrentActiveHandler             0x080038b9   Thumb Code    10  stm32f10x_nvic.o(.text)
    NVIC_GetIRQChannelActiveBitStatus        0x080038c3   Thumb Code    34  stm32f10x_nvic.o(.text)
    NVIC_GetCPUID                            0x080038e5   Thumb Code     6  stm32f10x_nvic.o(.text)
    NVIC_SetVectorTable                      0x080038eb   Thumb Code    12  stm32f10x_nvic.o(.text)
    NVIC_GenerateSystemReset                 0x080038f7   Thumb Code    10  stm32f10x_nvic.o(.text)
    NVIC_GenerateCoreReset                   0x08003901   Thumb Code    10  stm32f10x_nvic.o(.text)
    NVIC_SystemLPConfig                      0x0800390b   Thumb Code    24  stm32f10x_nvic.o(.text)
    NVIC_SystemHandlerConfig                 0x08003923   Thumb Code    32  stm32f10x_nvic.o(.text)
    NVIC_SystemHandlerPriorityConfig         0x08003943   Thumb Code    80  stm32f10x_nvic.o(.text)
    NVIC_GetSystemHandlerPendingBitStatus    0x08003993   Thumb Code    28  stm32f10x_nvic.o(.text)
    NVIC_SetSystemHandlerPendingBit          0x080039af   Thumb Code    24  stm32f10x_nvic.o(.text)
    NVIC_ClearSystemHandlerPendingBit        0x080039c7   Thumb Code    28  stm32f10x_nvic.o(.text)
    NVIC_GetSystemHandlerActiveBitStatus     0x080039e3   Thumb Code    28  stm32f10x_nvic.o(.text)
    NVIC_GetFaultHandlerSources              0x080039ff   Thumb Code    52  stm32f10x_nvic.o(.text)
    NVIC_GetFaultAddress                     0x08003a33   Thumb Code    22  stm32f10x_nvic.o(.text)
    RCC_DeInit                               0x08003a69   Thumb Code    48  stm32f10x_rcc.o(.text)
    RCC_HSEConfig                            0x08003a99   Thumb Code    48  stm32f10x_rcc.o(.text)
    RCC_GetFlagStatus                        0x08003ac9   Thumb Code    42  stm32f10x_rcc.o(.text)
    RCC_WaitForHSEStartUp                    0x08003af3   Thumb Code    36  stm32f10x_rcc.o(.text)
    RCC_AdjustHSICalibrationValue            0x08003b17   Thumb Code    16  stm32f10x_rcc.o(.text)
    RCC_HSICmd                               0x08003b27   Thumb Code     6  stm32f10x_rcc.o(.text)
    RCC_PLLConfig                            0x08003b2d   Thumb Code    16  stm32f10x_rcc.o(.text)
    RCC_PLLCmd                               0x08003b3d   Thumb Code     6  stm32f10x_rcc.o(.text)
    RCC_SYSCLKConfig                         0x08003b43   Thumb Code    14  stm32f10x_rcc.o(.text)
    RCC_GetSYSCLKSource                      0x08003b51   Thumb Code    10  stm32f10x_rcc.o(.text)
    RCC_HCLKConfig                           0x08003b5b   Thumb Code    14  stm32f10x_rcc.o(.text)
    RCC_PCLK1Config                          0x08003b69   Thumb Code    14  stm32f10x_rcc.o(.text)
    RCC_PCLK2Config                          0x08003b77   Thumb Code    16  stm32f10x_rcc.o(.text)
    RCC_ITConfig                             0x08003b87   Thumb Code    18  stm32f10x_rcc.o(.text)
    RCC_USBCLKConfig                         0x08003b99   Thumb Code     6  stm32f10x_rcc.o(.text)
    RCC_ADCCLKConfig                         0x08003b9f   Thumb Code    14  stm32f10x_rcc.o(.text)
    RCC_LSEConfig                            0x08003bad   Thumb Code    26  stm32f10x_rcc.o(.text)
    RCC_LSICmd                               0x08003bc7   Thumb Code     6  stm32f10x_rcc.o(.text)
    RCC_RTCCLKConfig                         0x08003bcd   Thumb Code    10  stm32f10x_rcc.o(.text)
    RCC_RTCCLKCmd                            0x08003bd7   Thumb Code     6  stm32f10x_rcc.o(.text)
    RCC_GetClocksFreq                        0x08003bdd   Thumb Code   132  stm32f10x_rcc.o(.text)
    RCC_AHBPeriphClockCmd                    0x08003c61   Thumb Code    18  stm32f10x_rcc.o(.text)
    RCC_APB2PeriphClockCmd                   0x08003c73   Thumb Code    18  stm32f10x_rcc.o(.text)
    RCC_APB1PeriphClockCmd                   0x08003c85   Thumb Code    18  stm32f10x_rcc.o(.text)
    RCC_APB2PeriphResetCmd                   0x08003c97   Thumb Code    18  stm32f10x_rcc.o(.text)
    RCC_APB1PeriphResetCmd                   0x08003ca9   Thumb Code    18  stm32f10x_rcc.o(.text)
    RCC_BackupResetCmd                       0x08003cbb   Thumb Code     6  stm32f10x_rcc.o(.text)
    RCC_ClockSecuritySystemCmd               0x08003cc1   Thumb Code     6  stm32f10x_rcc.o(.text)
    RCC_MCOConfig                            0x08003cc7   Thumb Code     6  stm32f10x_rcc.o(.text)
    RCC_ClearFlag                            0x08003ccd   Thumb Code    12  stm32f10x_rcc.o(.text)
    RCC_GetITStatus                          0x08003cd9   Thumb Code    16  stm32f10x_rcc.o(.text)
    RCC_ClearITPendingBit                    0x08003ce9   Thumb Code     6  stm32f10x_rcc.o(.text)
    USART_DeInit                             0x08003d21   Thumb Code    98  stm32f10x_usart.o(.text)
    USART_Init                               0x08003d83   Thumb Code   134  stm32f10x_usart.o(.text)
    USART_StructInit                         0x08003e09   Thumb Code    22  stm32f10x_usart.o(.text)
    USART_ClockInit                          0x08003e1f   Thumb Code    30  stm32f10x_usart.o(.text)
    USART_ClockStructInit                    0x08003e3d   Thumb Code    12  stm32f10x_usart.o(.text)
    USART_Cmd                                0x08003e49   Thumb Code    20  stm32f10x_usart.o(.text)
    USART_ITConfig                           0x08003e5d   Thumb Code    48  stm32f10x_usart.o(.text)
    USART_DMACmd                             0x08003e8d   Thumb Code    16  stm32f10x_usart.o(.text)
    USART_SetAddress                         0x08003e9d   Thumb Code    16  stm32f10x_usart.o(.text)
    USART_WakeUpConfig                       0x08003ead   Thumb Code    16  stm32f10x_usart.o(.text)
    USART_ReceiverWakeUpCmd                  0x08003ebd   Thumb Code    20  stm32f10x_usart.o(.text)
    USART_LINBreakDetectLengthConfig         0x08003ed1   Thumb Code    16  stm32f10x_usart.o(.text)
    USART_LINCmd                             0x08003ee1   Thumb Code    20  stm32f10x_usart.o(.text)
    USART_SendData                           0x08003ef5   Thumb Code     8  stm32f10x_usart.o(.text)
    USART_ReceiveData                        0x08003efd   Thumb Code     8  stm32f10x_usart.o(.text)
    USART_SendBreak                          0x08003f05   Thumb Code    10  stm32f10x_usart.o(.text)
    USART_SetGuardTime                       0x08003f0f   Thumb Code    16  stm32f10x_usart.o(.text)
    USART_SetPrescaler                       0x08003f1f   Thumb Code    16  stm32f10x_usart.o(.text)
    USART_SmartCardCmd                       0x08003f2f   Thumb Code    20  stm32f10x_usart.o(.text)
    USART_SmartCardNACKCmd                   0x08003f43   Thumb Code    20  stm32f10x_usart.o(.text)
    USART_HalfDuplexCmd                      0x08003f57   Thumb Code    20  stm32f10x_usart.o(.text)
    USART_IrDAConfig                         0x08003f6b   Thumb Code    16  stm32f10x_usart.o(.text)
    USART_IrDACmd                            0x08003f7b   Thumb Code    20  stm32f10x_usart.o(.text)
    USART_GetFlagStatus                      0x08003f8f   Thumb Code    14  stm32f10x_usart.o(.text)
    USART_ClearFlag                          0x08003f9d   Thumb Code     6  stm32f10x_usart.o(.text)
    USART_GetITStatus                        0x08003fa3   Thumb Code    62  stm32f10x_usart.o(.text)
    USART_ClearITPendingBit                  0x08003fe1   Thumb Code    12  stm32f10x_usart.o(.text)
    PWR_DeInit                               0x08003ff9   Thumb Code    24  stm32f10x_pwr.o(.text)
    PWR_BackupAccessCmd                      0x08004011   Thumb Code     6  stm32f10x_pwr.o(.text)
    PWR_PVDCmd                               0x08004017   Thumb Code     6  stm32f10x_pwr.o(.text)
    PWR_PVDLevelConfig                       0x0800401d   Thumb Code    14  stm32f10x_pwr.o(.text)
    PWR_WakeUpPinCmd                         0x0800402b   Thumb Code     6  stm32f10x_pwr.o(.text)
    PWR_EnterSTOPMode                        0x08004031   Thumb Code    34  stm32f10x_pwr.o(.text)
    PWR_EnterSTANDBYMode                     0x08004053   Thumb Code    32  stm32f10x_pwr.o(.text)
    PWR_GetFlagStatus                        0x08004073   Thumb Code    16  stm32f10x_pwr.o(.text)
    PWR_ClearFlag                            0x08004083   Thumb Code    12  stm32f10x_pwr.o(.text)
    TIM_DeInit                               0x080040a1   Thumb Code   170  stm32f10x_tim.o(.text)
    TIM_TimeBaseInit                         0x0800414b   Thumb Code    50  stm32f10x_tim.o(.text)
    TIM_OC1Init                              0x0800417d   Thumb Code    88  stm32f10x_tim.o(.text)
    TIM_OC2Init                              0x080041d5   Thumb Code   116  stm32f10x_tim.o(.text)
    TIM_OC3Init                              0x08004249   Thumb Code   112  stm32f10x_tim.o(.text)
    TIM_OC4Init                              0x080042b9   Thumb Code    86  stm32f10x_tim.o(.text)
    TIM_SetIC4Prescaler                      0x0800430f   Thumb Code    18  stm32f10x_tim.o(.text)
    TIM_SetIC3Prescaler                      0x08004321   Thumb Code    16  stm32f10x_tim.o(.text)
    TIM_SetIC2Prescaler                      0x08004331   Thumb Code    18  stm32f10x_tim.o(.text)
    TIM_SetIC1Prescaler                      0x0800436f   Thumb Code    16  stm32f10x_tim.o(.text)
    TIM_ICInit                               0x0800437f   Thumb Code   152  stm32f10x_tim.o(.text)
    TIM_PWMIConfig                           0x08004417   Thumb Code   104  stm32f10x_tim.o(.text)
    TIM_BDTRConfig                           0x0800447f   Thumb Code    50  stm32f10x_tim.o(.text)
    TIM_TimeBaseStructInit                   0x080044b1   Thumb Code    18  stm32f10x_tim.o(.text)
    TIM_OCStructInit                         0x080044c3   Thumb Code    20  stm32f10x_tim.o(.text)
    TIM_ICStructInit                         0x080044d7   Thumb Code    16  stm32f10x_tim.o(.text)
    TIM_BDTRStructInit                       0x080044e7   Thumb Code    18  stm32f10x_tim.o(.text)
    TIM_Cmd                                  0x080044f9   Thumb Code    22  stm32f10x_tim.o(.text)
    TIM_CtrlPWMOutputs                       0x0800450f   Thumb Code    22  stm32f10x_tim.o(.text)
    TIM_ITConfig                             0x08004525   Thumb Code    16  stm32f10x_tim.o(.text)
    TIM_GenerateEvent                        0x08004535   Thumb Code     4  stm32f10x_tim.o(.text)
    TIM_DMAConfig                            0x08004539   Thumb Code     8  stm32f10x_tim.o(.text)
    TIM_DMACmd                               0x08004541   Thumb Code    16  stm32f10x_tim.o(.text)
    TIM_InternalClockConfig                  0x08004551   Thumb Code    10  stm32f10x_tim.o(.text)
    TIM_SelectInputTrigger                   0x0800455b   Thumb Code    12  stm32f10x_tim.o(.text)
    TIM_ITRxExternalClockConfig              0x08004567   Thumb Code    20  stm32f10x_tim.o(.text)
    TIM_TIxExternalClockConfig               0x0800457b   Thumb Code    46  stm32f10x_tim.o(.text)
    TIM_ETRConfig                            0x080045a9   Thumb Code    18  stm32f10x_tim.o(.text)
    TIM_ETRClockMode1Config                  0x080045bb   Thumb Code    18  stm32f10x_tim.o(.text)
    TIM_ETRClockMode2Config                  0x080045cd   Thumb Code    18  stm32f10x_tim.o(.text)
    TIM_PrescalerConfig                      0x080045df   Thumb Code     6  stm32f10x_tim.o(.text)
    TIM_CounterModeConfig                    0x080045e5   Thumb Code    14  stm32f10x_tim.o(.text)
    TIM_EncoderInterfaceConfig               0x080045f3   Thumb Code    44  stm32f10x_tim.o(.text)
    TIM_ForcedOC1Config                      0x0800461f   Thumb Code    12  stm32f10x_tim.o(.text)
    TIM_ForcedOC2Config                      0x0800462b   Thumb Code    14  stm32f10x_tim.o(.text)
    TIM_ForcedOC3Config                      0x08004639   Thumb Code    12  stm32f10x_tim.o(.text)
    TIM_ForcedOC4Config                      0x08004645   Thumb Code    14  stm32f10x_tim.o(.text)
    TIM_ARRPreloadConfig                     0x08004653   Thumb Code    22  stm32f10x_tim.o(.text)
    TIM_SelectCOM                            0x08004669   Thumb Code    20  stm32f10x_tim.o(.text)
    TIM_SelectCCDMA                          0x0800467d   Thumb Code    20  stm32f10x_tim.o(.text)
    TIM_CCPreloadControl                     0x08004691   Thumb Code    20  stm32f10x_tim.o(.text)
    TIM_OC1PreloadConfig                     0x080046a5   Thumb Code    12  stm32f10x_tim.o(.text)
    TIM_OC2PreloadConfig                     0x080046b1   Thumb Code    14  stm32f10x_tim.o(.text)
    TIM_OC3PreloadConfig                     0x080046bf   Thumb Code    12  stm32f10x_tim.o(.text)
    TIM_OC4PreloadConfig                     0x080046cb   Thumb Code    14  stm32f10x_tim.o(.text)
    TIM_OC1FastConfig                        0x080046d9   Thumb Code    12  stm32f10x_tim.o(.text)
    TIM_OC2FastConfig                        0x080046e5   Thumb Code    14  stm32f10x_tim.o(.text)
    TIM_OC3FastConfig                        0x080046f3   Thumb Code    12  stm32f10x_tim.o(.text)
    TIM_OC4FastConfig                        0x080046ff   Thumb Code    14  stm32f10x_tim.o(.text)
    TIM_ClearOC1Ref                          0x0800470d   Thumb Code    12  stm32f10x_tim.o(.text)
    TIM_ClearOC2Ref                          0x08004719   Thumb Code    14  stm32f10x_tim.o(.text)
    TIM_ClearOC3Ref                          0x08004727   Thumb Code    12  stm32f10x_tim.o(.text)
    TIM_ClearOC4Ref                          0x08004733   Thumb Code    14  stm32f10x_tim.o(.text)
    TIM_OC1PolarityConfig                    0x08004741   Thumb Code    12  stm32f10x_tim.o(.text)
    TIM_OC1NPolarityConfig                   0x0800474d   Thumb Code    12  stm32f10x_tim.o(.text)
    TIM_OC2PolarityConfig                    0x08004759   Thumb Code    14  stm32f10x_tim.o(.text)
    TIM_OC2NPolarityConfig                   0x08004767   Thumb Code    14  stm32f10x_tim.o(.text)
    TIM_OC3PolarityConfig                    0x08004775   Thumb Code    14  stm32f10x_tim.o(.text)
    TIM_OC3NPolarityConfig                   0x08004783   Thumb Code    14  stm32f10x_tim.o(.text)
    TIM_OC4PolarityConfig                    0x08004791   Thumb Code    14  stm32f10x_tim.o(.text)
    TIM_CCxCmd                               0x0800479f   Thumb Code    22  stm32f10x_tim.o(.text)
    TIM_CCxNCmd                              0x080047b5   Thumb Code    22  stm32f10x_tim.o(.text)
    TIM_SelectOCxM                           0x080047cb   Thumb Code    66  stm32f10x_tim.o(.text)
    TIM_UpdateDisableConfig                  0x0800480d   Thumb Code    22  stm32f10x_tim.o(.text)
    TIM_UpdateRequestConfig                  0x08004823   Thumb Code    22  stm32f10x_tim.o(.text)
    TIM_SelectHallSensor                     0x08004839   Thumb Code    20  stm32f10x_tim.o(.text)
    TIM_SelectOnePulseMode                   0x0800484d   Thumb Code    18  stm32f10x_tim.o(.text)
    TIM_SelectOutputTrigger                  0x0800485f   Thumb Code    16  stm32f10x_tim.o(.text)
    TIM_SelectSlaveMode                      0x0800486f   Thumb Code    16  stm32f10x_tim.o(.text)
    TIM_SelectMasterSlaveMode                0x0800487f   Thumb Code    16  stm32f10x_tim.o(.text)
    TIM_SetCounter                           0x0800488f   Thumb Code     4  stm32f10x_tim.o(.text)
    TIM_SetAutoreload                        0x08004893   Thumb Code     4  stm32f10x_tim.o(.text)
    TIM_SetCompare1                          0x08004897   Thumb Code     4  stm32f10x_tim.o(.text)
    TIM_SetCompare2                          0x0800489b   Thumb Code     4  stm32f10x_tim.o(.text)
    TIM_SetCompare3                          0x0800489f   Thumb Code     4  stm32f10x_tim.o(.text)
    TIM_SetCompare4                          0x080048a3   Thumb Code     6  stm32f10x_tim.o(.text)
    TIM_SetClockDivision                     0x080048a9   Thumb Code    14  stm32f10x_tim.o(.text)
    TIM_GetCapture1                          0x080048b7   Thumb Code     4  stm32f10x_tim.o(.text)
    TIM_GetCapture2                          0x080048bb   Thumb Code     4  stm32f10x_tim.o(.text)
    TIM_GetCapture3                          0x080048bf   Thumb Code     4  stm32f10x_tim.o(.text)
    TIM_GetCapture4                          0x080048c3   Thumb Code     6  stm32f10x_tim.o(.text)
    TIM_GetCounter                           0x080048c9   Thumb Code     4  stm32f10x_tim.o(.text)
    TIM_GetPrescaler                         0x080048cd   Thumb Code     4  stm32f10x_tim.o(.text)
    TIM_GetFlagStatus                        0x080048d1   Thumb Code    14  stm32f10x_tim.o(.text)
    TIM_ClearFlag                            0x080048df   Thumb Code     6  stm32f10x_tim.o(.text)
    TIM_GetITStatus                          0x080048e5   Thumb Code    24  stm32f10x_tim.o(.text)
    TIM_ClearITPendingBit                    0x080048fd   Thumb Code     6  stm32f10x_tim.o(.text)
    ADC_DeInit                               0x0800492d   Thumb Code    56  stm32f10x_adc.o(.text)
    ADC_Init                                 0x08004965   Thumb Code    62  stm32f10x_adc.o(.text)
    ADC_StructInit                           0x080049a3   Thumb Code    18  stm32f10x_adc.o(.text)
    ADC_Cmd                                  0x080049b5   Thumb Code    20  stm32f10x_adc.o(.text)
    ADC_DMACmd                               0x080049c9   Thumb Code    20  stm32f10x_adc.o(.text)
    ADC_ITConfig                             0x080049dd   Thumb Code    18  stm32f10x_adc.o(.text)
    ADC_ResetCalibration                     0x080049ef   Thumb Code    10  stm32f10x_adc.o(.text)
    ADC_GetResetCalibrationStatus            0x080049f9   Thumb Code    14  stm32f10x_adc.o(.text)
    ADC_StartCalibration                     0x08004a07   Thumb Code    10  stm32f10x_adc.o(.text)
    ADC_GetCalibrationStatus                 0x08004a11   Thumb Code    14  stm32f10x_adc.o(.text)
    ADC_SoftwareStartConvCmd                 0x08004a1f   Thumb Code    20  stm32f10x_adc.o(.text)
    ADC_GetSoftwareStartConvStatus           0x08004a33   Thumb Code    14  stm32f10x_adc.o(.text)
    ADC_DiscModeChannelCountConfig           0x08004a41   Thumb Code    16  stm32f10x_adc.o(.text)
    ADC_DiscModeCmd                          0x08004a51   Thumb Code    20  stm32f10x_adc.o(.text)
    ADC_RegularChannelConfig                 0x08004a65   Thumb Code   116  stm32f10x_adc.o(.text)
    ADC_ExternalTrigConvCmd                  0x08004ad9   Thumb Code    20  stm32f10x_adc.o(.text)
    ADC_GetConversionValue                   0x08004aed   Thumb Code     6  stm32f10x_adc.o(.text)
    ADC_GetDualModeConversionValue           0x08004af3   Thumb Code     6  stm32f10x_adc.o(.text)
    ADC_AutoInjectedConvCmd                  0x08004af9   Thumb Code    20  stm32f10x_adc.o(.text)
    ADC_InjectedDiscModeCmd                  0x08004b0d   Thumb Code    20  stm32f10x_adc.o(.text)
    ADC_ExternalTrigInjectedConvConfig       0x08004b21   Thumb Code    12  stm32f10x_adc.o(.text)
    ADC_ExternalTrigInjectedConvCmd          0x08004b2d   Thumb Code    20  stm32f10x_adc.o(.text)
    ADC_SoftwareStartInjectedConvCmd         0x08004b41   Thumb Code    20  stm32f10x_adc.o(.text)
    ADC_GetSoftwareStartInjectedConvCmdStatus 0x08004b55   Thumb Code    14  stm32f10x_adc.o(.text)
    ADC_InjectedChannelConfig                0x08004b63   Thumb Code    74  stm32f10x_adc.o(.text)
    ADC_InjectedSequencerLengthConfig        0x08004bad   Thumb Code    16  stm32f10x_adc.o(.text)
    ADC_SetInjectedOffset                    0x08004bbd   Thumb Code     4  stm32f10x_adc.o(.text)
    ADC_GetInjectedConversionValue           0x08004bc1   Thumb Code     8  stm32f10x_adc.o(.text)
    ADC_AnalogWatchdogCmd                    0x08004bc9   Thumb Code    12  stm32f10x_adc.o(.text)
    ADC_AnalogWatchdogThresholdsConfig       0x08004bd5   Thumb Code     6  stm32f10x_adc.o(.text)
    ADC_AnalogWatchdogSingleChannelConfig    0x08004bdb   Thumb Code    12  stm32f10x_adc.o(.text)
    ADC_TempSensorVrefintCmd                 0x08004be7   Thumb Code    26  stm32f10x_adc.o(.text)
    ADC_GetFlagStatus                        0x08004c01   Thumb Code    14  stm32f10x_adc.o(.text)
    ADC_ClearFlag                            0x08004c0f   Thumb Code     6  stm32f10x_adc.o(.text)
    ADC_GetITStatus                          0x08004c15   Thumb Code    28  stm32f10x_adc.o(.text)
    ADC_ClearITPendingBit                    0x08004c31   Thumb Code     8  stm32f10x_adc.o(.text)
    BKP_DeInit                               0x08004c51   Thumb Code    18  stm32f10x_bkp.o(.text)
    BKP_TamperPinLevelConfig                 0x08004c63   Thumb Code     6  stm32f10x_bkp.o(.text)
    BKP_TamperPinCmd                         0x08004c69   Thumb Code     6  stm32f10x_bkp.o(.text)
    BKP_ITConfig                             0x08004c6f   Thumb Code     6  stm32f10x_bkp.o(.text)
    BKP_RTCOutputConfig                      0x08004c75   Thumb Code    16  stm32f10x_bkp.o(.text)
    BKP_SetRTCCalibrationValue               0x08004c85   Thumb Code    16  stm32f10x_bkp.o(.text)
    BKP_WriteBackupRegister                  0x08004c95   Thumb Code    10  stm32f10x_bkp.o(.text)
    BKP_ReadBackupRegister                   0x08004c9f   Thumb Code    10  stm32f10x_bkp.o(.text)
    BKP_GetFlagStatus                        0x08004ca9   Thumb Code     8  stm32f10x_bkp.o(.text)
    BKP_ClearFlag                            0x08004cb1   Thumb Code    12  stm32f10x_bkp.o(.text)
    BKP_GetITStatus                          0x08004cbd   Thumb Code     8  stm32f10x_bkp.o(.text)
    BKP_ClearITPendingBit                    0x08004cc5   Thumb Code    12  stm32f10x_bkp.o(.text)
    RTC_ITConfig                             0x08004cf1   Thumb Code    22  stm32f10x_rtc.o(.text)
    RTC_EnterConfigMode                      0x08004d07   Thumb Code    12  stm32f10x_rtc.o(.text)
    RTC_ExitConfigMode                       0x08004d13   Thumb Code    12  stm32f10x_rtc.o(.text)
    RTC_GetCounter                           0x08004d1f   Thumb Code    12  stm32f10x_rtc.o(.text)
    RTC_SetCounter                           0x08004d2b   Thumb Code    22  stm32f10x_rtc.o(.text)
    RTC_SetPrescaler                         0x08004d41   Thumb Code    24  stm32f10x_rtc.o(.text)
    RTC_SetAlarm                             0x08004d59   Thumb Code    22  stm32f10x_rtc.o(.text)
    RTC_GetDivider                           0x08004d6f   Thumb Code    16  stm32f10x_rtc.o(.text)
    RTC_WaitForLastTask                      0x08004d7f   Thumb Code    12  stm32f10x_rtc.o(.text)
    RTC_WaitForSynchro                       0x08004d8b   Thumb Code    24  stm32f10x_rtc.o(.text)
    RTC_GetFlagStatus                        0x08004da3   Thumb Code    16  stm32f10x_rtc.o(.text)
    RTC_ClearFlag                            0x08004db3   Thumb Code    12  stm32f10x_rtc.o(.text)
    RTC_GetITStatus                          0x08004dbf   Thumb Code    26  stm32f10x_rtc.o(.text)
    RTC_ClearITPendingBit                    0x08004dd9   Thumb Code    12  stm32f10x_rtc.o(.text)
    led_init                                 0x08004e01   Thumb Code    40  led.o(.text)
    get_led_state                            0x08004e29   Thumb Code    40  led.o(.text)
    set_led_state                            0x08004e51   Thumb Code    56  led.o(.text)
    led_off                                  0x08004e89   Thumb Code    32  led.o(.text)
    led_on                                   0x08004ea9   Thumb Code    32  led.o(.text)
    adc_init                                 0x08004ed1   Thumb Code    26  adc.o(.text)
    adc_get_value                            0x08004eeb   Thumb Code    34  adc.o(.text)
    adc_dbg                                  0x08004f0d   Thumb Code    18  adc.o(.text)
    rtc_init                                 0x08005013   Thumb Code    66  rtc.o(.text)
    time                                     0x08005055   Thumb Code    16  rtc.o(.text)
    rtc_SetTime                              0x08005065   Thumb Code    30  rtc.o(.text)
    hwtm_nvic_config                         0x08005091   Thumb Code    34  tmr_drv.o(.text)
    hwtm_ctrl_config                         0x080050b3   Thumb Code    90  tmr_drv.o(.text)
    hwtm_init                                0x0800510d   Thumb Code    14  tmr_drv.o(.text)
    hwtm_start                               0x0800511b   Thumb Code    66  tmr_drv.o(.text)
    hwtm_pause                               0x0800515d   Thumb Code    26  tmr_drv.o(.text)
    hwtm_stop                                0x08005177   Thumb Code    26  tmr_drv.o(.text)
    hwtm_get_cnt                             0x08005191   Thumb Code     8  tmr_drv.o(.text)
    hwtm_set_isr2                            0x08005199   Thumb Code    10  tmr_drv.o(.text)
    hwtm_isr                                 0x080051a3   Thumb Code    32  tmr_drv.o(.text)
    NVIC_Configuration                       0x080051c9   Thumb Code    24  drv_init.o(.text)
    RCC_Configuration                        0x080051e1   Thumb Code   144  drv_init.o(.text)
    rfid_init                                0x08005271   Thumb Code     4  drv_init.o(.text)
    drv_all_init                             0x08005275   Thumb Code    32  drv_init.o(.text)
    gpio_init                                0x08005295   Thumb Code    50  gpio.o(.text)
    ZD1600_COMInit                           0x080052c9   Thumb Code   222  uart_drv.o(.text)
    uart_rx_itconf                           0x080053a7   Thumb Code    18  uart_drv.o(.text)
    uart_rx_bufset                           0x080053b9   Thumb Code    26  uart_drv.o(.text)
    uart1_rx_isr                             0x080053d3   Thumb Code    40  uart_drv.o(.text)
    uart1_tx_isr                             0x080053fb   Thumb Code    46  uart_drv.o(.text)
    uart2_rx_isr                             0x08005429   Thumb Code    26  uart_drv.o(.text)
    uart2_tx_isr                             0x08005443   Thumb Code    48  uart_drv.o(.text)
    uart1_senddata                           0x08005473   Thumb Code    56  uart_drv.o(.text)
    uart2_senddata                           0x080054ab   Thumb Code    58  uart_drv.o(.text)
    ferror                                   0x080054f9   Thumb Code     6  retarget.o(.text)
    _ttywrch                                 0x080054ff   Thumb Code     2  retarget.o(.text)
    _sys_exit                                0x08005501   Thumb Code     2  retarget.o(.text)
    fgetc                                    0x08005503   Thumb Code     4  retarget.o(.text)
    fputc                                    0x08005507   Thumb Code     4  retarget.o(.text)
    __backspace                              0x0800550b   Thumb Code    40  retarget.o(.text)
    Run_Task                                 0x08005539   Thumb Code    66  main.o(.text)
    main                                     0x0800557b   Thumb Code    28  main.o(.text)
    component_init                           0x0800559d   Thumb Code    14  com_init.o(.text)
    AllAppStart                              0x080055ad   Thumb Code    26  monitor.o(.text)
    App_TaskMonitor                          0x080055c7   Thumb Code    16  monitor.o(.text)
    App_led                                  0x080055dd   Thumb Code   158  app_led.o(.text)
    App_TaskCreateHook                       0x0800567d   Thumb Code     2  app_hook.o(.text)
    App_TaskDelHook                          0x0800567f   Thumb Code     4  app_hook.o(.text)
    App_TaskIdleHook                         0x08005683   Thumb Code     2  app_hook.o(.text)
    App_TaskStatHook                         0x08005685   Thumb Code     8  app_hook.o(.text)
    App_TaskSwHook                           0x0800568d   Thumb Code    28  app_hook.o(.text)
    App_TCBInitHook                          0x080056a9   Thumb Code     2  app_hook.o(.text)
    App_TimeTickHook                         0x080056ab   Thumb Code     2  app_hook.o(.text)
    __I$use$semihosting                      0x080056b9   Thumb Code     0  use_no_semi.o(.text)
    __use_no_semihosting_swi                 0x080056b9   Thumb Code     2  use_no_semi.o(.text)
    __rt_ctype_table                         0x080056bd   Thumb Code    16  rt_ctype_table.o(.text)
    __2printf                                0x080056cd   Thumb Code    24  noretval__2printf.o(.text)
    _printf_str                              0x080056ed   Thumb Code    82  _printf_str.o(.text)
    _printf_int_dec                          0x08005741   Thumb Code    98  _printf_dec.o(.text)
    __printf                                 0x080057b5   Thumb Code   412  __printf_flags_ss_wp.o(.text)
    abort                                    0x08005955   Thumb Code    16  abort.o(.text)
    mktime                                   0x0800599b   Thumb Code   352  mktime.o(.text)
    __use_two_region_memory                  0x08005b05   Thumb Code     2  heapauxi.o(.text)
    __rt_heap_escrow$2region                 0x08005b07   Thumb Code     2  heapauxi.o(.text)
    __rt_heap_expand$2region                 0x08005b09   Thumb Code     2  heapauxi.o(.text)
    __rt_locale                              0x08005b0d   Thumb Code    12  rt_locale_intlibspace.o(.text)
    _printf_int_common                       0x08005b19   Thumb Code   180  _printf_intcommon.o(.text)
    _printf_char_common                      0x08005bd7   Thumb Code    34  _printf_char_common.o(.text)
    _printf_cs_common                        0x08005bfd   Thumb Code    20  _printf_char.o(.text)
    _printf_char                             0x08005c11   Thumb Code    16  _printf_char.o(.text)
    _printf_string                           0x08005c21   Thumb Code     8  _printf_char.o(.text)
    __rt_SIGABRT                             0x08005c29   Thumb Code    14  defsig_abrt_outer.o(.text)
    __rt_udiv10                              0x08005c37   Thumb Code    16  rtudiv10.o(.text)
    __user_libspace                          0x08005c49   Thumb Code     8  libspace.o(.text)
    __user_perproc_libspace                  0x08005c49   Thumb Code     0  libspace.o(.text)
    __user_perthread_libspace                0x08005c49   Thumb Code     0  libspace.o(.text)
    __sig_exit                               0x08005c51   Thumb Code    10  defsig_exit.o(.text)
    __rt_SIGABRT_inner                       0x08005c5d   Thumb Code    14  defsig_abrt_inner.o(.text)
    strcmp                                   0x08005c8d   Thumb Code   128  strcmpv7m.o(.text)
    __user_setup_stackheap                   0x08005d0d   Thumb Code    74  sys_stackheap_outer.o(.text)
    exit                                     0x08005d57   Thumb Code    12  exit.o(.text)
    __default_signal_display                 0x08005d63   Thumb Code    50  defsig_general.o(.text)
    __rt_fp_status_addr                      0x08005d95   Thumb Code    12  rt_fp_status_addr_intlibspace.o(.text)
    _get_lc_ctype                            0x08005da1   Thumb Code    44  lc_ctype_c.o(locale$$code)
    _fp_init                                 0x08005dcd   Thumb Code    14  fpinit.o(x$fpl$fpinit)
    __fplib_config_pureend_doubles           0x08005dd9   Thumb Code     0  fpinit.o(x$fpl$fpinit)
    OSUnMapTbl                               0x08005dda   Data         256  ucos_ii.o(.constdata)
    COM_WordLength                           0x08005ef0   Data           4  uart_drv.o(.constdata)
    COM_TX_PIN                               0x08005ef4   Data           6  uart_drv.o(.constdata)
    COM_RX_PIN                               0x08005efa   Data           6  uart_drv.o(.constdata)
    COM_Parity                               0x08005f00   Data           6  uart_drv.o(.constdata)
    COM_StopBits                             0x08005f06   Data           8  uart_drv.o(.constdata)
    COM_HwFlowControl                        0x08005f0e   Data           8  uart_drv.o(.constdata)
    COM_USART_CLK                            0x08005f18   Data          12  uart_drv.o(.constdata)
    COM_POR_CLK                              0x08005f24   Data          12  uart_drv.o(.constdata)
    _monlen                                  0x08005f41   Data          12  _monlen.o(.constdata)
    Region$$Table$$Base                      0x08005f7c   Number         0  anon$$obj.o(Region$$Table)
    Region$$Table$$Limit                     0x08005f9c   Number         0  anon$$obj.o(Region$$Table)
    __ctype                                  0x08005fa9   Data           0  lc_ctype_c.o(locale$$data)
    OSCPUUsage                               0x20000004   Data           1  ucos_ii.o(.data)
    OSStatRdy                                0x20000005   Data           1  ucos_ii.o(.data)
    OSIntNesting                             0x20000006   Data           1  ucos_ii.o(.data)
    OSLockNesting                            0x20000007   Data           1  ucos_ii.o(.data)
    OSPrioCur                                0x20000008   Data           1  ucos_ii.o(.data)
    OSPrioHighRdy                            0x20000009   Data           1  ucos_ii.o(.data)
    OSRdyGrp                                 0x2000000a   Data           1  ucos_ii.o(.data)
    OSRunning                                0x2000000b   Data           1  ucos_ii.o(.data)
    OSTaskCtr                                0x2000000c   Data           1  ucos_ii.o(.data)
    OSTickStepState                          0x2000000d   Data           1  ucos_ii.o(.data)
    OSTmrFree                                0x2000000e   Data           2  ucos_ii.o(.data)
    OSTmrUsed                                0x20000010   Data           2  ucos_ii.o(.data)
    OSCtxSwCtr                               0x20000014   Data           4  ucos_ii.o(.data)
    OSEventFreeList                          0x20000018   Data           4  ucos_ii.o(.data)
    OSIdleCtrMax                             0x2000001c   Data           4  ucos_ii.o(.data)
    OSIdleCtrRun                             0x20000020   Data           4  ucos_ii.o(.data)
    OSRdyTbl                                 0x20000024   Data           4  ucos_ii.o(.data)
    OSIdleCtr                                0x20000028   Data           4  ucos_ii.o(.data)
    OSTCBCur                                 0x2000002c   Data           4  ucos_ii.o(.data)
    OSTCBFreeList                            0x20000030   Data           4  ucos_ii.o(.data)
    OSTCBHighRdy                             0x20000034   Data           4  ucos_ii.o(.data)
    OSTCBList                                0x20000038   Data           4  ucos_ii.o(.data)
    OSMemFreeList                            0x2000003c   Data           4  ucos_ii.o(.data)
    OSQFreeList                              0x20000040   Data           4  ucos_ii.o(.data)
    OSTime                                   0x20000044   Data           4  ucos_ii.o(.data)
    OSTmrTime                                0x20000048   Data           4  ucos_ii.o(.data)
    OSTmrSem                                 0x2000004c   Data           4  ucos_ii.o(.data)
    OSTmrSemSignal                           0x20000050   Data           4  ucos_ii.o(.data)
    OSTmrFreeList                            0x20000054   Data           4  ucos_ii.o(.data)
    tim_arr_val                              0x20000068   Data           2  tmr_drv.o(.data)
    hwtm_2nd_isr                             0x2000006c   Data           4  tmr_drv.o(.data)
    usart1_send_position                     0x20000070   Data           4  uart_drv.o(.data)
    usart2_send_position                     0x20000074   Data           4  uart_drv.o(.data)
    COM_USART                                0x20000078   Data          12  uart_drv.o(.data)
    COM_PORT                                 0x20000084   Data          12  uart_drv.o(.data)
    __stdout                                 0x20000090   Data           8  retarget.o(.data)
    user_tasks                               0x2000009c   Data         176  main.o(.data)
    OSEventTbl                               0x2000014c   Data        1024  ucos_ii.o(.bss)
    OSTaskStatStk                            0x2000054c   Data         512  ucos_ii.o(.bss)
    OSTaskIdleStk                            0x2000074c   Data         512  ucos_ii.o(.bss)
    OSTCBPrioTbl                             0x2000094c   Data         128  ucos_ii.o(.bss)
    OSTCBTbl                                 0x200009cc   Data        1936  ucos_ii.o(.bss)
    OSMemTbl                                 0x2000115c   Data         576  ucos_ii.o(.bss)
    OSQTbl                                   0x2000139c   Data         384  ucos_ii.o(.bss)
    OSTmrTbl                                 0x2000151c   Data         832  ucos_ii.o(.bss)
    OSTmrTaskStk                             0x2000185c   Data         512  ucos_ii.o(.bss)
    OSTmrWheelTbl                            0x20001a5c   Data          64  ucos_ii.o(.bss)
    uart1_buff                               0x20001a9c   Data          20  uart_drv.o(.bss)
    uart2_buff                               0x20001ab0   Data          20  uart_drv.o(.bss)
    App_TaskMonitorStk                       0x20001ac4   Data        2048  monitor.o(.bss)
    App_TaskLedStk                           0x200022c4   Data         512  app_led.o(.bss)
    __libspace_start                         0x200024c4   Data          96  libspace.o(.bss)
    __temporary_stack_top$libspace           0x20002524   Data           0  libspace.o(.bss)



==============================================================================

Memory Map of the image

  Image Entry point : 0x080000ed

  Load Region LR_IROM1 (Base: 0x08000000, Size: 0x000061f8, Max: 0x00080000, ABSOLUTE, COMPRESSED[0x0000610c])

    Execution Region ER_IROM1 (Base: 0x08000000, Size: 0x000060ac, Max: 0x00080000, ABSOLUTE)

    Base Addr    Size         Type   Attr      Idx    E Section Name        Object

    0x08000000   0x000000ec   Data   RO          121    RESET               stm32f10x_vector.o
    0x080000ec   0x00000008   Code   RO          943  * !!!main             __main.o(c_w.l)
    0x080000f4   0x00000034   Code   RO         1136    !!!scatter          __scatter.o(c_w.l)
    0x08000128   0x0000005a   Code   RO         1134    !!dczerorl2         __dczerorl2.o(c_w.l)
    0x08000182   0x00000002   PAD
    0x08000184   0x0000001c   Code   RO         1138    !!handler_zi        __scatter_zi.o(c_w.l)
    0x080001a0   0x00000000   Code   RO          919    .ARM.Collect$$_printf_percent$$00000000  _printf_percent.o(c_w.l)
    0x080001a0   0x00000006   Code   RO          917    .ARM.Collect$$_printf_percent$$00000009  _printf_d.o(c_w.l)
    0x080001a6   0x00000006   Code   RO          913    .ARM.Collect$$_printf_percent$$00000014  _printf_s.o(c_w.l)
    0x080001ac   0x00000004   Code   RO          960    .ARM.Collect$$_printf_percent$$00000017  _printf_percent_end.o(c_w.l)
    0x080001b0   0x00000006   Code   RO         1070    .ARM.Collect$$libinit$$00000000  libinit.o(c_w.l)
    0x080001b6   0x00000000   Code   RO          978    .ARM.Collect$$libinit$$00000006  libinit2.o(c_w.l)
    0x080001b6   0x00000000   Code   RO          980    .ARM.Collect$$libinit$$00000008  libinit2.o(c_w.l)
    0x080001b6   0x00000000   Code   RO          982    .ARM.Collect$$libinit$$0000000A  libinit2.o(c_w.l)
    0x080001b6   0x00000006   Code   RO          983    .ARM.Collect$$libinit$$0000000B  libinit2.o(c_w.l)
    0x080001bc   0x00000000   Code   RO          985    .ARM.Collect$$libinit$$0000000D  libinit2.o(c_w.l)
    0x080001bc   0x0000000c   Code   RO          986    .ARM.Collect$$libinit$$0000000E  libinit2.o(c_w.l)
    0x080001c8   0x00000000   Code   RO          987    .ARM.Collect$$libinit$$0000000F  libinit2.o(c_w.l)
    0x080001c8   0x00000000   Code   RO          989    .ARM.Collect$$libinit$$00000011  libinit2.o(c_w.l)
    0x080001c8   0x00000000   Code   RO          991    .ARM.Collect$$libinit$$00000013  libinit2.o(c_w.l)
    0x080001c8   0x00000000   Code   RO          993    .ARM.Collect$$libinit$$00000015  libinit2.o(c_w.l)
    0x080001c8   0x00000000   Code   RO          995    .ARM.Collect$$libinit$$00000017  libinit2.o(c_w.l)
    0x080001c8   0x00000000   Code   RO          997    .ARM.Collect$$libinit$$00000019  libinit2.o(c_w.l)
    0x080001c8   0x00000000   Code   RO          999    .ARM.Collect$$libinit$$0000001B  libinit2.o(c_w.l)
    0x080001c8   0x00000000   Code   RO         1001    .ARM.Collect$$libinit$$0000001D  libinit2.o(c_w.l)
    0x080001c8   0x00000000   Code   RO         1003    .ARM.Collect$$libinit$$0000001F  libinit2.o(c_w.l)
    0x080001c8   0x00000000   Code   RO         1005    .ARM.Collect$$libinit$$00000021  libinit2.o(c_w.l)
    0x080001c8   0x00000000   Code   RO         1009    .ARM.Collect$$libinit$$00000028  libinit2.o(c_w.l)
    0x080001c8   0x00000000   Code   RO         1011    .ARM.Collect$$libinit$$0000002A  libinit2.o(c_w.l)
    0x080001c8   0x00000000   Code   RO         1013    .ARM.Collect$$libinit$$0000002C  libinit2.o(c_w.l)
    0x080001c8   0x00000000   Code   RO         1015    .ARM.Collect$$libinit$$0000002E  libinit2.o(c_w.l)
    0x080001c8   0x00000002   Code   RO         1016    .ARM.Collect$$libinit$$0000002F  libinit2.o(c_w.l)
    0x080001ca   0x00000002   Code   RO         1116    .ARM.Collect$$libshutdown$$00000000  libshutdown.o(c_w.l)
    0x080001cc   0x00000000   Code   RO         1119    .ARM.Collect$$libshutdown$$00000003  libshutdown2.o(c_w.l)
    0x080001cc   0x00000000   Code   RO         1122    .ARM.Collect$$libshutdown$$00000006  libshutdown2.o(c_w.l)
    0x080001cc   0x00000000   Code   RO         1125    .ARM.Collect$$libshutdown$$00000009  libshutdown2.o(c_w.l)
    0x080001cc   0x00000000   Code   RO         1127    .ARM.Collect$$libshutdown$$0000000B  libshutdown2.o(c_w.l)
    0x080001cc   0x00000000   Code   RO         1130    .ARM.Collect$$libshutdown$$0000000E  libshutdown2.o(c_w.l)
    0x080001cc   0x00000002   Code   RO         1131    .ARM.Collect$$libshutdown$$0000000F  libshutdown2.o(c_w.l)
    0x080001ce   0x00000000   Code   RO          945    .ARM.Collect$$rtentry$$00000000  rtentry.o(c_w.l)
    0x080001ce   0x00000000   Code   RO         1021    .ARM.Collect$$rtentry$$00000002  rtentry2.o(c_w.l)
    0x080001ce   0x00000006   Code   RO         1036    .ARM.Collect$$rtentry$$00000004  rtentry4.o(c_w.l)
    0x080001d4   0x00000000   Code   RO         1023    .ARM.Collect$$rtentry$$00000009  rtentry2.o(c_w.l)
    0x080001d4   0x00000004   Code   RO         1024    .ARM.Collect$$rtentry$$0000000A  rtentry2.o(c_w.l)
    0x080001d8   0x00000000   Code   RO         1026    .ARM.Collect$$rtentry$$0000000C  rtentry2.o(c_w.l)
    0x080001d8   0x00000008   Code   RO         1027    .ARM.Collect$$rtentry$$0000000D  rtentry2.o(c_w.l)
    0x080001e0   0x00000002   Code   RO         1073    .ARM.Collect$$rtexit$$00000000  rtexit.o(c_w.l)
    0x080001e2   0x00000000   Code   RO         1086    .ARM.Collect$$rtexit$$00000002  rtexit2.o(c_w.l)
    0x080001e2   0x00000004   Code   RO         1087    .ARM.Collect$$rtexit$$00000003  rtexit2.o(c_w.l)
    0x080001e6   0x00000006   Code   RO         1088    .ARM.Collect$$rtexit$$00000004  rtexit2.o(c_w.l)
    0x080001ec   0x0000006e   Code   RO            1    .text               cortexm3_macro.o
    0x0800025a   0x00000002   PAD
    0x0800025c   0x000001b4   Code   RO            6    .text               stm32f10x_it.o
    0x08000410   0x00000024   Code   RO          122    .text               stm32f10x_vector.o
    0x08000434   0x000000a8   Code   RO          126    .text               os_cpu_a.o
    0x080004dc   0x000001d8   Code   RO          129    .text               os_cpu_c.o
    0x080006b4   0x00000002   Code   RO          154    .text               os_dbg.o
    0x080006b6   0x00000002   PAD
    0x080006b8   0x00002a8c   Code   RO          169    .text               ucos_ii.o
    0x08003144   0x000003e8   Code   RO          205    .text               stm32f10x_flash.o
    0x0800352c   0x00000238   Code   RO          232    .text               stm32f10x_gpio.o
    0x08003764   0x00000304   Code   RO          313    .text               stm32f10x_nvic.o
    0x08003a68   0x000002b8   Code   RO          325    .text               stm32f10x_rcc.o
    0x08003d20   0x000002d8   Code   RO          339    .text               stm32f10x_usart.o
    0x08003ff8   0x000000a8   Code   RO          351    .text               stm32f10x_pwr.o
    0x080040a0   0x0000088a   Code   RO          411    .text               stm32f10x_tim.o
    0x0800492a   0x00000002   PAD
    0x0800492c   0x00000324   Code   RO          436    .text               stm32f10x_adc.o
    0x08004c50   0x000000a0   Code   RO          448    .text               stm32f10x_bkp.o
    0x08004cf0   0x00000110   Code   RO          460    .text               stm32f10x_rtc.o
    0x08004e00   0x000000d0   Code   RO          485    .text               led.o
    0x08004ed0   0x000000d0   Code   RO          565    .text               adc.o
    0x08004fa0   0x000000f0   Code   RO          584    .text               rtc.o
    0x08005090   0x00000138   Code   RO          602    .text               tmr_drv.o
    0x080051c8   0x000000cc   Code   RO          627    .text               drv_init.o
    0x08005294   0x00000032   Code   RO          642    .text               gpio.o
    0x080052c6   0x00000002   PAD
    0x080052c8   0x00000230   Code   RO          654    .text               uart_drv.o
    0x080054f8   0x00000040   Code   RO          692    .text               retarget.o
    0x08005538   0x00000064   Code   RO          724    .text               main.o
    0x0800559c   0x0000000e   Code   RO          756    .text               com_init.o
    0x080055aa   0x00000002   PAD
    0x080055ac   0x00000030   Code   RO          771    .text               monitor.o
    0x080055dc   0x0000009e   Code   RO          791    .text               app_led.o
    0x0800567a   0x00000002   PAD
    0x0800567c   0x0000003c   Code   RO          806    .text               app_hook.o
    0x080056b8   0x00000002   Code   RO          844    .text               use_no_semi.o(c_w.l)
    0x080056ba   0x00000002   PAD
    0x080056bc   0x00000010   Code   RO          846    .text               rt_ctype_table.o(c_w.l)
    0x080056cc   0x00000020   Code   RO          852    .text               noretval__2printf.o(c_w.l)
    0x080056ec   0x00000052   Code   RO          860    .text               _printf_str.o(c_w.l)
    0x0800573e   0x00000002   PAD
    0x08005740   0x00000074   Code   RO          862    .text               _printf_dec.o(c_w.l)
    0x080057b4   0x000001a0   Code   RO          909    .text               __printf_flags_ss_wp.o(c_w.l)
    0x08005954   0x00000010   Code   RO          925    .text               abort.o(c_w.l)
    0x08005964   0x000001a0   Code   RO          939    .text               mktime.o(c_w.l)
    0x08005b04   0x00000006   Code   RO          941    .text               heapauxi.o(c_w.l)
    0x08005b0a   0x00000002   PAD
    0x08005b0c   0x0000000c   Code   RO          950    .text               rt_locale_intlibspace.o(c_w.l)
    0x08005b18   0x000000b4   Code   RO          952    .text               _printf_intcommon.o(c_w.l)
    0x08005bcc   0x00000030   Code   RO          954    .text               _printf_char_common.o(c_w.l)
    0x08005bfc   0x0000002c   Code   RO          956    .text               _printf_char.o(c_w.l)
    0x08005c28   0x0000000e   Code   RO          967    .text               defsig_abrt_outer.o(c_w.l)
    0x08005c36   0x00000010   Code   RO          974    .text               rtudiv10.o(c_w.l)
    0x08005c46   0x00000002   PAD
    0x08005c48   0x00000008   Code   RO         1017    .text               libspace.o(c_w.l)
    0x08005c50   0x0000000a   Code   RO         1042    .text               defsig_exit.o(c_w.l)
    0x08005c5a   0x00000002   PAD
    0x08005c5c   0x00000030   Code   RO         1044    .text               defsig_abrt_inner.o(c_w.l)
    0x08005c8c   0x00000080   Code   RO         1048    .text               strcmpv7m.o(c_w.l)
    0x08005d0c   0x0000004a   Code   RO         1052    .text               sys_stackheap_outer.o(c_w.l)
    0x08005d56   0x0000000c   Code   RO         1054    .text               exit.o(c_w.l)
    0x08005d62   0x00000032   Code   RO         1058    .text               defsig_general.o(c_w.l)
    0x08005d94   0x0000000c   Code   RO         1096    .text               rt_fp_status_addr_intlibspace.o(c_w.l)
    0x08005da0   0x0000002c   Code   RO          965    locale$$code        lc_ctype_c.o(c_w.l)
    0x08005dcc   0x0000000e   Code   RO         1083    x$fpl$fpinit        fpinit.o(fz_ws.l)
    0x08005dda   0x00000100   Data   RO          171    .constdata          ucos_ii.o
    0x08005eda   0x00000014   Data   RO          326    .constdata          stm32f10x_rcc.o
    0x08005eee   0x00000002   PAD
    0x08005ef0   0x00000040   Data   RO          656    .constdata          uart_drv.o
    0x08005f30   0x00000011   Data   RO          910    .constdata          __printf_flags_ss_wp.o(c_w.l)
    0x08005f41   0x0000000c   Data   RO          973    .constdata          _monlen.o(c_w.l)
    0x08005f4d   0x0000002e   Data   RO          725    .conststring        main.o
    0x08005f7b   0x00000001   PAD
    0x08005f7c   0x00000020   Data   RO         1132    Region$$Table       anon$$obj.o
    0x08005f9c   0x00000110   Data   RO          964    locale$$data        lc_ctype_c.o(c_w.l)


    Execution Region RW_IRAM1 (Base: 0x20000000, Size: 0x00002928, Max: 0x00010000, ABSOLUTE, COMPRESSED[0x00000060])

    Base Addr    Size         Type   Attr      Idx    E Section Name        Object

    0x20000000   0x00000002   Data   RW          130    .data               os_cpu_c.o
    0x20000002   0x00000002   PAD
    0x20000004   0x00000054   Data   RW          172    .data               ucos_ii.o
    0x20000058   0x00000010   Data   RW          486    .data               led.o
    0x20000068   0x00000008   Data   RW          603    .data               tmr_drv.o
    0x20000070   0x00000020   Data   RW          657    .data               uart_drv.o
    0x20000090   0x00000008   Data   RW          696    .data               retarget.o
    0x20000098   0x00000004   Data   RW          699    .data               retarget.o
    0x2000009c   0x000000b0   Data   RW          726    .data               main.o
    0x2000014c   0x00001950   Zero   RW          170    .bss                ucos_ii.o
    0x20001a9c   0x00000028   Zero   RW          655    .bss                uart_drv.o
    0x20001ac4   0x00000800   Zero   RW          772    .bss                monitor.o
    0x200022c4   0x00000200   Zero   RW          792    .bss                app_led.o
    0x200024c4   0x00000060   Zero   RW         1018    .bss                libspace.o(c_w.l)
    0x20002524   0x00000004   PAD
    0x20002528   0x00000200   Zero   RW          120    HEAP                stm32f10x_vector.o
    0x20002728   0x00000200   Zero   RW          119    STACK               stm32f10x_vector.o


    Execution Region RW_RAM1 (Base: 0x68000000, Size: 0x00000000, Max: 0x00020000, ABSOLUTE)

    **** No section assigned to this execution region ****


==============================================================================

Image component sizes


      Code (inc. data)   RO Data    RW Data    ZI Data      Debug   Object Name

       208         26          0          0          0       1431   adc.o
        60         12          0          0          0       1247   app_hook.o
       158          0          0          0        512        939   app_led.o
        14          0          0          0          0        417   com_init.o
       110          0          0          0          0        316   cortexm3_macro.o
       204          0          0          0          0       1746   drv_init.o
        50          0          0          0          0        940   gpio.o
       208          8          0         16          0       2510   led.o
       100          6         46        176          0       2073   main.o
        48          6          0          0       2048       1981   monitor.o
       168         40          0          0          0        328   os_cpu_a.o
       472         76          0          2          0      14325   os_cpu_c.o
         2          0          0          0          0        450   os_dbg.o
        64          6          0         12          0       3072   retarget.o
       240         14          0          0          0       2316   rtc.o
       804         24          0          0          0      10789   stm32f10x_adc.o
       160         32          0          0          0       2240   stm32f10x_bkp.o
      1000         24          0          0          0     189678   stm32f10x_flash.o
       568         16          0          0          0      19255   stm32f10x_gpio.o
       436         16          0          0          0      20038   stm32f10x_it.o
         0          0          0          0          0      44244   stm32f10x_lib.o
       772         32          0          0          0       7200   stm32f10x_nvic.o
       168         18          0          0          0       1843   stm32f10x_pwr.o
       696         50         20          0          0       8588   stm32f10x_rcc.o
       272         28          0          0          0       3092   stm32f10x_rtc.o
      2186         16          0          0          0      24682   stm32f10x_tim.o
       728         12          0          0          0       7843   stm32f10x_usart.o
        36         22        236          0       1024        276   stm32f10x_vector.o
       312          6          0          8          0       2495   tmr_drv.o
       560         20         64         32         40       3387   uart_drv.o
     10892        208        256         84       6480      56060   ucos_ii.o

    ----------------------------------------------------------------------
     21708        718        657        332      10104     435801   Object Totals
         0          0         32          0          0          0   (incl. Generated)
        12          0          3          2          0          3   (incl. Padding)

    ----------------------------------------------------------------------

      Code (inc. data)   RO Data    RW Data    ZI Data      Debug   Library Member Name

        90          0          0          0          0          0   __dczerorl2.o
         8          0          0          0          0         68   __main.o
       416          4         17          0          0         88   __printf_flags_ss_wp.o
        52          8          0          0          0          0   __scatter.o
        28          0          0          0          0          0   __scatter_zi.o
         0          0         12          0          0          0   _monlen.o
        44          0          0          0          0        108   _printf_char.o
        48          4          0          0          0         96   _printf_char_common.o
         6          0          0          0          0          0   _printf_d.o
       116         18          0          0          0         92   _printf_dec.o
       180          0          0          0          0         88   _printf_intcommon.o
         0          0          0          0          0          0   _printf_percent.o
         4          0          0          0          0          0   _printf_percent_end.o
         6          0          0          0          0          0   _printf_s.o
        82          0          0          0          0         80   _printf_str.o
        16          0          0          0          0         68   abort.o
        48         34          0          0          0         76   defsig_abrt_inner.o
        14          0          0          0          0         80   defsig_abrt_outer.o
        10          0          0          0          0         68   defsig_exit.o
        50          0          0          0          0         84   defsig_general.o
        12          0          0          0          0         68   exit.o
        14          0          0          0          0         76   fpinit.o
         6          0          0          0          0        148   heapauxi.o
        44         10        272          0          0         76   lc_ctype_c.o
         6          0          0          0          0          0   libinit.o
        20          0          0          0          0          0   libinit2.o
         2          0          0          0          0          0   libshutdown.o
         2          0          0          0          0          0   libshutdown2.o
         8          4          0          0         96         68   libspace.o
       416         10          0          0          0        116   mktime.o
        32          8          0          0          0         80   noretval__2printf.o
        16          6          0          0          0         76   rt_ctype_table.o
        12          6          0          0          0         68   rt_fp_status_addr_intlibspace.o
        12          6          0          0          0         68   rt_locale_intlibspace.o
         0          0          0          0          0          0   rtentry.o
        12          0          0          0          0          0   rtentry2.o
         6          0          0          0          0          0   rtentry4.o
         2          0          0          0          0          0   rtexit.o
        10          0          0          0          0          0   rtexit2.o
        16          0          0          0          0         68   rtudiv10.o
       128          2          0          0          0         68   strcmpv7m.o
        74          0          0          0          0         80   sys_stackheap_outer.o
         2          0          0          0          0         68   use_no_semi.o

    ----------------------------------------------------------------------
      2082        120        301          0        100       2124   Library Totals
        12          0          0          0          4          0   (incl. Padding)

    ----------------------------------------------------------------------

      Code (inc. data)   RO Data    RW Data    ZI Data      Debug   Library Name

      2056        120        301          0         96       2048   c_w.l
        14          0          0          0          0         76   fz_ws.l

    ----------------------------------------------------------------------
      2082        120        301          0        100       2124   Library Totals

    ----------------------------------------------------------------------

==============================================================================


      Code (inc. data)   RO Data    RW Data    ZI Data      Debug   

     23790        838        958        332      10204     433028   Grand Totals
     23790        838        958         96      10204     433028   ELF Image Totals (compressed)
     23790        838        958         96          0          0   ROM Totals

==============================================================================

    Total RO  Size (Code + RO Data)                24748 (  24.17kB)
    Total RW  Size (RW Data + ZI Data)             10536 (  10.29kB)
    Total ROM Size (Code + RO Data + RW Data)      24844 (  24.26kB)

==============================================================================

